<!doctype html public "-//w3c//dtd html 4.0 transitional//en">
<html><head>
<title>Static Call Graph - [Transforming_Swerve_King_Gimbal\Transforming_Swerve_King_Gimbal.axf]</title></head>
<body><HR>
<H1>Static Call Graph for image Transforming_Swerve_King_Gimbal\Transforming_Swerve_King_Gimbal.axf</H1><HR>
<BR><P>#&#060CALLGRAPH&#062# ARM Linker, 6210000: Last Updated: Wed Jul  8 17:11:48 2026
<BR><P>
<H3>Maximum Stack Usage =        680 bytes + Unknown(Cycles, Untraceable Function Pointers)</H3><H3>
Call chain for Maximum Stack Depth:</H3>
main &rArr; GimbalUpdate &rArr; BSP::CTRL::GimbalController::Update(BSP::JOINT::JointManager&, BSP::MOTOR::DM::DM4310*, BSP::MOTOR::DM::DM4340*) &rArr; BSP::CTRL::JointController::Compute(float, float, float) &rArr; PID::GetPidPos(Kpid_t, double, double, double) &rArr; __aeabi_dadd &rArr; _double_epilogue &rArr; _double_round
<P>
<H3>
Mutually Recursive functions
</H3> <LI><a href="#[1c]">ADC_IRQHandler</a>&nbsp;&nbsp;&nbsp;&rArr;&nbsp;&nbsp;&nbsp;<a href="#[1c]">ADC_IRQHandler</a><BR>
</UL>
<P>
<H3>
Function Pointers
</H3><UL>
 <LI><a href="#[1c]">ADC_IRQHandler</a> from startup_stm32f407xx.o(.text) referenced from startup_stm32f407xx.o(RESET)
 <LI><a href="#[4]">BusFault_Handler</a> from stm32f4xx_it.o(.text.BusFault_Handler) referenced from startup_stm32f407xx.o(RESET)
 <LI><a href="#[1e]">CAN1_RX0_IRQHandler</a> from stm32f4xx_it.o(.text.CAN1_RX0_IRQHandler) referenced from startup_stm32f407xx.o(RESET)
 <LI><a href="#[1f]">CAN1_RX1_IRQHandler</a> from stm32f4xx_it.o(.text.CAN1_RX1_IRQHandler) referenced from startup_stm32f407xx.o(RESET)
 <LI><a href="#[20]">CAN1_SCE_IRQHandler</a> from startup_stm32f407xx.o(.text) referenced from startup_stm32f407xx.o(RESET)
 <LI><a href="#[1d]">CAN1_TX_IRQHandler</a> from startup_stm32f407xx.o(.text) referenced from startup_stm32f407xx.o(RESET)
 <LI><a href="#[4a]">CAN2_RX0_IRQHandler</a> from stm32f4xx_it.o(.text.CAN2_RX0_IRQHandler) referenced from startup_stm32f407xx.o(RESET)
 <LI><a href="#[4b]">CAN2_RX1_IRQHandler</a> from stm32f4xx_it.o(.text.CAN2_RX1_IRQHandler) referenced from startup_stm32f407xx.o(RESET)
 <LI><a href="#[4c]">CAN2_SCE_IRQHandler</a> from startup_stm32f407xx.o(.text) referenced from startup_stm32f407xx.o(RESET)
 <LI><a href="#[49]">CAN2_TX_IRQHandler</a> from startup_stm32f407xx.o(.text) referenced from startup_stm32f407xx.o(RESET)
 <LI><a href="#[58]">DCMI_IRQHandler</a> from startup_stm32f407xx.o(.text) referenced from startup_stm32f407xx.o(RESET)
 <LI><a href="#[15]">DMA1_Stream0_IRQHandler</a> from startup_stm32f407xx.o(.text) referenced from startup_stm32f407xx.o(RESET)
 <LI><a href="#[16]">DMA1_Stream1_IRQHandler</a> from startup_stm32f407xx.o(.text) referenced from startup_stm32f407xx.o(RESET)
 <LI><a href="#[17]">DMA1_Stream2_IRQHandler</a> from startup_stm32f407xx.o(.text) referenced from startup_stm32f407xx.o(RESET)
 <LI><a href="#[18]">DMA1_Stream3_IRQHandler</a> from startup_stm32f407xx.o(.text) referenced from startup_stm32f407xx.o(RESET)
 <LI><a href="#[19]">DMA1_Stream4_IRQHandler</a> from startup_stm32f407xx.o(.text) referenced from startup_stm32f407xx.o(RESET)
 <LI><a href="#[1a]">DMA1_Stream5_IRQHandler</a> from startup_stm32f407xx.o(.text) referenced from startup_stm32f407xx.o(RESET)
 <LI><a href="#[1b]">DMA1_Stream6_IRQHandler</a> from startup_stm32f407xx.o(.text) referenced from startup_stm32f407xx.o(RESET)
 <LI><a href="#[39]">DMA1_Stream7_IRQHandler</a> from startup_stm32f407xx.o(.text) referenced from startup_stm32f407xx.o(RESET)
 <LI><a href="#[42]">DMA2_Stream0_IRQHandler</a> from startup_stm32f407xx.o(.text) referenced from startup_stm32f407xx.o(RESET)
 <LI><a href="#[43]">DMA2_Stream1_IRQHandler</a> from stm32f4xx_it.o(.text.DMA2_Stream1_IRQHandler) referenced from startup_stm32f407xx.o(RESET)
 <LI><a href="#[44]">DMA2_Stream2_IRQHandler</a> from startup_stm32f407xx.o(.text) referenced from startup_stm32f407xx.o(RESET)
 <LI><a href="#[45]">DMA2_Stream3_IRQHandler</a> from startup_stm32f407xx.o(.text) referenced from startup_stm32f407xx.o(RESET)
 <LI><a href="#[46]">DMA2_Stream4_IRQHandler</a> from startup_stm32f407xx.o(.text) referenced from startup_stm32f407xx.o(RESET)
 <LI><a href="#[4e]">DMA2_Stream5_IRQHandler</a> from startup_stm32f407xx.o(.text) referenced from startup_stm32f407xx.o(RESET)
 <LI><a href="#[4f]">DMA2_Stream6_IRQHandler</a> from stm32f4xx_it.o(.text.DMA2_Stream6_IRQHandler) referenced from startup_stm32f407xx.o(RESET)
 <LI><a href="#[50]">DMA2_Stream7_IRQHandler</a> from startup_stm32f407xx.o(.text) referenced from startup_stm32f407xx.o(RESET)
 <LI><a href="#[7]">DebugMon_Handler</a> from stm32f4xx_it.o(.text.DebugMon_Handler) referenced from startup_stm32f407xx.o(RESET)
 <LI><a href="#[47]">ETH_IRQHandler</a> from startup_stm32f407xx.o(.text) referenced from startup_stm32f407xx.o(RESET)
 <LI><a href="#[48]">ETH_WKUP_IRQHandler</a> from startup_stm32f407xx.o(.text) referenced from startup_stm32f407xx.o(RESET)
 <LI><a href="#[10]">EXTI0_IRQHandler</a> from startup_stm32f407xx.o(.text) referenced from startup_stm32f407xx.o(RESET)
 <LI><a href="#[32]">EXTI15_10_IRQHandler</a> from startup_stm32f407xx.o(.text) referenced from startup_stm32f407xx.o(RESET)
 <LI><a href="#[11]">EXTI1_IRQHandler</a> from startup_stm32f407xx.o(.text) referenced from startup_stm32f407xx.o(RESET)
 <LI><a href="#[12]">EXTI2_IRQHandler</a> from startup_stm32f407xx.o(.text) referenced from startup_stm32f407xx.o(RESET)
 <LI><a href="#[13]">EXTI3_IRQHandler</a> from startup_stm32f407xx.o(.text) referenced from startup_stm32f407xx.o(RESET)
 <LI><a href="#[14]">EXTI4_IRQHandler</a> from startup_stm32f407xx.o(.text) referenced from startup_stm32f407xx.o(RESET)
 <LI><a href="#[21]">EXTI9_5_IRQHandler</a> from startup_stm32f407xx.o(.text) referenced from startup_stm32f407xx.o(RESET)
 <LI><a href="#[e]">FLASH_IRQHandler</a> from startup_stm32f407xx.o(.text) referenced from startup_stm32f407xx.o(RESET)
 <LI><a href="#[3a]">FMC_IRQHandler</a> from startup_stm32f407xx.o(.text) referenced from startup_stm32f407xx.o(RESET)
 <LI><a href="#[5a]">FPU_IRQHandler</a> from startup_stm32f407xx.o(.text) referenced from startup_stm32f407xx.o(RESET)
 <LI><a href="#[59]">HASH_RNG_IRQHandler</a> from startup_stm32f407xx.o(.text) referenced from startup_stm32f407xx.o(RESET)
 <LI><a href="#[2]">HardFault_Handler</a> from stm32f4xx_it.o(.text.HardFault_Handler) referenced from startup_stm32f407xx.o(RESET)
 <LI><a href="#[2a]">I2C1_ER_IRQHandler</a> from startup_stm32f407xx.o(.text) referenced from startup_stm32f407xx.o(RESET)
 <LI><a href="#[29]">I2C1_EV_IRQHandler</a> from startup_stm32f407xx.o(.text) referenced from startup_stm32f407xx.o(RESET)
 <LI><a href="#[2c]">I2C2_ER_IRQHandler</a> from startup_stm32f407xx.o(.text) referenced from startup_stm32f407xx.o(RESET)
 <LI><a href="#[2b]">I2C2_EV_IRQHandler</a> from startup_stm32f407xx.o(.text) referenced from startup_stm32f407xx.o(RESET)
 <LI><a href="#[53]">I2C3_ER_IRQHandler</a> from startup_stm32f407xx.o(.text) referenced from startup_stm32f407xx.o(RESET)
 <LI><a href="#[52]">I2C3_EV_IRQHandler</a> from startup_stm32f407xx.o(.text) referenced from startup_stm32f407xx.o(RESET)
 <LI><a href="#[3]">MemManage_Handler</a> from stm32f4xx_it.o(.text.MemManage_Handler) referenced from startup_stm32f407xx.o(RESET)
 <LI><a href="#[1]">NMI_Handler</a> from stm32f4xx_it.o(.text.NMI_Handler) referenced from startup_stm32f407xx.o(RESET)
 <LI><a href="#[4d]">OTG_FS_IRQHandler</a> from startup_stm32f407xx.o(.text) referenced from startup_stm32f407xx.o(RESET)
 <LI><a href="#[34]">OTG_FS_WKUP_IRQHandler</a> from startup_stm32f407xx.o(.text) referenced from startup_stm32f407xx.o(RESET)
 <LI><a href="#[55]">OTG_HS_EP1_IN_IRQHandler</a> from startup_stm32f407xx.o(.text) referenced from startup_stm32f407xx.o(RESET)
 <LI><a href="#[54]">OTG_HS_EP1_OUT_IRQHandler</a> from startup_stm32f407xx.o(.text) referenced from startup_stm32f407xx.o(RESET)
 <LI><a href="#[57]">OTG_HS_IRQHandler</a> from startup_stm32f407xx.o(.text) referenced from startup_stm32f407xx.o(RESET)
 <LI><a href="#[56]">OTG_HS_WKUP_IRQHandler</a> from startup_stm32f407xx.o(.text) referenced from startup_stm32f407xx.o(RESET)
 <LI><a href="#[b]">PVD_IRQHandler</a> from startup_stm32f407xx.o(.text) referenced from startup_stm32f407xx.o(RESET)
 <LI><a href="#[8]">PendSV_Handler</a> from stm32f4xx_it.o(.text.PendSV_Handler) referenced from startup_stm32f407xx.o(RESET)
 <LI><a href="#[f]">RCC_IRQHandler</a> from startup_stm32f407xx.o(.text) referenced from startup_stm32f407xx.o(RESET)
 <LI><a href="#[33]">RTC_Alarm_IRQHandler</a> from startup_stm32f407xx.o(.text) referenced from startup_stm32f407xx.o(RESET)
 <LI><a href="#[d]">RTC_WKUP_IRQHandler</a> from startup_stm32f407xx.o(.text) referenced from startup_stm32f407xx.o(RESET)
 <LI><a href="#[0]">Reset_Handler</a> from startup_stm32f407xx.o(.text) referenced from startup_stm32f407xx.o(RESET)
 <LI><a href="#[3b]">SDIO_IRQHandler</a> from startup_stm32f407xx.o(.text) referenced from startup_stm32f407xx.o(RESET)
 <LI><a href="#[2d]">SPI1_IRQHandler</a> from startup_stm32f407xx.o(.text) referenced from startup_stm32f407xx.o(RESET)
 <LI><a href="#[2e]">SPI2_IRQHandler</a> from startup_stm32f407xx.o(.text) referenced from startup_stm32f407xx.o(RESET)
 <LI><a href="#[3d]">SPI3_IRQHandler</a> from startup_stm32f407xx.o(.text) referenced from startup_stm32f407xx.o(RESET)
 <LI><a href="#[6]">SVC_Handler</a> from stm32f4xx_it.o(.text.SVC_Handler) referenced from startup_stm32f407xx.o(RESET)
 <LI><a href="#[9]">SysTick_Handler</a> from stm32f4xx_it.o(.text.SysTick_Handler) referenced from startup_stm32f407xx.o(RESET)
 <LI><a href="#[5c]">SystemInit</a> from system_stm32f4xx.o(.text.SystemInit) referenced from startup_stm32f407xx.o(.text)
 <LI><a href="#[c]">TAMP_STAMP_IRQHandler</a> from startup_stm32f407xx.o(.text) referenced from startup_stm32f407xx.o(RESET)
 <LI><a href="#[22]">TIM1_BRK_TIM9_IRQHandler</a> from startup_stm32f407xx.o(.text) referenced from startup_stm32f407xx.o(RESET)
 <LI><a href="#[25]">TIM1_CC_IRQHandler</a> from startup_stm32f407xx.o(.text) referenced from startup_stm32f407xx.o(RESET)
 <LI><a href="#[24]">TIM1_TRG_COM_TIM11_IRQHandler</a> from startup_stm32f407xx.o(.text) referenced from startup_stm32f407xx.o(RESET)
 <LI><a href="#[23]">TIM1_UP_TIM10_IRQHandler</a> from startup_stm32f407xx.o(.text) referenced from startup_stm32f407xx.o(RESET)
 <LI><a href="#[26]">TIM2_IRQHandler</a> from startup_stm32f407xx.o(.text) referenced from startup_stm32f407xx.o(RESET)
 <LI><a href="#[27]">TIM3_IRQHandler</a> from startup_stm32f407xx.o(.text) referenced from startup_stm32f407xx.o(RESET)
 <LI><a href="#[28]">TIM4_IRQHandler</a> from startup_stm32f407xx.o(.text) referenced from startup_stm32f407xx.o(RESET)
 <LI><a href="#[3c]">TIM5_IRQHandler</a> from startup_stm32f407xx.o(.text) referenced from startup_stm32f407xx.o(RESET)
 <LI><a href="#[40]">TIM6_DAC_IRQHandler</a> from startup_stm32f407xx.o(.text) referenced from startup_stm32f407xx.o(RESET)
 <LI><a href="#[41]">TIM7_IRQHandler</a> from startup_stm32f407xx.o(.text) referenced from startup_stm32f407xx.o(RESET)
 <LI><a href="#[35]">TIM8_BRK_TIM12_IRQHandler</a> from startup_stm32f407xx.o(.text) referenced from startup_stm32f407xx.o(RESET)
 <LI><a href="#[38]">TIM8_CC_IRQHandler</a> from startup_stm32f407xx.o(.text) referenced from startup_stm32f407xx.o(RESET)
 <LI><a href="#[37]">TIM8_TRG_COM_TIM14_IRQHandler</a> from startup_stm32f407xx.o(.text) referenced from startup_stm32f407xx.o(RESET)
 <LI><a href="#[36]">TIM8_UP_TIM13_IRQHandler</a> from startup_stm32f407xx.o(.text) referenced from startup_stm32f407xx.o(RESET)
 <LI><a href="#[3e]">UART4_IRQHandler</a> from startup_stm32f407xx.o(.text) referenced from startup_stm32f407xx.o(RESET)
 <LI><a href="#[3f]">UART5_IRQHandler</a> from startup_stm32f407xx.o(.text) referenced from startup_stm32f407xx.o(RESET)
 <LI><a href="#[60]">UART_DMAAbortOnError</a> from stm32f4xx_hal_uart.o(.text.UART_DMAAbortOnError) referenced 2 times from stm32f4xx_hal_uart.o(.text.HAL_UART_IRQHandler)
 <LI><a href="#[63]">UART_DMAError</a> from stm32f4xx_hal_uart.o(.text.UART_DMAError) referenced 2 times from stm32f4xx_hal_uart.o(.text.HAL_UART_Transmit_DMA)
 <LI><a href="#[61]">UART_DMATransmitCplt</a> from stm32f4xx_hal_uart.o(.text.UART_DMATransmitCplt) referenced 2 times from stm32f4xx_hal_uart.o(.text.HAL_UART_Transmit_DMA)
 <LI><a href="#[62]">UART_DMATxHalfCplt</a> from stm32f4xx_hal_uart.o(.text.UART_DMATxHalfCplt) referenced 2 times from stm32f4xx_hal_uart.o(.text.HAL_UART_Transmit_DMA)
 <LI><a href="#[2f]">USART1_IRQHandler</a> from startup_stm32f407xx.o(.text) referenced from startup_stm32f407xx.o(RESET)
 <LI><a href="#[30]">USART2_IRQHandler</a> from startup_stm32f407xx.o(.text) referenced from startup_stm32f407xx.o(RESET)
 <LI><a href="#[31]">USART3_IRQHandler</a> from stm32f4xx_it.o(.text.USART3_IRQHandler) referenced from startup_stm32f407xx.o(RESET)
 <LI><a href="#[51]">USART6_IRQHandler</a> from stm32f4xx_it.o(.text.USART6_IRQHandler) referenced from startup_stm32f407xx.o(RESET)
 <LI><a href="#[5]">UsageFault_Handler</a> from stm32f4xx_it.o(.text.UsageFault_Handler) referenced from startup_stm32f407xx.o(RESET)
 <LI><a href="#[a]">WWDG_IRQHandler</a> from startup_stm32f407xx.o(.text) referenced from startup_stm32f407xx.o(RESET)
 <LI><a href="#[86]">_GLOBAL__sub_I_GimbalInit.cpp</a> from gimbalinit.o(.text._GLOBAL__sub_I_GimbalInit.cpp) referenced from gimbalinit.o(.init_array)
 <LI><a href="#[87]">_GLOBAL__sub_I_Vofa.cpp</a> from vofa.o(.text._GLOBAL__sub_I_Vofa.cpp) referenced from vofa.o(.init_array)
 <LI><a href="#[6b]">BSP::MOTOR::DM::DMMotorBase&lang;(unsigned char)1&rang;::Parse(HAL::CAN::Frame const&)</a> from gimbalinit.o(.text._ZN3BSP5MOTOR2DM11DMMotorBaseILh1EE5ParseERKN3HAL3CAN5FrameE) referenced from gimbalinit.o(.rodata._ZTVN3BSP5MOTOR2DM11DMMotorBaseILh1EEE)
 <LI><a href="#[6b]">BSP::MOTOR::DM::DMMotorBase&lang;(unsigned char)1&rang;::Parse(HAL::CAN::Frame const&)</a> from gimbalinit.o(.text._ZN3BSP5MOTOR2DM11DMMotorBaseILh1EE5ParseERKN3HAL3CAN5FrameE) referenced from gimbalinit.o(.rodata._ZTVN3BSP5MOTOR2DM6DM4340E)
 <LI><a href="#[6a]">BSP::MOTOR::DM::DMMotorBase&lang;(unsigned char)1&rang;::~DMMotorBase__deallocating()</a> from gimbalinit.o(.text._ZN3BSP5MOTOR2DM11DMMotorBaseILh1EED0Ev) referenced from gimbalinit.o(.rodata._ZTVN3BSP5MOTOR2DM11DMMotorBaseILh1EEE)
 <LI><a href="#[69]">BSP::MOTOR::DM::DMMotorBase&lang;(unsigned char)1&rang;::~DMMotorBase__sub_object()</a> from gimbalinit.o(.text._ZN3BSP5MOTOR2DM11DMMotorBaseILh1EED2Ev) referenced from gimbalinit.o(.rodata._ZTVN3BSP5MOTOR2DM11DMMotorBaseILh1EEE)
 <LI><a href="#[6e]">BSP::MOTOR::DM::DMMotorBase&lang;(unsigned char)2&rang;::Parse(HAL::CAN::Frame const&)</a> from gimbalinit.o(.text._ZN3BSP5MOTOR2DM11DMMotorBaseILh2EE5ParseERKN3HAL3CAN5FrameE) referenced from gimbalinit.o(.rodata._ZTVN3BSP5MOTOR2DM11DMMotorBaseILh2EEE)
 <LI><a href="#[6e]">BSP::MOTOR::DM::DMMotorBase&lang;(unsigned char)2&rang;::Parse(HAL::CAN::Frame const&)</a> from gimbalinit.o(.text._ZN3BSP5MOTOR2DM11DMMotorBaseILh2EE5ParseERKN3HAL3CAN5FrameE) referenced from gimbalinit.o(.rodata._ZTVN3BSP5MOTOR2DM6DM4310E)
 <LI><a href="#[6d]">BSP::MOTOR::DM::DMMotorBase&lang;(unsigned char)2&rang;::~DMMotorBase__deallocating()</a> from gimbalinit.o(.text._ZN3BSP5MOTOR2DM11DMMotorBaseILh2EED0Ev) referenced from gimbalinit.o(.rodata._ZTVN3BSP5MOTOR2DM11DMMotorBaseILh2EEE)
 <LI><a href="#[6c]">BSP::MOTOR::DM::DMMotorBase&lang;(unsigned char)2&rang;::~DMMotorBase__sub_object()</a> from gimbalinit.o(.text._ZN3BSP5MOTOR2DM11DMMotorBaseILh2EED2Ev) referenced from gimbalinit.o(.rodata._ZTVN3BSP5MOTOR2DM11DMMotorBaseILh2EEE)
 <LI><a href="#[6f]">BSP::MOTOR::DM::DM4310::~DM4310__deallocating()</a> from gimbalinit.o(.text._ZN3BSP5MOTOR2DM6DM4310D0Ev) referenced from gimbalinit.o(.rodata._ZTVN3BSP5MOTOR2DM6DM4310E)
 <LI><a href="#[5e]">BSP::MOTOR::DM::DM4310::~DM4310__sub_object()</a> from gimbalinit.o(.text._ZN3BSP5MOTOR2DM6DM4310D2Ev) referenced from gimbalinit.o(.rodata._ZTVN3BSP5MOTOR2DM6DM4310E)
 <LI><a href="#[5e]">BSP::MOTOR::DM::DM4310::~DM4310__sub_object()</a> from gimbalinit.o(.text._ZN3BSP5MOTOR2DM6DM4310D2Ev) referenced 2 times from gimbalinit.o(.text.GimbalInit)
 <LI><a href="#[70]">BSP::MOTOR::DM::DM4340::~DM4340__deallocating()</a> from gimbalinit.o(.text._ZN3BSP5MOTOR2DM6DM4340D0Ev) referenced from gimbalinit.o(.rodata._ZTVN3BSP5MOTOR2DM6DM4340E)
 <LI><a href="#[5f]">BSP::MOTOR::DM::DM4340::~DM4340__sub_object()</a> from gimbalinit.o(.text._ZN3BSP5MOTOR2DM6DM4340D2Ev) referenced from gimbalinit.o(.rodata._ZTVN3BSP5MOTOR2DM6DM4340E)
 <LI><a href="#[5f]">BSP::MOTOR::DM::DM4340::~DM4340__sub_object()</a> from gimbalinit.o(.text._ZN3BSP5MOTOR2DM6DM4340D2Ev) referenced 2 times from gimbalinit.o(.text.GimbalInit)
 <LI><a href="#[72]">BSP::MOTOR::MotorBase&lang;(unsigned char)1&rang;::~MotorBase__deallocating()</a> from gimbalinit.o(.text._ZN3BSP5MOTOR9MotorBaseILh1EED0Ev) referenced from gimbalinit.o(.rodata._ZTVN3BSP5MOTOR9MotorBaseILh1EEE)
 <LI><a href="#[71]">BSP::MOTOR::MotorBase&lang;(unsigned char)1&rang;::~MotorBase__sub_object()</a> from gimbalinit.o(.text._ZN3BSP5MOTOR9MotorBaseILh1EED2Ev) referenced from gimbalinit.o(.rodata._ZTVN3BSP5MOTOR9MotorBaseILh1EEE)
 <LI><a href="#[75]">BSP::MOTOR::MotorBase&lang;(unsigned char)2&rang;::~MotorBase__deallocating()</a> from gimbalinit.o(.text._ZN3BSP5MOTOR9MotorBaseILh2EED0Ev) referenced from gimbalinit.o(.rodata._ZTVN3BSP5MOTOR9MotorBaseILh2EEE)
 <LI><a href="#[74]">BSP::MOTOR::MotorBase&lang;(unsigned char)2&rang;::~MotorBase__sub_object()</a> from gimbalinit.o(.text._ZN3BSP5MOTOR9MotorBaseILh2EED2Ev) referenced from gimbalinit.o(.rodata._ZTVN3BSP5MOTOR9MotorBaseILh2EEE)
 <LI><a href="#[77]">HAL::CAN::ICanDevice::~ICanDevice__deallocating()</a> from can_device_impl.o(.text._ZN3HAL3CAN10ICanDeviceD0Ev) referenced from can_device_impl.o(.rodata._ZTVN3HAL3CAN10ICanDeviceE)
 <LI><a href="#[76]">HAL::CAN::ICanDevice::~ICanDevice__sub_object()</a> from can_device_impl.o(.text._ZN3HAL3CAN10ICanDeviceD2Ev) referenced from can_device_impl.o(.rodata._ZTVN3HAL3CAN10ICanDeviceE)
 <LI><a href="#[79]">HAL::CAN::CanBus::get_device(HAL::CAN::CanDeviceId)</a> from can_bus_impl.o(.text._ZN3HAL3CAN6CanBus10get_deviceENS0_11CanDeviceIdE) referenced from can_bus_impl.o(.rodata._ZTVN3HAL3CAN6CanBusE)
 <LI><a href="#[78]">HAL::CAN::CanBus::~CanBus__deallocating()</a> from can_bus_impl.o(.text._ZN3HAL3CAN6CanBusD0Ev) referenced from can_bus_impl.o(.rodata._ZTVN3HAL3CAN6CanBusE)
 <LI><a href="#[64]">HAL::CAN::CanBus::~CanBus__sub_object()</a> from can_bus_impl.o(.text._ZN3HAL3CAN6CanBusD2Ev) referenced from can_bus_impl.o(.rodata._ZTVN3HAL3CAN6CanBusE)
 <LI><a href="#[64]">HAL::CAN::CanBus::~CanBus__sub_object()</a> from can_bus_impl.o(.text._ZN3HAL3CAN6CanBusD2Ev) referenced 2 times from can_bus_impl.o(.text._ZN3HAL3CAN6CanBus8instanceEv)
 <LI><a href="#[7c]">HAL::CAN::ICanBus::~ICanBus__deallocating()</a> from can_bus_impl.o(.text._ZN3HAL3CAN7ICanBusD0Ev) referenced from can_bus_impl.o(.rodata._ZTVN3HAL3CAN7ICanBusE)
 <LI><a href="#[7b]">HAL::CAN::ICanBus::~ICanBus__sub_object()</a> from can_bus_impl.o(.text._ZN3HAL3CAN7ICanBusD2Ev) referenced from can_bus_impl.o(.rodata._ZTVN3HAL3CAN7ICanBusE)
 <LI><a href="#[84]">HAL::CAN::CanDevice::register_rx_callback(std::__2::function&lang;void (HAL::CAN::Frame const&)&rang;)</a> from can_device_impl.o(.text._ZN3HAL3CAN9CanDevice20register_rx_callbackENSt3__28functionIFvRKNS0_5FrameEEEE) referenced from can_device_impl.o(.rodata._ZTVN3HAL3CAN9CanDeviceE)
 <LI><a href="#[85]">HAL::CAN::CanDevice::trigger_rx_callbacks(HAL::CAN::Frame const&)</a> from can_device_impl.o(.text._ZN3HAL3CAN9CanDevice20trigger_rx_callbacksERKNS0_5FrameE) referenced from can_device_impl.o(.rodata._ZTVN3HAL3CAN9CanDeviceE)
 <LI><a href="#[7f]">HAL::CAN::CanDevice::init()</a> from can_device_impl.o(.text._ZN3HAL3CAN9CanDevice4initEv) referenced from can_device_impl.o(.rodata._ZTVN3HAL3CAN9CanDeviceE)
 <LI><a href="#[81]">HAL::CAN::CanDevice::send(HAL::CAN::Frame const&)</a> from can_device_impl.o(.text._ZN3HAL3CAN9CanDevice4sendERKNS0_5FrameE) referenced from can_device_impl.o(.rodata._ZTVN3HAL3CAN9CanDeviceE)
 <LI><a href="#[80]">HAL::CAN::CanDevice::start()</a> from can_device_impl.o(.text._ZN3HAL3CAN9CanDevice5startEv) referenced from can_device_impl.o(.rodata._ZTVN3HAL3CAN9CanDeviceE)
 <LI><a href="#[82]">HAL::CAN::CanDevice::receive(HAL::CAN::Frame&)</a> from can_device_impl.o(.text._ZN3HAL3CAN9CanDevice7receiveERNS0_5FrameE) referenced from can_device_impl.o(.rodata._ZTVN3HAL3CAN9CanDeviceE)
 <LI><a href="#[7e]">HAL::CAN::CanDevice::~CanDevice__deallocating()</a> from can_device_impl.o(.text._ZN3HAL3CAN9CanDeviceD0Ev) referenced from can_device_impl.o(.rodata._ZTVN3HAL3CAN9CanDeviceE)
 <LI><a href="#[7d]">HAL::CAN::CanDevice::~CanDevice__sub_object()</a> from can_device_impl.o(.text._ZN3HAL3CAN9CanDeviceD2Ev) referenced from can_device_impl.o(.rodata._ZTVN3HAL3CAN9CanDeviceE)
 <LI><a href="#[7a]">HAL::CAN::CanBus::has_device(HAL::CAN::CanDeviceId) const</a> from can_bus_impl.o(.text._ZNK3HAL3CAN6CanBus10has_deviceENS0_11CanDeviceIdE) referenced from can_bus_impl.o(.rodata._ZTVN3HAL3CAN6CanBusE)
 <LI><a href="#[83]">HAL::CAN::CanDevice::get_handle() const</a> from can_device_impl.o(.text._ZNK3HAL3CAN9CanDevice10get_handleEv) referenced from can_device_impl.o(.rodata._ZTVN3HAL3CAN9CanDeviceE)
 <LI><a href="#[65]">void std::__2::__function::__policy_invoker&lang;void (HAL::CAN::Frame const&)&rang;::__call_impl[abi:v180000]&lang;std::__2::__function::__default_alloc_func&lang;GimbalInit::$_0, void (HAL::CAN::Frame const&)&rang;&rang;(std::__2::__function::__policy_storage const*, HAL::CAN::Frame const&)</a> from gimbalinit.o(.text._ZNSt3__210__function16__policy_invokerIFvRKN3HAL3CAN5FrameEEE11__call_implB7v180000INS0_20__default_alloc_funcIZ10GimbalInitE3$_0S7_EEEEvPKNS0_16__policy_storageES6_) referenced 2 times from gimbalinit.o(.text._ZNSt3__210__function16__policy_invokerIFvRKN3HAL3CAN5FrameEEE8__createB7v180000INS0_20__default_alloc_funcIZ10GimbalInitE3$_0S7_EEEES8_v)
 <LI><a href="#[66]">void std::__2::__function::__policy_invoker&lang;void (HAL::CAN::Frame const&)&rang;::__call_impl[abi:v180000]&lang;std::__2::__function::__default_alloc_func&lang;GimbalInit::$_1, void (HAL::CAN::Frame const&)&rang;&rang;(std::__2::__function::__policy_storage const*, HAL::CAN::Frame const&)</a> from gimbalinit.o(.text._ZNSt3__210__function16__policy_invokerIFvRKN3HAL3CAN5FrameEEE11__call_implB7v180000INS0_20__default_alloc_funcIZ10GimbalInitE3$_1S7_EEEEvPKNS0_16__policy_storageES6_) referenced 2 times from gimbalinit.o(.text._ZNSt3__210__function16__policy_invokerIFvRKN3HAL3CAN5FrameEEE8__createB7v180000INS0_20__default_alloc_funcIZ10GimbalInitE3$_1S7_EEEES8_v)
 <LI><a href="#[67]">std::__2::__function::__policy_invoker&lang;void (HAL::CAN::Frame const&)&rang;::__call_empty[abi:v180000](std::__2::__function::__policy_storage const*, HAL::CAN::Frame const&)</a> from gimbalinit.o(.text._ZNSt3__210__function16__policy_invokerIFvRKN3HAL3CAN5FrameEEE12__call_emptyB7v180000EPKNS0_16__policy_storageES6_) referenced 2 times from gimbalinit.o(.text._ZNSt3__210__function16__policy_invokerIFvRKN3HAL3CAN5FrameEEEC2B7v180000Ev)
 <LI><a href="#[73]">__cxa_pure_virtual</a> from cxa_virtual.cpp.o(.text.__cxa_pure_virtual) referenced from gimbalinit.o(.rodata._ZTVN3BSP5MOTOR9MotorBaseILh1EEE)
 <LI><a href="#[73]">__cxa_pure_virtual</a> from cxa_virtual.cpp.o(.text.__cxa_pure_virtual) referenced from gimbalinit.o(.rodata._ZTVN3BSP5MOTOR9MotorBaseILh2EEE)
 <LI><a href="#[73]">__cxa_pure_virtual</a> from cxa_virtual.cpp.o(.text.__cxa_pure_virtual) referenced 7 times from can_device_impl.o(.rodata._ZTVN3HAL3CAN10ICanDeviceE)
 <LI><a href="#[73]">__cxa_pure_virtual</a> from cxa_virtual.cpp.o(.text.__cxa_pure_virtual) referenced 2 times from can_bus_impl.o(.rodata._ZTVN3HAL3CAN7ICanBusE)
 <LI><a href="#[5d]">__main</a> from entry.o(.ARM.Collect$$$$00000000) referenced from startup_stm32f407xx.o(.text)
 <LI><a href="#[68]">fputc</a> from fputc.o(i.fputc) referenced from printfa.o(i.__0vfprintf)
 <LI><a href="#[5b]">main</a> from main.o(.text.main) referenced from entry9a.o(.ARM.Collect$$$$0000000B)
</UL>
<P>
<H3>
Global Symbols
</H3>
<P><STRONG><a name="[5d]"></a>__main</STRONG> (Thumb, 0 bytes, Stack size unknown bytes, entry.o(.ARM.Collect$$$$00000000))
<BR>[Address Reference Count : 1]<UL><LI> startup_stm32f407xx.o(.text)
</UL>
<P><STRONG><a name="[1f6]"></a>_main_stk</STRONG> (Thumb, 0 bytes, Stack size unknown bytes, entry2.o(.ARM.Collect$$$$00000001))

<P><STRONG><a name="[89]"></a>_main_scatterload</STRONG> (Thumb, 0 bytes, Stack size unknown bytes, entry5.o(.ARM.Collect$$$$00000004))
<BR><BR>[Calls]<UL><LI><a href="#[8a]">&gt;&gt;</a>&nbsp;&nbsp;&nbsp;__scatterload
</UL>

<P><STRONG><a name="[a1]"></a>__main_after_scatterload</STRONG> (Thumb, 0 bytes, Stack size unknown bytes, entry5.o(.ARM.Collect$$$$00000004))
<BR><BR>[Called By]<UL><LI><a href="#[8a]">&gt;&gt;</a>&nbsp;&nbsp;&nbsp;__scatterload
</UL>

<P><STRONG><a name="[1f7]"></a>_main_clock</STRONG> (Thumb, 0 bytes, Stack size unknown bytes, entry7b.o(.ARM.Collect$$$$00000008))

<P><STRONG><a name="[8b]"></a>_main_cpp_init$empty</STRONG> (Thumb, 0 bytes, Stack size unknown bytes, entry8a.o(.ARM.Collect$$$$00000009))
<BR><BR>[Stack]<UL><LI>Max Depth = 24 + Unknown Stack Size
<LI>Call Chain = _main_cpp_init$empty &rArr; __cpp_initialize__aeabi_
</UL>
<BR>[Calls]<UL><LI><a href="#[88]">&gt;&gt;</a>&nbsp;&nbsp;&nbsp;__cpp_initialize__aeabi_
</UL>

<P><STRONG><a name="[1f8]"></a>_main_cpp_init</STRONG> (Thumb, 0 bytes, Stack size unknown bytes, entry8b.o(.ARM.Collect$$$$0000000A))

<P><STRONG><a name="[1f9]"></a>_main_init</STRONG> (Thumb, 0 bytes, Stack size unknown bytes, entry9a.o(.ARM.Collect$$$$0000000B))

<P><STRONG><a name="[1fa]"></a>__rt_final_cpp</STRONG> (Thumb, 0 bytes, Stack size unknown bytes, entry10a.o(.ARM.Collect$$$$0000000D))

<P><STRONG><a name="[8c]"></a>__rt_final_cpp$nonempty</STRONG> (Thumb, 0 bytes, Stack size unknown bytes, entry10b.o(.ARM.Collect$$$$0000000E))
<BR><BR>[Stack]<UL><LI>Max Depth = 32 + Unknown Stack Size
<LI>Call Chain = __rt_final_cpp$nonempty &rArr; __cxa_finalize &rArr; free
</UL>
<BR>[Calls]<UL><LI><a href="#[8d]">&gt;&gt;</a>&nbsp;&nbsp;&nbsp;__cxa_finalize
</UL>

<P><STRONG><a name="[1fb]"></a>__rt_final_exit</STRONG> (Thumb, 0 bytes, Stack size unknown bytes, entry11a.o(.ARM.Collect$$$$0000000F))

<P><STRONG><a name="[0]"></a>Reset_Handler</STRONG> (Thumb, 8 bytes, Stack size 0 bytes, startup_stm32f407xx.o(.text))
<BR>[Address Reference Count : 1]<UL><LI> startup_stm32f407xx.o(RESET)
</UL>
<P><STRONG><a name="[1c]"></a>ADC_IRQHandler</STRONG> (Thumb, 0 bytes, Stack size 0 bytes, startup_stm32f407xx.o(.text))
<BR><BR>[Calls]<UL><LI><a href="#[1c]">&gt;&gt;</a>&nbsp;&nbsp;&nbsp;ADC_IRQHandler
</UL>
<BR>[Called By]<UL><LI><a href="#[1c]">&gt;&gt;</a>&nbsp;&nbsp;&nbsp;ADC_IRQHandler
</UL>
<BR>[Address Reference Count : 1]<UL><LI> startup_stm32f407xx.o(RESET)
</UL>
<P><STRONG><a name="[20]"></a>CAN1_SCE_IRQHandler</STRONG> (Thumb, 0 bytes, Stack size 0 bytes, startup_stm32f407xx.o(.text))
<BR>[Address Reference Count : 1]<UL><LI> startup_stm32f407xx.o(RESET)
</UL>
<P><STRONG><a name="[1d]"></a>CAN1_TX_IRQHandler</STRONG> (Thumb, 0 bytes, Stack size 0 bytes, startup_stm32f407xx.o(.text))
<BR>[Address Reference Count : 1]<UL><LI> startup_stm32f407xx.o(RESET)
</UL>
<P><STRONG><a name="[4c]"></a>CAN2_SCE_IRQHandler</STRONG> (Thumb, 0 bytes, Stack size 0 bytes, startup_stm32f407xx.o(.text))
<BR>[Address Reference Count : 1]<UL><LI> startup_stm32f407xx.o(RESET)
</UL>
<P><STRONG><a name="[49]"></a>CAN2_TX_IRQHandler</STRONG> (Thumb, 0 bytes, Stack size 0 bytes, startup_stm32f407xx.o(.text))
<BR>[Address Reference Count : 1]<UL><LI> startup_stm32f407xx.o(RESET)
</UL>
<P><STRONG><a name="[58]"></a>DCMI_IRQHandler</STRONG> (Thumb, 0 bytes, Stack size 0 bytes, startup_stm32f407xx.o(.text))
<BR>[Address Reference Count : 1]<UL><LI> startup_stm32f407xx.o(RESET)
</UL>
<P><STRONG><a name="[15]"></a>DMA1_Stream0_IRQHandler</STRONG> (Thumb, 0 bytes, Stack size 0 bytes, startup_stm32f407xx.o(.text))
<BR>[Address Reference Count : 1]<UL><LI> startup_stm32f407xx.o(RESET)
</UL>
<P><STRONG><a name="[16]"></a>DMA1_Stream1_IRQHandler</STRONG> (Thumb, 0 bytes, Stack size 0 bytes, startup_stm32f407xx.o(.text))
<BR>[Address Reference Count : 1]<UL><LI> startup_stm32f407xx.o(RESET)
</UL>
<P><STRONG><a name="[17]"></a>DMA1_Stream2_IRQHandler</STRONG> (Thumb, 0 bytes, Stack size 0 bytes, startup_stm32f407xx.o(.text))
<BR>[Address Reference Count : 1]<UL><LI> startup_stm32f407xx.o(RESET)
</UL>
<P><STRONG><a name="[18]"></a>DMA1_Stream3_IRQHandler</STRONG> (Thumb, 0 bytes, Stack size 0 bytes, startup_stm32f407xx.o(.text))
<BR>[Address Reference Count : 1]<UL><LI> startup_stm32f407xx.o(RESET)
</UL>
<P><STRONG><a name="[19]"></a>DMA1_Stream4_IRQHandler</STRONG> (Thumb, 0 bytes, Stack size 0 bytes, startup_stm32f407xx.o(.text))
<BR>[Address Reference Count : 1]<UL><LI> startup_stm32f407xx.o(RESET)
</UL>
<P><STRONG><a name="[1a]"></a>DMA1_Stream5_IRQHandler</STRONG> (Thumb, 0 bytes, Stack size 0 bytes, startup_stm32f407xx.o(.text))
<BR>[Address Reference Count : 1]<UL><LI> startup_stm32f407xx.o(RESET)
</UL>
<P><STRONG><a name="[1b]"></a>DMA1_Stream6_IRQHandler</STRONG> (Thumb, 0 bytes, Stack size 0 bytes, startup_stm32f407xx.o(.text))
<BR>[Address Reference Count : 1]<UL><LI> startup_stm32f407xx.o(RESET)
</UL>
<P><STRONG><a name="[39]"></a>DMA1_Stream7_IRQHandler</STRONG> (Thumb, 0 bytes, Stack size 0 bytes, startup_stm32f407xx.o(.text))
<BR>[Address Reference Count : 1]<UL><LI> startup_stm32f407xx.o(RESET)
</UL>
<P><STRONG><a name="[42]"></a>DMA2_Stream0_IRQHandler</STRONG> (Thumb, 0 bytes, Stack size 0 bytes, startup_stm32f407xx.o(.text))
<BR>[Address Reference Count : 1]<UL><LI> startup_stm32f407xx.o(RESET)
</UL>
<P><STRONG><a name="[44]"></a>DMA2_Stream2_IRQHandler</STRONG> (Thumb, 0 bytes, Stack size 0 bytes, startup_stm32f407xx.o(.text))
<BR>[Address Reference Count : 1]<UL><LI> startup_stm32f407xx.o(RESET)
</UL>
<P><STRONG><a name="[45]"></a>DMA2_Stream3_IRQHandler</STRONG> (Thumb, 0 bytes, Stack size 0 bytes, startup_stm32f407xx.o(.text))
<BR>[Address Reference Count : 1]<UL><LI> startup_stm32f407xx.o(RESET)
</UL>
<P><STRONG><a name="[46]"></a>DMA2_Stream4_IRQHandler</STRONG> (Thumb, 0 bytes, Stack size 0 bytes, startup_stm32f407xx.o(.text))
<BR>[Address Reference Count : 1]<UL><LI> startup_stm32f407xx.o(RESET)
</UL>
<P><STRONG><a name="[4e]"></a>DMA2_Stream5_IRQHandler</STRONG> (Thumb, 0 bytes, Stack size 0 bytes, startup_stm32f407xx.o(.text))
<BR>[Address Reference Count : 1]<UL><LI> startup_stm32f407xx.o(RESET)
</UL>
<P><STRONG><a name="[50]"></a>DMA2_Stream7_IRQHandler</STRONG> (Thumb, 0 bytes, Stack size 0 bytes, startup_stm32f407xx.o(.text))
<BR>[Address Reference Count : 1]<UL><LI> startup_stm32f407xx.o(RESET)
</UL>
<P><STRONG><a name="[47]"></a>ETH_IRQHandler</STRONG> (Thumb, 0 bytes, Stack size 0 bytes, startup_stm32f407xx.o(.text))
<BR>[Address Reference Count : 1]<UL><LI> startup_stm32f407xx.o(RESET)
</UL>
<P><STRONG><a name="[48]"></a>ETH_WKUP_IRQHandler</STRONG> (Thumb, 0 bytes, Stack size 0 bytes, startup_stm32f407xx.o(.text))
<BR>[Address Reference Count : 1]<UL><LI> startup_stm32f407xx.o(RESET)
</UL>
<P><STRONG><a name="[10]"></a>EXTI0_IRQHandler</STRONG> (Thumb, 0 bytes, Stack size 0 bytes, startup_stm32f407xx.o(.text))
<BR>[Address Reference Count : 1]<UL><LI> startup_stm32f407xx.o(RESET)
</UL>
<P><STRONG><a name="[32]"></a>EXTI15_10_IRQHandler</STRONG> (Thumb, 0 bytes, Stack size 0 bytes, startup_stm32f407xx.o(.text))
<BR>[Address Reference Count : 1]<UL><LI> startup_stm32f407xx.o(RESET)
</UL>
<P><STRONG><a name="[11]"></a>EXTI1_IRQHandler</STRONG> (Thumb, 0 bytes, Stack size 0 bytes, startup_stm32f407xx.o(.text))
<BR>[Address Reference Count : 1]<UL><LI> startup_stm32f407xx.o(RESET)
</UL>
<P><STRONG><a name="[12]"></a>EXTI2_IRQHandler</STRONG> (Thumb, 0 bytes, Stack size 0 bytes, startup_stm32f407xx.o(.text))
<BR>[Address Reference Count : 1]<UL><LI> startup_stm32f407xx.o(RESET)
</UL>
<P><STRONG><a name="[13]"></a>EXTI3_IRQHandler</STRONG> (Thumb, 0 bytes, Stack size 0 bytes, startup_stm32f407xx.o(.text))
<BR>[Address Reference Count : 1]<UL><LI> startup_stm32f407xx.o(RESET)
</UL>
<P><STRONG><a name="[14]"></a>EXTI4_IRQHandler</STRONG> (Thumb, 0 bytes, Stack size 0 bytes, startup_stm32f407xx.o(.text))
<BR>[Address Reference Count : 1]<UL><LI> startup_stm32f407xx.o(RESET)
</UL>
<P><STRONG><a name="[21]"></a>EXTI9_5_IRQHandler</STRONG> (Thumb, 0 bytes, Stack size 0 bytes, startup_stm32f407xx.o(.text))
<BR>[Address Reference Count : 1]<UL><LI> startup_stm32f407xx.o(RESET)
</UL>
<P><STRONG><a name="[e]"></a>FLASH_IRQHandler</STRONG> (Thumb, 0 bytes, Stack size 0 bytes, startup_stm32f407xx.o(.text))
<BR>[Address Reference Count : 1]<UL><LI> startup_stm32f407xx.o(RESET)
</UL>
<P><STRONG><a name="[3a]"></a>FMC_IRQHandler</STRONG> (Thumb, 0 bytes, Stack size 0 bytes, startup_stm32f407xx.o(.text))
<BR>[Address Reference Count : 1]<UL><LI> startup_stm32f407xx.o(RESET)
</UL>
<P><STRONG><a name="[5a]"></a>FPU_IRQHandler</STRONG> (Thumb, 0 bytes, Stack size 0 bytes, startup_stm32f407xx.o(.text))
<BR>[Address Reference Count : 1]<UL><LI> startup_stm32f407xx.o(RESET)
</UL>
<P><STRONG><a name="[59]"></a>HASH_RNG_IRQHandler</STRONG> (Thumb, 0 bytes, Stack size 0 bytes, startup_stm32f407xx.o(.text))
<BR>[Address Reference Count : 1]<UL><LI> startup_stm32f407xx.o(RESET)
</UL>
<P><STRONG><a name="[2a]"></a>I2C1_ER_IRQHandler</STRONG> (Thumb, 0 bytes, Stack size 0 bytes, startup_stm32f407xx.o(.text))
<BR>[Address Reference Count : 1]<UL><LI> startup_stm32f407xx.o(RESET)
</UL>
<P><STRONG><a name="[29]"></a>I2C1_EV_IRQHandler</STRONG> (Thumb, 0 bytes, Stack size 0 bytes, startup_stm32f407xx.o(.text))
<BR>[Address Reference Count : 1]<UL><LI> startup_stm32f407xx.o(RESET)
</UL>
<P><STRONG><a name="[2c]"></a>I2C2_ER_IRQHandler</STRONG> (Thumb, 0 bytes, Stack size 0 bytes, startup_stm32f407xx.o(.text))
<BR>[Address Reference Count : 1]<UL><LI> startup_stm32f407xx.o(RESET)
</UL>
<P><STRONG><a name="[2b]"></a>I2C2_EV_IRQHandler</STRONG> (Thumb, 0 bytes, Stack size 0 bytes, startup_stm32f407xx.o(.text))
<BR>[Address Reference Count : 1]<UL><LI> startup_stm32f407xx.o(RESET)
</UL>
<P><STRONG><a name="[53]"></a>I2C3_ER_IRQHandler</STRONG> (Thumb, 0 bytes, Stack size 0 bytes, startup_stm32f407xx.o(.text))
<BR>[Address Reference Count : 1]<UL><LI> startup_stm32f407xx.o(RESET)
</UL>
<P><STRONG><a name="[52]"></a>I2C3_EV_IRQHandler</STRONG> (Thumb, 0 bytes, Stack size 0 bytes, startup_stm32f407xx.o(.text))
<BR>[Address Reference Count : 1]<UL><LI> startup_stm32f407xx.o(RESET)
</UL>
<P><STRONG><a name="[4d]"></a>OTG_FS_IRQHandler</STRONG> (Thumb, 0 bytes, Stack size 0 bytes, startup_stm32f407xx.o(.text))
<BR>[Address Reference Count : 1]<UL><LI> startup_stm32f407xx.o(RESET)
</UL>
<P><STRONG><a name="[34]"></a>OTG_FS_WKUP_IRQHandler</STRONG> (Thumb, 0 bytes, Stack size 0 bytes, startup_stm32f407xx.o(.text))
<BR>[Address Reference Count : 1]<UL><LI> startup_stm32f407xx.o(RESET)
</UL>
<P><STRONG><a name="[55]"></a>OTG_HS_EP1_IN_IRQHandler</STRONG> (Thumb, 0 bytes, Stack size 0 bytes, startup_stm32f407xx.o(.text))
<BR>[Address Reference Count : 1]<UL><LI> startup_stm32f407xx.o(RESET)
</UL>
<P><STRONG><a name="[54]"></a>OTG_HS_EP1_OUT_IRQHandler</STRONG> (Thumb, 0 bytes, Stack size 0 bytes, startup_stm32f407xx.o(.text))
<BR>[Address Reference Count : 1]<UL><LI> startup_stm32f407xx.o(RESET)
</UL>
<P><STRONG><a name="[57]"></a>OTG_HS_IRQHandler</STRONG> (Thumb, 0 bytes, Stack size 0 bytes, startup_stm32f407xx.o(.text))
<BR>[Address Reference Count : 1]<UL><LI> startup_stm32f407xx.o(RESET)
</UL>
<P><STRONG><a name="[56]"></a>OTG_HS_WKUP_IRQHandler</STRONG> (Thumb, 0 bytes, Stack size 0 bytes, startup_stm32f407xx.o(.text))
<BR>[Address Reference Count : 1]<UL><LI> startup_stm32f407xx.o(RESET)
</UL>
<P><STRONG><a name="[b]"></a>PVD_IRQHandler</STRONG> (Thumb, 0 bytes, Stack size 0 bytes, startup_stm32f407xx.o(.text))
<BR>[Address Reference Count : 1]<UL><LI> startup_stm32f407xx.o(RESET)
</UL>
<P><STRONG><a name="[f]"></a>RCC_IRQHandler</STRONG> (Thumb, 0 bytes, Stack size 0 bytes, startup_stm32f407xx.o(.text))
<BR>[Address Reference Count : 1]<UL><LI> startup_stm32f407xx.o(RESET)
</UL>
<P><STRONG><a name="[33]"></a>RTC_Alarm_IRQHandler</STRONG> (Thumb, 0 bytes, Stack size 0 bytes, startup_stm32f407xx.o(.text))
<BR>[Address Reference Count : 1]<UL><LI> startup_stm32f407xx.o(RESET)
</UL>
<P><STRONG><a name="[d]"></a>RTC_WKUP_IRQHandler</STRONG> (Thumb, 0 bytes, Stack size 0 bytes, startup_stm32f407xx.o(.text))
<BR>[Address Reference Count : 1]<UL><LI> startup_stm32f407xx.o(RESET)
</UL>
<P><STRONG><a name="[3b]"></a>SDIO_IRQHandler</STRONG> (Thumb, 0 bytes, Stack size 0 bytes, startup_stm32f407xx.o(.text))
<BR>[Address Reference Count : 1]<UL><LI> startup_stm32f407xx.o(RESET)
</UL>
<P><STRONG><a name="[2d]"></a>SPI1_IRQHandler</STRONG> (Thumb, 0 bytes, Stack size 0 bytes, startup_stm32f407xx.o(.text))
<BR>[Address Reference Count : 1]<UL><LI> startup_stm32f407xx.o(RESET)
</UL>
<P><STRONG><a name="[2e]"></a>SPI2_IRQHandler</STRONG> (Thumb, 0 bytes, Stack size 0 bytes, startup_stm32f407xx.o(.text))
<BR>[Address Reference Count : 1]<UL><LI> startup_stm32f407xx.o(RESET)
</UL>
<P><STRONG><a name="[3d]"></a>SPI3_IRQHandler</STRONG> (Thumb, 0 bytes, Stack size 0 bytes, startup_stm32f407xx.o(.text))
<BR>[Address Reference Count : 1]<UL><LI> startup_stm32f407xx.o(RESET)
</UL>
<P><STRONG><a name="[c]"></a>TAMP_STAMP_IRQHandler</STRONG> (Thumb, 0 bytes, Stack size 0 bytes, startup_stm32f407xx.o(.text))
<BR>[Address Reference Count : 1]<UL><LI> startup_stm32f407xx.o(RESET)
</UL>
<P><STRONG><a name="[22]"></a>TIM1_BRK_TIM9_IRQHandler</STRONG> (Thumb, 0 bytes, Stack size 0 bytes, startup_stm32f407xx.o(.text))
<BR>[Address Reference Count : 1]<UL><LI> startup_stm32f407xx.o(RESET)
</UL>
<P><STRONG><a name="[25]"></a>TIM1_CC_IRQHandler</STRONG> (Thumb, 0 bytes, Stack size 0 bytes, startup_stm32f407xx.o(.text))
<BR>[Address Reference Count : 1]<UL><LI> startup_stm32f407xx.o(RESET)
</UL>
<P><STRONG><a name="[24]"></a>TIM1_TRG_COM_TIM11_IRQHandler</STRONG> (Thumb, 0 bytes, Stack size 0 bytes, startup_stm32f407xx.o(.text))
<BR>[Address Reference Count : 1]<UL><LI> startup_stm32f407xx.o(RESET)
</UL>
<P><STRONG><a name="[23]"></a>TIM1_UP_TIM10_IRQHandler</STRONG> (Thumb, 0 bytes, Stack size 0 bytes, startup_stm32f407xx.o(.text))
<BR>[Address Reference Count : 1]<UL><LI> startup_stm32f407xx.o(RESET)
</UL>
<P><STRONG><a name="[26]"></a>TIM2_IRQHandler</STRONG> (Thumb, 0 bytes, Stack size 0 bytes, startup_stm32f407xx.o(.text))
<BR>[Address Reference Count : 1]<UL><LI> startup_stm32f407xx.o(RESET)
</UL>
<P><STRONG><a name="[27]"></a>TIM3_IRQHandler</STRONG> (Thumb, 0 bytes, Stack size 0 bytes, startup_stm32f407xx.o(.text))
<BR>[Address Reference Count : 1]<UL><LI> startup_stm32f407xx.o(RESET)
</UL>
<P><STRONG><a name="[28]"></a>TIM4_IRQHandler</STRONG> (Thumb, 0 bytes, Stack size 0 bytes, startup_stm32f407xx.o(.text))
<BR>[Address Reference Count : 1]<UL><LI> startup_stm32f407xx.o(RESET)
</UL>
<P><STRONG><a name="[3c]"></a>TIM5_IRQHandler</STRONG> (Thumb, 0 bytes, Stack size 0 bytes, startup_stm32f407xx.o(.text))
<BR>[Address Reference Count : 1]<UL><LI> startup_stm32f407xx.o(RESET)
</UL>
<P><STRONG><a name="[40]"></a>TIM6_DAC_IRQHandler</STRONG> (Thumb, 0 bytes, Stack size 0 bytes, startup_stm32f407xx.o(.text))
<BR>[Address Reference Count : 1]<UL><LI> startup_stm32f407xx.o(RESET)
</UL>
<P><STRONG><a name="[41]"></a>TIM7_IRQHandler</STRONG> (Thumb, 0 bytes, Stack size 0 bytes, startup_stm32f407xx.o(.text))
<BR>[Address Reference Count : 1]<UL><LI> startup_stm32f407xx.o(RESET)
</UL>
<P><STRONG><a name="[35]"></a>TIM8_BRK_TIM12_IRQHandler</STRONG> (Thumb, 0 bytes, Stack size 0 bytes, startup_stm32f407xx.o(.text))
<BR>[Address Reference Count : 1]<UL><LI> startup_stm32f407xx.o(RESET)
</UL>
<P><STRONG><a name="[38]"></a>TIM8_CC_IRQHandler</STRONG> (Thumb, 0 bytes, Stack size 0 bytes, startup_stm32f407xx.o(.text))
<BR>[Address Reference Count : 1]<UL><LI> startup_stm32f407xx.o(RESET)
</UL>
<P><STRONG><a name="[37]"></a>TIM8_TRG_COM_TIM14_IRQHandler</STRONG> (Thumb, 0 bytes, Stack size 0 bytes, startup_stm32f407xx.o(.text))
<BR>[Address Reference Count : 1]<UL><LI> startup_stm32f407xx.o(RESET)
</UL>
<P><STRONG><a name="[36]"></a>TIM8_UP_TIM13_IRQHandler</STRONG> (Thumb, 0 bytes, Stack size 0 bytes, startup_stm32f407xx.o(.text))
<BR>[Address Reference Count : 1]<UL><LI> startup_stm32f407xx.o(RESET)
</UL>
<P><STRONG><a name="[3e]"></a>UART4_IRQHandler</STRONG> (Thumb, 0 bytes, Stack size 0 bytes, startup_stm32f407xx.o(.text))
<BR>[Address Reference Count : 1]<UL><LI> startup_stm32f407xx.o(RESET)
</UL>
<P><STRONG><a name="[3f]"></a>UART5_IRQHandler</STRONG> (Thumb, 0 bytes, Stack size 0 bytes, startup_stm32f407xx.o(.text))
<BR>[Address Reference Count : 1]<UL><LI> startup_stm32f407xx.o(RESET)
</UL>
<P><STRONG><a name="[2f]"></a>USART1_IRQHandler</STRONG> (Thumb, 0 bytes, Stack size 0 bytes, startup_stm32f407xx.o(.text))
<BR>[Address Reference Count : 1]<UL><LI> startup_stm32f407xx.o(RESET)
</UL>
<P><STRONG><a name="[30]"></a>USART2_IRQHandler</STRONG> (Thumb, 0 bytes, Stack size 0 bytes, startup_stm32f407xx.o(.text))
<BR>[Address Reference Count : 1]<UL><LI> startup_stm32f407xx.o(RESET)
</UL>
<P><STRONG><a name="[a]"></a>WWDG_IRQHandler</STRONG> (Thumb, 0 bytes, Stack size 0 bytes, startup_stm32f407xx.o(.text))
<BR>[Address Reference Count : 1]<UL><LI> startup_stm32f407xx.o(RESET)
</UL>
<P><STRONG><a name="[8e]"></a>__aeabi_uldivmod</STRONG> (Thumb, 98 bytes, Stack size 40 bytes, uldiv.o(.text))
<BR><BR>[Stack]<UL><LI>Max Depth = 40<LI>Call Chain = __aeabi_uldivmod
</UL>
<BR>[Calls]<UL><LI><a href="#[8f]">&gt;&gt;</a>&nbsp;&nbsp;&nbsp;__aeabi_llsr
<LI><a href="#[90]">&gt;&gt;</a>&nbsp;&nbsp;&nbsp;__aeabi_llsl
</UL>
<BR>[Called By]<UL><LI><a href="#[f7]">&gt;&gt;</a>&nbsp;&nbsp;&nbsp;UART_SetConfig
<LI><a href="#[e4]">&gt;&gt;</a>&nbsp;&nbsp;&nbsp;HAL_RCC_GetSysClockFreq
<LI><a href="#[1eb]">&gt;&gt;</a>&nbsp;&nbsp;&nbsp;_printf_core
<LI><a href="#[1f1]">&gt;&gt;</a>&nbsp;&nbsp;&nbsp;_fp_digits
</UL>

<P><STRONG><a name="[1fc]"></a>__aeabi_memcpy</STRONG> (Thumb, 36 bytes, Stack size 0 bytes, memcpya.o(.text), UNUSED)

<P><STRONG><a name="[1fd]"></a>__aeabi_memcpy4</STRONG> (Thumb, 0 bytes, Stack size 0 bytes, memcpya.o(.text), UNUSED)

<P><STRONG><a name="[11e]"></a>__aeabi_memcpy8</STRONG> (Thumb, 0 bytes, Stack size 0 bytes, memcpya.o(.text))
<BR><BR>[Called By]<UL><LI><a href="#[11c]">&gt;&gt;</a>&nbsp;&nbsp;&nbsp;BSP::CTRL::JointController::Init(BSP::CTRL::JointType, float, float, float, float, float, float)
</UL>

<P><STRONG><a name="[92]"></a>__aeabi_memset</STRONG> (Thumb, 14 bytes, Stack size 0 bytes, memseta.o(.text), UNUSED)
<BR><BR>[Called By]<UL><LI><a href="#[93]">&gt;&gt;</a>&nbsp;&nbsp;&nbsp;_memset$wrapper
<LI><a href="#[91]">&gt;&gt;</a>&nbsp;&nbsp;&nbsp;__aeabi_memclr
</UL>

<P><STRONG><a name="[1fe]"></a>__aeabi_memset4</STRONG> (Thumb, 0 bytes, Stack size 0 bytes, memseta.o(.text), UNUSED)

<P><STRONG><a name="[1ff]"></a>__aeabi_memset8</STRONG> (Thumb, 0 bytes, Stack size 0 bytes, memseta.o(.text), UNUSED)

<P><STRONG><a name="[91]"></a>__aeabi_memclr</STRONG> (Thumb, 4 bytes, Stack size 0 bytes, memseta.o(.text), UNUSED)
<BR><BR>[Calls]<UL><LI><a href="#[92]">&gt;&gt;</a>&nbsp;&nbsp;&nbsp;__aeabi_memset
</UL>

<P><STRONG><a name="[102]"></a>__aeabi_memclr4</STRONG> (Thumb, 0 bytes, Stack size 0 bytes, memseta.o(.text))
<BR><BR>[Called By]<UL><LI><a href="#[101]">&gt;&gt;</a>&nbsp;&nbsp;&nbsp;SystemClock_Config
</UL>

<P><STRONG><a name="[200]"></a>__aeabi_memclr8</STRONG> (Thumb, 0 bytes, Stack size 0 bytes, memseta.o(.text), UNUSED)

<P><STRONG><a name="[93]"></a>_memset$wrapper</STRONG> (Thumb, 18 bytes, Stack size 8 bytes, memseta.o(.text), UNUSED)
<BR><BR>[Calls]<UL><LI><a href="#[92]">&gt;&gt;</a>&nbsp;&nbsp;&nbsp;__aeabi_memset
</UL>

<P><STRONG><a name="[88]"></a>__cpp_initialize__aeabi_</STRONG> (Thumb, 32 bytes, Stack size 24 bytes, cpp_init.o(.text))
<BR><BR>[Stack]<UL><LI>Max Depth = 24<LI>Call Chain = __cpp_initialize__aeabi_
</UL>
<BR>[Called By]<UL><LI><a href="#[8b]">&gt;&gt;</a>&nbsp;&nbsp;&nbsp;_main_cpp_init$empty
</UL>

<P><STRONG><a name="[94]"></a>__cxa_atexit</STRONG> (Thumb, 10 bytes, Stack size 0 bytes, cxa_atexit.o(.text))
<BR><BR>[Stack]<UL><LI>Max Depth = 52<LI>Call Chain = __cxa_atexit &rArr; __aeabi_atexit &rArr; malloc &rArr; __aligned_malloc
</UL>
<BR>[Calls]<UL><LI><a href="#[95]">&gt;&gt;</a>&nbsp;&nbsp;&nbsp;__aeabi_atexit
</UL>
<BR>[Called By]<UL><LI><a href="#[a7]">&gt;&gt;</a>&nbsp;&nbsp;&nbsp;GimbalInit
<LI><a href="#[147]">&gt;&gt;</a>&nbsp;&nbsp;&nbsp;HAL::CAN::CanBus::instance()
</UL>

<P><STRONG><a name="[96]"></a>__aeabi_dadd</STRONG> (Thumb, 322 bytes, Stack size 48 bytes, dadd.o(.text))
<BR><BR>[Stack]<UL><LI>Max Depth = 88<LI>Call Chain = __aeabi_dadd &rArr; _double_epilogue &rArr; _double_round
</UL>
<BR>[Calls]<UL><LI><a href="#[97]">&gt;&gt;</a>&nbsp;&nbsp;&nbsp;__aeabi_lasr
<LI><a href="#[90]">&gt;&gt;</a>&nbsp;&nbsp;&nbsp;__aeabi_llsl
<LI><a href="#[99]">&gt;&gt;</a>&nbsp;&nbsp;&nbsp;_double_round
<LI><a href="#[98]">&gt;&gt;</a>&nbsp;&nbsp;&nbsp;_double_epilogue
</UL>
<BR>[Called By]<UL><LI><a href="#[1f1]">&gt;&gt;</a>&nbsp;&nbsp;&nbsp;_fp_digits
<LI><a href="#[9b]">&gt;&gt;</a>&nbsp;&nbsp;&nbsp;__aeabi_drsub
<LI><a href="#[9a]">&gt;&gt;</a>&nbsp;&nbsp;&nbsp;__aeabi_dsub
<LI><a href="#[122]">&gt;&gt;</a>&nbsp;&nbsp;&nbsp;PID::GetPidPos(Kpid_t, double, double, double)
</UL>

<P><STRONG><a name="[9a]"></a>__aeabi_dsub</STRONG> (Thumb, 6 bytes, Stack size 0 bytes, dadd.o(.text))
<BR><BR>[Stack]<UL><LI>Max Depth = 88<LI>Call Chain = __aeabi_dsub &rArr; __aeabi_dadd &rArr; _double_epilogue &rArr; _double_round
</UL>
<BR>[Calls]<UL><LI><a href="#[96]">&gt;&gt;</a>&nbsp;&nbsp;&nbsp;__aeabi_dadd
</UL>
<BR>[Called By]<UL><LI><a href="#[122]">&gt;&gt;</a>&nbsp;&nbsp;&nbsp;PID::GetPidPos(Kpid_t, double, double, double)
</UL>

<P><STRONG><a name="[9b]"></a>__aeabi_drsub</STRONG> (Thumb, 6 bytes, Stack size 0 bytes, dadd.o(.text), UNUSED)
<BR><BR>[Calls]<UL><LI><a href="#[96]">&gt;&gt;</a>&nbsp;&nbsp;&nbsp;__aeabi_dadd
</UL>

<P><STRONG><a name="[9c]"></a>__aeabi_dmul</STRONG> (Thumb, 228 bytes, Stack size 48 bytes, dmul.o(.text))
<BR><BR>[Stack]<UL><LI>Max Depth = 88<LI>Call Chain = __aeabi_dmul &rArr; _double_epilogue &rArr; _double_round
</UL>
<BR>[Calls]<UL><LI><a href="#[98]">&gt;&gt;</a>&nbsp;&nbsp;&nbsp;_double_epilogue
</UL>
<BR>[Called By]<UL><LI><a href="#[1f1]">&gt;&gt;</a>&nbsp;&nbsp;&nbsp;_fp_digits
<LI><a href="#[122]">&gt;&gt;</a>&nbsp;&nbsp;&nbsp;PID::GetPidPos(Kpid_t, double, double, double)
</UL>

<P><STRONG><a name="[161]"></a>__aeabi_dcmple</STRONG> (Thumb, 54 bytes, Stack size 12 bytes, dcmple.o(.text))
<BR><BR>[Stack]<UL><LI>Max Depth = 12<LI>Call Chain = __aeabi_dcmple
</UL>
<BR>[Called By]<UL><LI><a href="#[122]">&gt;&gt;</a>&nbsp;&nbsp;&nbsp;PID::GetPidPos(Kpid_t, double, double, double)
</UL>

<P><STRONG><a name="[160]"></a>__aeabi_dcmpge</STRONG> (Thumb, 54 bytes, Stack size 12 bytes, dcmpge.o(.text))
<BR><BR>[Stack]<UL><LI>Max Depth = 12<LI>Call Chain = __aeabi_dcmpge
</UL>
<BR>[Called By]<UL><LI><a href="#[122]">&gt;&gt;</a>&nbsp;&nbsp;&nbsp;PID::GetPidPos(Kpid_t, double, double, double)
</UL>

<P><STRONG><a name="[162]"></a>__aeabi_dcmpeq</STRONG> (Thumb, 56 bytes, Stack size 12 bytes, dcmpeq.o(.text))
<BR><BR>[Stack]<UL><LI>Max Depth = 12<LI>Call Chain = __aeabi_dcmpeq
</UL>
<BR>[Called By]<UL><LI><a href="#[122]">&gt;&gt;</a>&nbsp;&nbsp;&nbsp;PID::GetPidPos(Kpid_t, double, double, double)
</UL>

<P><STRONG><a name="[116]"></a>__aeabi_f2d</STRONG> (Thumb, 38 bytes, Stack size 0 bytes, f2d.o(.text))
<BR><BR>[Called By]<UL><LI><a href="#[ba]">&gt;&gt;</a>&nbsp;&nbsp;&nbsp;syncDataToController(Controller_Data_Unit_t const&, BSP::CTRL::JointController&)
<LI><a href="#[122]">&gt;&gt;</a>&nbsp;&nbsp;&nbsp;PID::GetPidPos(Kpid_t, double, double, double)
<LI><a href="#[121]">&gt;&gt;</a>&nbsp;&nbsp;&nbsp;BSP::CTRL::JointController::Compute(float, float, float)
<LI><a href="#[11c]">&gt;&gt;</a>&nbsp;&nbsp;&nbsp;BSP::CTRL::JointController::Init(BSP::CTRL::JointType, float, float, float, float, float, float)
</UL>

<P><STRONG><a name="[9d]"></a>__aeabi_d2f</STRONG> (Thumb, 56 bytes, Stack size 8 bytes, d2f.o(.text))
<BR><BR>[Stack]<UL><LI>Max Depth = 8<LI>Call Chain = __aeabi_d2f
</UL>
<BR>[Calls]<UL><LI><a href="#[9e]">&gt;&gt;</a>&nbsp;&nbsp;&nbsp;_float_round
</UL>
<BR>[Called By]<UL><LI><a href="#[123]">&gt;&gt;</a>&nbsp;&nbsp;&nbsp;PID::GetErr()
<LI><a href="#[11d]">&gt;&gt;</a>&nbsp;&nbsp;&nbsp;PID::PID__sub_object(double, double)
<LI><a href="#[121]">&gt;&gt;</a>&nbsp;&nbsp;&nbsp;BSP::CTRL::JointController::Compute(float, float, float)
</UL>

<P><STRONG><a name="[90]"></a>__aeabi_llsl</STRONG> (Thumb, 30 bytes, Stack size 0 bytes, llshl.o(.text))
<BR><BR>[Called By]<UL><LI><a href="#[a4]">&gt;&gt;</a>&nbsp;&nbsp;&nbsp;__aeabi_d2ulz
<LI><a href="#[98]">&gt;&gt;</a>&nbsp;&nbsp;&nbsp;_double_epilogue
<LI><a href="#[8e]">&gt;&gt;</a>&nbsp;&nbsp;&nbsp;__aeabi_uldivmod
<LI><a href="#[96]">&gt;&gt;</a>&nbsp;&nbsp;&nbsp;__aeabi_dadd
</UL>

<P><STRONG><a name="[201]"></a>_ll_shift_l</STRONG> (Thumb, 0 bytes, Stack size 0 bytes, llshl.o(.text), UNUSED)

<P><STRONG><a name="[8f]"></a>__aeabi_llsr</STRONG> (Thumb, 32 bytes, Stack size 0 bytes, llushr.o(.text))
<BR><BR>[Called By]<UL><LI><a href="#[a4]">&gt;&gt;</a>&nbsp;&nbsp;&nbsp;__aeabi_d2ulz
<LI><a href="#[98]">&gt;&gt;</a>&nbsp;&nbsp;&nbsp;_double_epilogue
<LI><a href="#[8e]">&gt;&gt;</a>&nbsp;&nbsp;&nbsp;__aeabi_uldivmod
</UL>

<P><STRONG><a name="[202]"></a>_ll_ushift_r</STRONG> (Thumb, 0 bytes, Stack size 0 bytes, llushr.o(.text), UNUSED)

<P><STRONG><a name="[97]"></a>__aeabi_lasr</STRONG> (Thumb, 36 bytes, Stack size 0 bytes, llsshr.o(.text))
<BR><BR>[Called By]<UL><LI><a href="#[96]">&gt;&gt;</a>&nbsp;&nbsp;&nbsp;__aeabi_dadd
</UL>

<P><STRONG><a name="[203]"></a>_ll_sshift_r</STRONG> (Thumb, 0 bytes, Stack size 0 bytes, llsshr.o(.text), UNUSED)

<P><STRONG><a name="[204]"></a>__I$use$fp</STRONG> (Thumb, 0 bytes, Stack size 24 bytes, iusefp.o(.text), UNUSED)

<P><STRONG><a name="[95]"></a>__aeabi_atexit</STRONG> (Thumb, 46 bytes, Stack size 24 bytes, aeabi_atexit.o(.text))
<BR><BR>[Stack]<UL><LI>Max Depth = 52<LI>Call Chain = __aeabi_atexit &rArr; malloc &rArr; __aligned_malloc
</UL>
<BR>[Calls]<UL><LI><a href="#[9f]">&gt;&gt;</a>&nbsp;&nbsp;&nbsp;malloc
<LI><a href="#[a0]">&gt;&gt;</a>&nbsp;&nbsp;&nbsp;__rt_ddtor_pointer_addr
</UL>
<BR>[Called By]<UL><LI><a href="#[94]">&gt;&gt;</a>&nbsp;&nbsp;&nbsp;__cxa_atexit
</UL>

<P><STRONG><a name="[9e]"></a>_float_round</STRONG> (Thumb, 18 bytes, Stack size 0 bytes, fepilogue.o(.text))
<BR><BR>[Called By]<UL><LI><a href="#[9d]">&gt;&gt;</a>&nbsp;&nbsp;&nbsp;__aeabi_d2f
</UL>

<P><STRONG><a name="[205]"></a>_float_epilogue</STRONG> (Thumb, 92 bytes, Stack size 4 bytes, fepilogue.o(.text), UNUSED)

<P><STRONG><a name="[99]"></a>_double_round</STRONG> (Thumb, 30 bytes, Stack size 8 bytes, depilogue.o(.text))
<BR><BR>[Stack]<UL><LI>Max Depth = 8<LI>Call Chain = _double_round
</UL>
<BR>[Called By]<UL><LI><a href="#[a3]">&gt;&gt;</a>&nbsp;&nbsp;&nbsp;__aeabi_ddiv
<LI><a href="#[98]">&gt;&gt;</a>&nbsp;&nbsp;&nbsp;_double_epilogue
<LI><a href="#[96]">&gt;&gt;</a>&nbsp;&nbsp;&nbsp;__aeabi_dadd
</UL>

<P><STRONG><a name="[98]"></a>_double_epilogue</STRONG> (Thumb, 156 bytes, Stack size 32 bytes, depilogue.o(.text))
<BR><BR>[Stack]<UL><LI>Max Depth = 40<LI>Call Chain = _double_epilogue &rArr; _double_round
</UL>
<BR>[Calls]<UL><LI><a href="#[8f]">&gt;&gt;</a>&nbsp;&nbsp;&nbsp;__aeabi_llsr
<LI><a href="#[90]">&gt;&gt;</a>&nbsp;&nbsp;&nbsp;__aeabi_llsl
<LI><a href="#[99]">&gt;&gt;</a>&nbsp;&nbsp;&nbsp;_double_round
</UL>
<BR>[Called By]<UL><LI><a href="#[96]">&gt;&gt;</a>&nbsp;&nbsp;&nbsp;__aeabi_dadd
<LI><a href="#[9c]">&gt;&gt;</a>&nbsp;&nbsp;&nbsp;__aeabi_dmul
</UL>

<P><STRONG><a name="[8a]"></a>__scatterload</STRONG> (Thumb, 38 bytes, Stack size 0 bytes, init.o(.text))
<BR><BR>[Calls]<UL><LI><a href="#[a1]">&gt;&gt;</a>&nbsp;&nbsp;&nbsp;__main_after_scatterload
</UL>
<BR>[Called By]<UL><LI><a href="#[89]">&gt;&gt;</a>&nbsp;&nbsp;&nbsp;_main_scatterload
</UL>

<P><STRONG><a name="[206]"></a>__scatterload_rt2</STRONG> (Thumb, 0 bytes, Stack size 0 bytes, init.o(.text), UNUSED)

<P><STRONG><a name="[207]"></a>__aeabi_uidiv</STRONG> (Thumb, 0 bytes, Stack size 12 bytes, uidiv.o(.text), UNUSED)

<P><STRONG><a name="[1f5]"></a>__aeabi_uidivmod</STRONG> (Thumb, 44 bytes, Stack size 12 bytes, uidiv.o(.text), UNUSED)
<BR><BR>[Called By]<UL><LI><a href="#[1eb]">&gt;&gt;</a>&nbsp;&nbsp;&nbsp;_printf_core
</UL>

<P><STRONG><a name="[a0]"></a>__rt_ddtor_pointer_addr</STRONG> (Thumb, 4 bytes, Stack size 0 bytes, cpp_dtor.o(.text))
<BR><BR>[Called By]<UL><LI><a href="#[8d]">&gt;&gt;</a>&nbsp;&nbsp;&nbsp;__cxa_finalize
<LI><a href="#[95]">&gt;&gt;</a>&nbsp;&nbsp;&nbsp;__aeabi_atexit
</UL>

<P><STRONG><a name="[8d]"></a>__cxa_finalize</STRONG> (Thumb, 66 bytes, Stack size 24 bytes, cxa_finalize.o(.text))
<BR><BR>[Stack]<UL><LI>Max Depth = 32<LI>Call Chain = __cxa_finalize &rArr; free
</UL>
<BR>[Calls]<UL><LI><a href="#[a2]">&gt;&gt;</a>&nbsp;&nbsp;&nbsp;free
<LI><a href="#[a0]">&gt;&gt;</a>&nbsp;&nbsp;&nbsp;__rt_ddtor_pointer_addr
</UL>
<BR>[Called By]<UL><LI><a href="#[8c]">&gt;&gt;</a>&nbsp;&nbsp;&nbsp;__rt_final_cpp$nonempty
</UL>

<P><STRONG><a name="[a3]"></a>__aeabi_ddiv</STRONG> (Thumb, 222 bytes, Stack size 32 bytes, ddiv.o(.text), UNUSED)
<BR><BR>[Calls]<UL><LI><a href="#[99]">&gt;&gt;</a>&nbsp;&nbsp;&nbsp;_double_round
</UL>
<BR>[Called By]<UL><LI><a href="#[1f1]">&gt;&gt;</a>&nbsp;&nbsp;&nbsp;_fp_digits
</UL>

<P><STRONG><a name="[a4]"></a>__aeabi_d2ulz</STRONG> (Thumb, 48 bytes, Stack size 0 bytes, dfixul.o(.text), UNUSED)
<BR><BR>[Calls]<UL><LI><a href="#[8f]">&gt;&gt;</a>&nbsp;&nbsp;&nbsp;__aeabi_llsr
<LI><a href="#[90]">&gt;&gt;</a>&nbsp;&nbsp;&nbsp;__aeabi_llsl
</UL>
<BR>[Called By]<UL><LI><a href="#[1f1]">&gt;&gt;</a>&nbsp;&nbsp;&nbsp;_fp_digits
</UL>

<P><STRONG><a name="[1f2]"></a>__aeabi_cdrcmple</STRONG> (Thumb, 48 bytes, Stack size 0 bytes, cdrcmple.o(.text), UNUSED)
<BR><BR>[Called By]<UL><LI><a href="#[1f1]">&gt;&gt;</a>&nbsp;&nbsp;&nbsp;_fp_digits
</UL>

<P><STRONG><a name="[208]"></a>__I$use$semihosting$fputc</STRONG> (Thumb, 0 bytes, Stack size 0 bytes, iusesemip.o(.text), UNUSED)

<P><STRONG><a name="[209]"></a>__rt_lib_shutdown_cpp_2</STRONG> (Thumb, 2 bytes, Stack size 0 bytes, cpp_final.o(.text), UNUSED)

<P><STRONG><a name="[20a]"></a>__semihosting_library_function</STRONG> (Thumb, 0 bytes, Stack size 0 bytes, semi.o(.text), UNUSED)

<P><STRONG><a name="[20b]"></a>__decompress</STRONG> (Thumb, 0 bytes, Stack size unknown bytes, __dczerorl.o(.text), UNUSED)

<P><STRONG><a name="[20c]"></a>__decompress0</STRONG> (Thumb, 58 bytes, Stack size unknown bytes, __dczerorl.o(.text), UNUSED)

<P><STRONG><a name="[4]"></a>BusFault_Handler</STRONG> (Thumb, 4 bytes, Stack size 0 bytes, stm32f4xx_it.o(.text.BusFault_Handler))
<BR>[Address Reference Count : 1]<UL><LI> startup_stm32f407xx.o(RESET)
</UL>
<P><STRONG><a name="[1e]"></a>CAN1_RX0_IRQHandler</STRONG> (Thumb, 16 bytes, Stack size 8 bytes, stm32f4xx_it.o(.text.CAN1_RX0_IRQHandler))
<BR><BR>[Stack]<UL><LI>Max Depth = 300<LI>Call Chain = CAN1_RX0_IRQHandler &rArr; HAL_CAN_IRQHandler &rArr; HAL_CAN_RxFifo0MsgPendingCallback &rArr; HAL::CAN::get_can_bus_instance() &rArr; HAL::CAN::CanBus::instance() &rArr; HAL::CAN::CanBus::CanBus() &rArr; HAL::CAN::CanDevice::CanDevice(CAN_HandleTypeDef*, unsigned int, unsigned int) &rArr; std::__2::vector&lang;std::__2::function&lang;void (HAL::CAN::Frame const&)&rang;, std::__2::allocator&lang;std::__2::function&lang;void (HAL::CAN::Frame const&)&rang;&rang;&rang;::vector__sub_object[abi:v180000]() &rArr; std::__2::__compressed_pair&lang;std::__2::function&lang;void (HAL::CAN::Frame const&)&rang;*, std::__2::allocator&lang;std::__2::function&lang;void (HAL::CAN::Frame const&)&rang;&rang;&rang;::__compressed_pair__sub_object[abi:v180000]&lang;std::nullptr_t, std::__2::__default_init_tag&rang;(std::nullptr_t&&, std::__2::__default_init_tag&&) &rArr; std::__2::__compressed_pair_elem&lang;std::__2::allocator&lang;std::__2::function&lang;void (HAL::CAN::Frame const&)&rang;&rang;, 1, true&rang;::__compressed_pair_elem__sub_object[abi:v180000](std::__2::__default_init_tag) &rArr; std::__2::allocator&lang;std::__2::function&lang;void (HAL::CAN::Frame const&)&rang;&rang;::allocator__sub_object[abi:v180000]() &rArr; std::__2::__non_trivial_if&lang;true, std::__2::allocator&lang;std::__2::function&lang;void (HAL::CAN::Frame const&)&rang;&rang;&rang;::__non_trivial_if__sub_object[abi:v180000]()
</UL>
<BR>[Calls]<UL><LI><a href="#[a5]">&gt;&gt;</a>&nbsp;&nbsp;&nbsp;HAL_CAN_IRQHandler
</UL>
<BR>[Address Reference Count : 1]<UL><LI> startup_stm32f407xx.o(RESET)
</UL>
<P><STRONG><a name="[1f]"></a>CAN1_RX1_IRQHandler</STRONG> (Thumb, 16 bytes, Stack size 8 bytes, stm32f4xx_it.o(.text.CAN1_RX1_IRQHandler))
<BR><BR>[Stack]<UL><LI>Max Depth = 300<LI>Call Chain = CAN1_RX1_IRQHandler &rArr; HAL_CAN_IRQHandler &rArr; HAL_CAN_RxFifo0MsgPendingCallback &rArr; HAL::CAN::get_can_bus_instance() &rArr; HAL::CAN::CanBus::instance() &rArr; HAL::CAN::CanBus::CanBus() &rArr; HAL::CAN::CanDevice::CanDevice(CAN_HandleTypeDef*, unsigned int, unsigned int) &rArr; std::__2::vector&lang;std::__2::function&lang;void (HAL::CAN::Frame const&)&rang;, std::__2::allocator&lang;std::__2::function&lang;void (HAL::CAN::Frame const&)&rang;&rang;&rang;::vector__sub_object[abi:v180000]() &rArr; std::__2::__compressed_pair&lang;std::__2::function&lang;void (HAL::CAN::Frame const&)&rang;*, std::__2::allocator&lang;std::__2::function&lang;void (HAL::CAN::Frame const&)&rang;&rang;&rang;::__compressed_pair__sub_object[abi:v180000]&lang;std::nullptr_t, std::__2::__default_init_tag&rang;(std::nullptr_t&&, std::__2::__default_init_tag&&) &rArr; std::__2::__compressed_pair_elem&lang;std::__2::allocator&lang;std::__2::function&lang;void (HAL::CAN::Frame const&)&rang;&rang;, 1, true&rang;::__compressed_pair_elem__sub_object[abi:v180000](std::__2::__default_init_tag) &rArr; std::__2::allocator&lang;std::__2::function&lang;void (HAL::CAN::Frame const&)&rang;&rang;::allocator__sub_object[abi:v180000]() &rArr; std::__2::__non_trivial_if&lang;true, std::__2::allocator&lang;std::__2::function&lang;void (HAL::CAN::Frame const&)&rang;&rang;&rang;::__non_trivial_if__sub_object[abi:v180000]()
</UL>
<BR>[Calls]<UL><LI><a href="#[a5]">&gt;&gt;</a>&nbsp;&nbsp;&nbsp;HAL_CAN_IRQHandler
</UL>
<BR>[Address Reference Count : 1]<UL><LI> startup_stm32f407xx.o(RESET)
</UL>
<P><STRONG><a name="[4a]"></a>CAN2_RX0_IRQHandler</STRONG> (Thumb, 16 bytes, Stack size 8 bytes, stm32f4xx_it.o(.text.CAN2_RX0_IRQHandler))
<BR><BR>[Stack]<UL><LI>Max Depth = 300<LI>Call Chain = CAN2_RX0_IRQHandler &rArr; HAL_CAN_IRQHandler &rArr; HAL_CAN_RxFifo0MsgPendingCallback &rArr; HAL::CAN::get_can_bus_instance() &rArr; HAL::CAN::CanBus::instance() &rArr; HAL::CAN::CanBus::CanBus() &rArr; HAL::CAN::CanDevice::CanDevice(CAN_HandleTypeDef*, unsigned int, unsigned int) &rArr; std::__2::vector&lang;std::__2::function&lang;void (HAL::CAN::Frame const&)&rang;, std::__2::allocator&lang;std::__2::function&lang;void (HAL::CAN::Frame const&)&rang;&rang;&rang;::vector__sub_object[abi:v180000]() &rArr; std::__2::__compressed_pair&lang;std::__2::function&lang;void (HAL::CAN::Frame const&)&rang;*, std::__2::allocator&lang;std::__2::function&lang;void (HAL::CAN::Frame const&)&rang;&rang;&rang;::__compressed_pair__sub_object[abi:v180000]&lang;std::nullptr_t, std::__2::__default_init_tag&rang;(std::nullptr_t&&, std::__2::__default_init_tag&&) &rArr; std::__2::__compressed_pair_elem&lang;std::__2::allocator&lang;std::__2::function&lang;void (HAL::CAN::Frame const&)&rang;&rang;, 1, true&rang;::__compressed_pair_elem__sub_object[abi:v180000](std::__2::__default_init_tag) &rArr; std::__2::allocator&lang;std::__2::function&lang;void (HAL::CAN::Frame const&)&rang;&rang;::allocator__sub_object[abi:v180000]() &rArr; std::__2::__non_trivial_if&lang;true, std::__2::allocator&lang;std::__2::function&lang;void (HAL::CAN::Frame const&)&rang;&rang;&rang;::__non_trivial_if__sub_object[abi:v180000]()
</UL>
<BR>[Calls]<UL><LI><a href="#[a5]">&gt;&gt;</a>&nbsp;&nbsp;&nbsp;HAL_CAN_IRQHandler
</UL>
<BR>[Address Reference Count : 1]<UL><LI> startup_stm32f407xx.o(RESET)
</UL>
<P><STRONG><a name="[4b]"></a>CAN2_RX1_IRQHandler</STRONG> (Thumb, 16 bytes, Stack size 8 bytes, stm32f4xx_it.o(.text.CAN2_RX1_IRQHandler))
<BR><BR>[Stack]<UL><LI>Max Depth = 300<LI>Call Chain = CAN2_RX1_IRQHandler &rArr; HAL_CAN_IRQHandler &rArr; HAL_CAN_RxFifo0MsgPendingCallback &rArr; HAL::CAN::get_can_bus_instance() &rArr; HAL::CAN::CanBus::instance() &rArr; HAL::CAN::CanBus::CanBus() &rArr; HAL::CAN::CanDevice::CanDevice(CAN_HandleTypeDef*, unsigned int, unsigned int) &rArr; std::__2::vector&lang;std::__2::function&lang;void (HAL::CAN::Frame const&)&rang;, std::__2::allocator&lang;std::__2::function&lang;void (HAL::CAN::Frame const&)&rang;&rang;&rang;::vector__sub_object[abi:v180000]() &rArr; std::__2::__compressed_pair&lang;std::__2::function&lang;void (HAL::CAN::Frame const&)&rang;*, std::__2::allocator&lang;std::__2::function&lang;void (HAL::CAN::Frame const&)&rang;&rang;&rang;::__compressed_pair__sub_object[abi:v180000]&lang;std::nullptr_t, std::__2::__default_init_tag&rang;(std::nullptr_t&&, std::__2::__default_init_tag&&) &rArr; std::__2::__compressed_pair_elem&lang;std::__2::allocator&lang;std::__2::function&lang;void (HAL::CAN::Frame const&)&rang;&rang;, 1, true&rang;::__compressed_pair_elem__sub_object[abi:v180000](std::__2::__default_init_tag) &rArr; std::__2::allocator&lang;std::__2::function&lang;void (HAL::CAN::Frame const&)&rang;&rang;::allocator__sub_object[abi:v180000]() &rArr; std::__2::__non_trivial_if&lang;true, std::__2::allocator&lang;std::__2::function&lang;void (HAL::CAN::Frame const&)&rang;&rang;&rang;::__non_trivial_if__sub_object[abi:v180000]()
</UL>
<BR>[Calls]<UL><LI><a href="#[a5]">&gt;&gt;</a>&nbsp;&nbsp;&nbsp;HAL_CAN_IRQHandler
</UL>
<BR>[Address Reference Count : 1]<UL><LI> startup_stm32f407xx.o(RESET)
</UL>
<P><STRONG><a name="[43]"></a>DMA2_Stream1_IRQHandler</STRONG> (Thumb, 16 bytes, Stack size 8 bytes, stm32f4xx_it.o(.text.DMA2_Stream1_IRQHandler))
<BR><BR>[Stack]<UL><LI>Max Depth = 40<LI>Call Chain = DMA2_Stream1_IRQHandler &rArr; HAL_DMA_IRQHandler
</UL>
<BR>[Calls]<UL><LI><a href="#[a6]">&gt;&gt;</a>&nbsp;&nbsp;&nbsp;HAL_DMA_IRQHandler
</UL>
<BR>[Address Reference Count : 1]<UL><LI> startup_stm32f407xx.o(RESET)
</UL>
<P><STRONG><a name="[4f]"></a>DMA2_Stream6_IRQHandler</STRONG> (Thumb, 16 bytes, Stack size 8 bytes, stm32f4xx_it.o(.text.DMA2_Stream6_IRQHandler))
<BR><BR>[Stack]<UL><LI>Max Depth = 40<LI>Call Chain = DMA2_Stream6_IRQHandler &rArr; HAL_DMA_IRQHandler
</UL>
<BR>[Calls]<UL><LI><a href="#[a6]">&gt;&gt;</a>&nbsp;&nbsp;&nbsp;HAL_DMA_IRQHandler
</UL>
<BR>[Address Reference Count : 1]<UL><LI> startup_stm32f407xx.o(RESET)
</UL>
<P><STRONG><a name="[7]"></a>DebugMon_Handler</STRONG> (Thumb, 2 bytes, Stack size 0 bytes, stm32f4xx_it.o(.text.DebugMon_Handler))
<BR>[Address Reference Count : 1]<UL><LI> startup_stm32f407xx.o(RESET)
</UL>
<P><STRONG><a name="[f8]"></a>Error_Handler</STRONG> (Thumb, 6 bytes, Stack size 0 bytes, main.o(.text.Error_Handler))
<BR><BR>[Called By]<UL><LI><a href="#[f6]">&gt;&gt;</a>&nbsp;&nbsp;&nbsp;HAL_UART_MspInit
<LI><a href="#[ff]">&gt;&gt;</a>&nbsp;&nbsp;&nbsp;MX_USART6_UART_Init
<LI><a href="#[fe]">&gt;&gt;</a>&nbsp;&nbsp;&nbsp;MX_USART3_UART_Init
<LI><a href="#[fc]">&gt;&gt;</a>&nbsp;&nbsp;&nbsp;MX_CAN2_Init
<LI><a href="#[fb]">&gt;&gt;</a>&nbsp;&nbsp;&nbsp;MX_CAN1_Init
<LI><a href="#[101]">&gt;&gt;</a>&nbsp;&nbsp;&nbsp;SystemClock_Config
</UL>

<P><STRONG><a name="[a7]"></a>GimbalInit</STRONG> (Thumb, 372 bytes, Stack size 96 bytes, gimbalinit.o(.text.GimbalInit))
<BR><BR>[Stack]<UL><LI>Max Depth = 536<LI>Call Chain = GimbalInit &rArr; BSP::CTRL::GimbalController::Init() &rArr; BSP::CTRL::JointController::Init(BSP::CTRL::JointType, float, float, float, float, float, float) &rArr; PID::PID__sub_object(double, double) &rArr; __aeabi_d2f
</UL>
<BR>[Calls]<UL><LI><a href="#[b0]">&gt;&gt;</a>&nbsp;&nbsp;&nbsp;std::__2::function&lang;void (HAL::CAN::Frame const&)&rang;::function__sub_object&lang;GimbalInit::$_1, void&rang;(GimbalInit::$_1)
<LI><a href="#[ae]">&gt;&gt;</a>&nbsp;&nbsp;&nbsp;std::__2::function&lang;void (HAL::CAN::Frame const&)&rang;::function__sub_object&lang;GimbalInit::$_0, void&rang;(GimbalInit::$_0)
<LI><a href="#[b3]">&gt;&gt;</a>&nbsp;&nbsp;&nbsp;HAL_Delay
<LI><a href="#[94]">&gt;&gt;</a>&nbsp;&nbsp;&nbsp;__cxa_atexit
<LI><a href="#[b5]">&gt;&gt;</a>&nbsp;&nbsp;&nbsp;BSP::MOTOR::DM::DMMotorBase&lang;(unsigned char)1&rang;::On(unsigned char)
<LI><a href="#[b4]">&gt;&gt;</a>&nbsp;&nbsp;&nbsp;BSP::MOTOR::DM::DMMotorBase&lang;(unsigned char)2&rang;::On(unsigned char)
<LI><a href="#[b2]">&gt;&gt;</a>&nbsp;&nbsp;&nbsp;BSP::CTRL::GimbalController::Init()
<LI><a href="#[b1]">&gt;&gt;</a>&nbsp;&nbsp;&nbsp;BSP::JOINT::JointManager::Init()
<LI><a href="#[af]">&gt;&gt;</a>&nbsp;&nbsp;&nbsp;std::__2::function&lang;void (HAL::CAN::Frame const&)&rang;::~function__sub_object()
<LI><a href="#[ad]">&gt;&gt;</a>&nbsp;&nbsp;&nbsp;BSP::MOTOR::DM::DM4340::DM4340__sub_object(HAL::CAN::ICanDevice*, unsigned int)
<LI><a href="#[ac]">&gt;&gt;</a>&nbsp;&nbsp;&nbsp;__cxa_guard_release
<LI><a href="#[ab]">&gt;&gt;</a>&nbsp;&nbsp;&nbsp;BSP::MOTOR::DM::DM4310::DM4310__sub_object(HAL::CAN::ICanDevice*, unsigned int)
<LI><a href="#[aa]">&gt;&gt;</a>&nbsp;&nbsp;&nbsp;__cxa_guard_acquire
<LI><a href="#[a9]">&gt;&gt;</a>&nbsp;&nbsp;&nbsp;HAL::CAN::ICanBus::get_can1()
<LI><a href="#[a8]">&gt;&gt;</a>&nbsp;&nbsp;&nbsp;HAL::CAN::get_can_bus_instance()
</UL>
<BR>[Called By]<UL><LI><a href="#[5b]">&gt;&gt;</a>&nbsp;&nbsp;&nbsp;main
</UL>

<P><STRONG><a name="[b6]"></a>GimbalUpdate</STRONG> (Thumb, 312 bytes, Stack size 72 bytes, gimbalinit.o(.text.GimbalUpdate))
<BR><BR>[Stack]<UL><LI>Max Depth = 664<LI>Call Chain = GimbalUpdate &rArr; BSP::CTRL::GimbalController::Update(BSP::JOINT::JointManager&, BSP::MOTOR::DM::DM4310*, BSP::MOTOR::DM::DM4340*) &rArr; BSP::CTRL::JointController::Compute(float, float, float) &rArr; PID::GetPidPos(Kpid_t, double, double, double) &rArr; __aeabi_dadd &rArr; _double_epilogue &rArr; _double_round
</UL>
<BR>[Calls]<UL><LI><a href="#[bd]">&gt;&gt;</a>&nbsp;&nbsp;&nbsp;syncControllerToData(BSP::CTRL::JointController const&, Controller_Data_Unit_t&, BSP::JOINT::Joint const&)
<LI><a href="#[bc]">&gt;&gt;</a>&nbsp;&nbsp;&nbsp;syncJointToData(BSP::JOINT::Joint const&, Joint_Data_Unit_t&)
<LI><a href="#[ba]">&gt;&gt;</a>&nbsp;&nbsp;&nbsp;syncDataToController(Controller_Data_Unit_t const&, BSP::CTRL::JointController&)
<LI><a href="#[b7]">&gt;&gt;</a>&nbsp;&nbsp;&nbsp;syncConfigToJoint(BSP::JOINT::Joint&, Joint_Config_t const&)
<LI><a href="#[be]">&gt;&gt;</a>&nbsp;&nbsp;&nbsp;VofaSendDebugChannels
<LI><a href="#[bb]">&gt;&gt;</a>&nbsp;&nbsp;&nbsp;BSP::CTRL::GimbalController::Update(BSP::JOINT::JointManager&, BSP::MOTOR::DM::DM4310*, BSP::MOTOR::DM::DM4340*)
<LI><a href="#[b9]">&gt;&gt;</a>&nbsp;&nbsp;&nbsp;BSP::PLANNER::TransformPlanner::Update(BSP::JOINT::JointManager&, Controller_Data_t&, Transform_Config_t&, Transform_Status_t&)
<LI><a href="#[b8]">&gt;&gt;</a>&nbsp;&nbsp;&nbsp;BSP::JOINT::JointManager::Update(BSP::MOTOR::DM::DM4310*, BSP::MOTOR::DM::DM4340*)
</UL>
<BR>[Called By]<UL><LI><a href="#[5b]">&gt;&gt;</a>&nbsp;&nbsp;&nbsp;main
</UL>

<P><STRONG><a name="[158]"></a>HAL_CAN_AbortTxRequest</STRONG> (Thumb, 146 bytes, Stack size 16 bytes, stm32f4xx_hal_can.o(.text.HAL_CAN_AbortTxRequest))
<BR><BR>[Stack]<UL><LI>Max Depth = 16<LI>Call Chain = HAL_CAN_AbortTxRequest
</UL>
<BR>[Called By]<UL><LI><a href="#[81]">&gt;&gt;</a>&nbsp;&nbsp;&nbsp;HAL::CAN::CanDevice::send(HAL::CAN::Frame const&)
</UL>

<P><STRONG><a name="[15a]"></a>HAL_CAN_ActivateNotification</STRONG> (Thumb, 82 bytes, Stack size 16 bytes, stm32f4xx_hal_can.o(.text.HAL_CAN_ActivateNotification))
<BR><BR>[Stack]<UL><LI>Max Depth = 16<LI>Call Chain = HAL_CAN_ActivateNotification
</UL>
<BR>[Called By]<UL><LI><a href="#[80]">&gt;&gt;</a>&nbsp;&nbsp;&nbsp;HAL::CAN::CanDevice::start()
</UL>

<P><STRONG><a name="[159]"></a>HAL_CAN_AddTxMessage</STRONG> (Thumb, 342 bytes, Stack size 32 bytes, stm32f4xx_hal_can.o(.text.HAL_CAN_AddTxMessage))
<BR><BR>[Stack]<UL><LI>Max Depth = 32<LI>Call Chain = HAL_CAN_AddTxMessage
</UL>
<BR>[Called By]<UL><LI><a href="#[81]">&gt;&gt;</a>&nbsp;&nbsp;&nbsp;HAL::CAN::CanDevice::send(HAL::CAN::Frame const&)
</UL>

<P><STRONG><a name="[14e]"></a>HAL_CAN_ConfigFilter</STRONG> (Thumb, 414 bytes, Stack size 24 bytes, stm32f4xx_hal_can.o(.text.HAL_CAN_ConfigFilter))
<BR><BR>[Stack]<UL><LI>Max Depth = 24<LI>Call Chain = HAL_CAN_ConfigFilter
</UL>
<BR>[Called By]<UL><LI><a href="#[14d]">&gt;&gt;</a>&nbsp;&nbsp;&nbsp;HAL::CAN::CanDevice::configure_filter()
</UL>

<P><STRONG><a name="[cb]"></a>HAL_CAN_ErrorCallback</STRONG> (Thumb, 8 bytes, Stack size 4 bytes, stm32f4xx_hal_can.o(.text.HAL_CAN_ErrorCallback))
<BR><BR>[Stack]<UL><LI>Max Depth = 4<LI>Call Chain = HAL_CAN_ErrorCallback
</UL>
<BR>[Called By]<UL><LI><a href="#[a5]">&gt;&gt;</a>&nbsp;&nbsp;&nbsp;HAL_CAN_IRQHandler
</UL>

<P><STRONG><a name="[15b]"></a>HAL_CAN_GetRxFifoFillLevel</STRONG> (Thumb, 82 bytes, Stack size 16 bytes, stm32f4xx_hal_can.o(.text.HAL_CAN_GetRxFifoFillLevel))
<BR><BR>[Stack]<UL><LI>Max Depth = 16<LI>Call Chain = HAL_CAN_GetRxFifoFillLevel
</UL>
<BR>[Called By]<UL><LI><a href="#[82]">&gt;&gt;</a>&nbsp;&nbsp;&nbsp;HAL::CAN::CanDevice::receive(HAL::CAN::Frame&)
</UL>

<P><STRONG><a name="[15c]"></a>HAL_CAN_GetRxMessage</STRONG> (Thumb, 530 bytes, Stack size 24 bytes, stm32f4xx_hal_can.o(.text.HAL_CAN_GetRxMessage))
<BR><BR>[Stack]<UL><LI>Max Depth = 24<LI>Call Chain = HAL_CAN_GetRxMessage
</UL>
<BR>[Called By]<UL><LI><a href="#[82]">&gt;&gt;</a>&nbsp;&nbsp;&nbsp;HAL::CAN::CanDevice::receive(HAL::CAN::Frame&)
</UL>

<P><STRONG><a name="[157]"></a>HAL_CAN_GetTxMailboxesFreeLevel</STRONG> (Thumb, 112 bytes, Stack size 12 bytes, stm32f4xx_hal_can.o(.text.HAL_CAN_GetTxMailboxesFreeLevel))
<BR><BR>[Stack]<UL><LI>Max Depth = 12<LI>Call Chain = HAL_CAN_GetTxMailboxesFreeLevel
</UL>
<BR>[Called By]<UL><LI><a href="#[81]">&gt;&gt;</a>&nbsp;&nbsp;&nbsp;HAL::CAN::CanDevice::send(HAL::CAN::Frame const&)
</UL>

<P><STRONG><a name="[a5]"></a>HAL_CAN_IRQHandler</STRONG> (Thumb, 1010 bytes, Stack size 48 bytes, stm32f4xx_hal_can.o(.text.HAL_CAN_IRQHandler))
<BR><BR>[Stack]<UL><LI>Max Depth = 292<LI>Call Chain = HAL_CAN_IRQHandler &rArr; HAL_CAN_RxFifo0MsgPendingCallback &rArr; HAL::CAN::get_can_bus_instance() &rArr; HAL::CAN::CanBus::instance() &rArr; HAL::CAN::CanBus::CanBus() &rArr; HAL::CAN::CanDevice::CanDevice(CAN_HandleTypeDef*, unsigned int, unsigned int) &rArr; std::__2::vector&lang;std::__2::function&lang;void (HAL::CAN::Frame const&)&rang;, std::__2::allocator&lang;std::__2::function&lang;void (HAL::CAN::Frame const&)&rang;&rang;&rang;::vector__sub_object[abi:v180000]() &rArr; std::__2::__compressed_pair&lang;std::__2::function&lang;void (HAL::CAN::Frame const&)&rang;*, std::__2::allocator&lang;std::__2::function&lang;void (HAL::CAN::Frame const&)&rang;&rang;&rang;::__compressed_pair__sub_object[abi:v180000]&lang;std::nullptr_t, std::__2::__default_init_tag&rang;(std::nullptr_t&&, std::__2::__default_init_tag&&) &rArr; std::__2::__compressed_pair_elem&lang;std::__2::allocator&lang;std::__2::function&lang;void (HAL::CAN::Frame const&)&rang;&rang;, 1, true&rang;::__compressed_pair_elem__sub_object[abi:v180000](std::__2::__default_init_tag) &rArr; std::__2::allocator&lang;std::__2::function&lang;void (HAL::CAN::Frame const&)&rang;&rang;::allocator__sub_object[abi:v180000]() &rArr; std::__2::__non_trivial_if&lang;true, std::__2::allocator&lang;std::__2::function&lang;void (HAL::CAN::Frame const&)&rang;&rang;&rang;::__non_trivial_if__sub_object[abi:v180000]()
</UL>
<BR>[Calls]<UL><LI><a href="#[cb]">&gt;&gt;</a>&nbsp;&nbsp;&nbsp;HAL_CAN_ErrorCallback
<LI><a href="#[ca]">&gt;&gt;</a>&nbsp;&nbsp;&nbsp;HAL_CAN_WakeUpFromRxMsgCallback
<LI><a href="#[c9]">&gt;&gt;</a>&nbsp;&nbsp;&nbsp;HAL_CAN_SleepCallback
<LI><a href="#[c7]">&gt;&gt;</a>&nbsp;&nbsp;&nbsp;HAL_CAN_RxFifo1FullCallback
<LI><a href="#[c5]">&gt;&gt;</a>&nbsp;&nbsp;&nbsp;HAL_CAN_RxFifo0FullCallback
<LI><a href="#[c4]">&gt;&gt;</a>&nbsp;&nbsp;&nbsp;HAL_CAN_TxMailbox2AbortCallback
<LI><a href="#[c3]">&gt;&gt;</a>&nbsp;&nbsp;&nbsp;HAL_CAN_TxMailbox2CompleteCallback
<LI><a href="#[c2]">&gt;&gt;</a>&nbsp;&nbsp;&nbsp;HAL_CAN_TxMailbox1AbortCallback
<LI><a href="#[c1]">&gt;&gt;</a>&nbsp;&nbsp;&nbsp;HAL_CAN_TxMailbox1CompleteCallback
<LI><a href="#[c0]">&gt;&gt;</a>&nbsp;&nbsp;&nbsp;HAL_CAN_TxMailbox0AbortCallback
<LI><a href="#[bf]">&gt;&gt;</a>&nbsp;&nbsp;&nbsp;HAL_CAN_TxMailbox0CompleteCallback
<LI><a href="#[c8]">&gt;&gt;</a>&nbsp;&nbsp;&nbsp;HAL_CAN_RxFifo1MsgPendingCallback
<LI><a href="#[c6]">&gt;&gt;</a>&nbsp;&nbsp;&nbsp;HAL_CAN_RxFifo0MsgPendingCallback
</UL>
<BR>[Called By]<UL><LI><a href="#[4b]">&gt;&gt;</a>&nbsp;&nbsp;&nbsp;CAN2_RX1_IRQHandler
<LI><a href="#[4a]">&gt;&gt;</a>&nbsp;&nbsp;&nbsp;CAN2_RX0_IRQHandler
<LI><a href="#[1f]">&gt;&gt;</a>&nbsp;&nbsp;&nbsp;CAN1_RX1_IRQHandler
<LI><a href="#[1e]">&gt;&gt;</a>&nbsp;&nbsp;&nbsp;CAN1_RX0_IRQHandler
</UL>

<P><STRONG><a name="[cc]"></a>HAL_CAN_Init</STRONG> (Thumb, 478 bytes, Stack size 24 bytes, stm32f4xx_hal_can.o(.text.HAL_CAN_Init))
<BR><BR>[Stack]<UL><LI>Max Depth = 168<LI>Call Chain = HAL_CAN_Init &rArr; HAL_CAN_MspInit &rArr; HAL_NVIC_SetPriority &rArr; NVIC_EncodePriority
</UL>
<BR>[Calls]<UL><LI><a href="#[ce]">&gt;&gt;</a>&nbsp;&nbsp;&nbsp;HAL_GetTick
<LI><a href="#[cd]">&gt;&gt;</a>&nbsp;&nbsp;&nbsp;HAL_CAN_MspInit
</UL>
<BR>[Called By]<UL><LI><a href="#[fc]">&gt;&gt;</a>&nbsp;&nbsp;&nbsp;MX_CAN2_Init
<LI><a href="#[fb]">&gt;&gt;</a>&nbsp;&nbsp;&nbsp;MX_CAN1_Init
</UL>

<P><STRONG><a name="[cd]"></a>HAL_CAN_MspInit</STRONG> (Thumb, 424 bytes, Stack size 80 bytes, can.o(.text.HAL_CAN_MspInit))
<BR><BR>[Stack]<UL><LI>Max Depth = 144<LI>Call Chain = HAL_CAN_MspInit &rArr; HAL_NVIC_SetPriority &rArr; NVIC_EncodePriority
</UL>
<BR>[Calls]<UL><LI><a href="#[d1]">&gt;&gt;</a>&nbsp;&nbsp;&nbsp;HAL_NVIC_EnableIRQ
<LI><a href="#[d0]">&gt;&gt;</a>&nbsp;&nbsp;&nbsp;HAL_NVIC_SetPriority
<LI><a href="#[cf]">&gt;&gt;</a>&nbsp;&nbsp;&nbsp;HAL_GPIO_Init
</UL>
<BR>[Called By]<UL><LI><a href="#[cc]">&gt;&gt;</a>&nbsp;&nbsp;&nbsp;HAL_CAN_Init
</UL>

<P><STRONG><a name="[c5]"></a>HAL_CAN_RxFifo0FullCallback</STRONG> (Thumb, 8 bytes, Stack size 4 bytes, stm32f4xx_hal_can.o(.text.HAL_CAN_RxFifo0FullCallback))
<BR><BR>[Stack]<UL><LI>Max Depth = 4<LI>Call Chain = HAL_CAN_RxFifo0FullCallback
</UL>
<BR>[Called By]<UL><LI><a href="#[a5]">&gt;&gt;</a>&nbsp;&nbsp;&nbsp;HAL_CAN_IRQHandler
</UL>

<P><STRONG><a name="[c6]"></a>HAL_CAN_RxFifo0MsgPendingCallback</STRONG> (Thumb, 138 bytes, Stack size 40 bytes, cancallback.o(.text.HAL_CAN_RxFifo0MsgPendingCallback))
<BR><BR>[Stack]<UL><LI>Max Depth = 244<LI>Call Chain = HAL_CAN_RxFifo0MsgPendingCallback &rArr; HAL::CAN::get_can_bus_instance() &rArr; HAL::CAN::CanBus::instance() &rArr; HAL::CAN::CanBus::CanBus() &rArr; HAL::CAN::CanDevice::CanDevice(CAN_HandleTypeDef*, unsigned int, unsigned int) &rArr; std::__2::vector&lang;std::__2::function&lang;void (HAL::CAN::Frame const&)&rang;, std::__2::allocator&lang;std::__2::function&lang;void (HAL::CAN::Frame const&)&rang;&rang;&rang;::vector__sub_object[abi:v180000]() &rArr; std::__2::__compressed_pair&lang;std::__2::function&lang;void (HAL::CAN::Frame const&)&rang;*, std::__2::allocator&lang;std::__2::function&lang;void (HAL::CAN::Frame const&)&rang;&rang;&rang;::__compressed_pair__sub_object[abi:v180000]&lang;std::nullptr_t, std::__2::__default_init_tag&rang;(std::nullptr_t&&, std::__2::__default_init_tag&&) &rArr; std::__2::__compressed_pair_elem&lang;std::__2::allocator&lang;std::__2::function&lang;void (HAL::CAN::Frame const&)&rang;&rang;, 1, true&rang;::__compressed_pair_elem__sub_object[abi:v180000](std::__2::__default_init_tag) &rArr; std::__2::allocator&lang;std::__2::function&lang;void (HAL::CAN::Frame const&)&rang;&rang;::allocator__sub_object[abi:v180000]() &rArr; std::__2::__non_trivial_if&lang;true, std::__2::allocator&lang;std::__2::function&lang;void (HAL::CAN::Frame const&)&rang;&rang;&rang;::__non_trivial_if__sub_object[abi:v180000]()
</UL>
<BR>[Calls]<UL><LI><a href="#[ac]">&gt;&gt;</a>&nbsp;&nbsp;&nbsp;__cxa_guard_release
<LI><a href="#[aa]">&gt;&gt;</a>&nbsp;&nbsp;&nbsp;__cxa_guard_acquire
<LI><a href="#[a9]">&gt;&gt;</a>&nbsp;&nbsp;&nbsp;HAL::CAN::ICanBus::get_can1()
<LI><a href="#[a8]">&gt;&gt;</a>&nbsp;&nbsp;&nbsp;HAL::CAN::get_can_bus_instance()
</UL>
<BR>[Called By]<UL><LI><a href="#[a5]">&gt;&gt;</a>&nbsp;&nbsp;&nbsp;HAL_CAN_IRQHandler
</UL>

<P><STRONG><a name="[c7]"></a>HAL_CAN_RxFifo1FullCallback</STRONG> (Thumb, 8 bytes, Stack size 4 bytes, stm32f4xx_hal_can.o(.text.HAL_CAN_RxFifo1FullCallback))
<BR><BR>[Stack]<UL><LI>Max Depth = 4<LI>Call Chain = HAL_CAN_RxFifo1FullCallback
</UL>
<BR>[Called By]<UL><LI><a href="#[a5]">&gt;&gt;</a>&nbsp;&nbsp;&nbsp;HAL_CAN_IRQHandler
</UL>

<P><STRONG><a name="[c8]"></a>HAL_CAN_RxFifo1MsgPendingCallback</STRONG> (Thumb, 28 bytes, Stack size 4 bytes, cancallback.o(.text.HAL_CAN_RxFifo1MsgPendingCallback))
<BR><BR>[Stack]<UL><LI>Max Depth = 4<LI>Call Chain = HAL_CAN_RxFifo1MsgPendingCallback
</UL>
<BR>[Called By]<UL><LI><a href="#[a5]">&gt;&gt;</a>&nbsp;&nbsp;&nbsp;HAL_CAN_IRQHandler
</UL>

<P><STRONG><a name="[c9]"></a>HAL_CAN_SleepCallback</STRONG> (Thumb, 8 bytes, Stack size 4 bytes, stm32f4xx_hal_can.o(.text.HAL_CAN_SleepCallback))
<BR><BR>[Stack]<UL><LI>Max Depth = 4<LI>Call Chain = HAL_CAN_SleepCallback
</UL>
<BR>[Called By]<UL><LI><a href="#[a5]">&gt;&gt;</a>&nbsp;&nbsp;&nbsp;HAL_CAN_IRQHandler
</UL>

<P><STRONG><a name="[d2]"></a>HAL_CAN_Start</STRONG> (Thumb, 138 bytes, Stack size 24 bytes, stm32f4xx_hal_can.o(.text.HAL_CAN_Start))
<BR><BR>[Stack]<UL><LI>Max Depth = 24<LI>Call Chain = HAL_CAN_Start
</UL>
<BR>[Calls]<UL><LI><a href="#[ce]">&gt;&gt;</a>&nbsp;&nbsp;&nbsp;HAL_GetTick
</UL>
<BR>[Called By]<UL><LI><a href="#[80]">&gt;&gt;</a>&nbsp;&nbsp;&nbsp;HAL::CAN::CanDevice::start()
</UL>

<P><STRONG><a name="[c0]"></a>HAL_CAN_TxMailbox0AbortCallback</STRONG> (Thumb, 8 bytes, Stack size 4 bytes, stm32f4xx_hal_can.o(.text.HAL_CAN_TxMailbox0AbortCallback))
<BR><BR>[Stack]<UL><LI>Max Depth = 4<LI>Call Chain = HAL_CAN_TxMailbox0AbortCallback
</UL>
<BR>[Called By]<UL><LI><a href="#[a5]">&gt;&gt;</a>&nbsp;&nbsp;&nbsp;HAL_CAN_IRQHandler
</UL>

<P><STRONG><a name="[bf]"></a>HAL_CAN_TxMailbox0CompleteCallback</STRONG> (Thumb, 8 bytes, Stack size 4 bytes, stm32f4xx_hal_can.o(.text.HAL_CAN_TxMailbox0CompleteCallback))
<BR><BR>[Stack]<UL><LI>Max Depth = 4<LI>Call Chain = HAL_CAN_TxMailbox0CompleteCallback
</UL>
<BR>[Called By]<UL><LI><a href="#[a5]">&gt;&gt;</a>&nbsp;&nbsp;&nbsp;HAL_CAN_IRQHandler
</UL>

<P><STRONG><a name="[c2]"></a>HAL_CAN_TxMailbox1AbortCallback</STRONG> (Thumb, 8 bytes, Stack size 4 bytes, stm32f4xx_hal_can.o(.text.HAL_CAN_TxMailbox1AbortCallback))
<BR><BR>[Stack]<UL><LI>Max Depth = 4<LI>Call Chain = HAL_CAN_TxMailbox1AbortCallback
</UL>
<BR>[Called By]<UL><LI><a href="#[a5]">&gt;&gt;</a>&nbsp;&nbsp;&nbsp;HAL_CAN_IRQHandler
</UL>

<P><STRONG><a name="[c1]"></a>HAL_CAN_TxMailbox1CompleteCallback</STRONG> (Thumb, 8 bytes, Stack size 4 bytes, stm32f4xx_hal_can.o(.text.HAL_CAN_TxMailbox1CompleteCallback))
<BR><BR>[Stack]<UL><LI>Max Depth = 4<LI>Call Chain = HAL_CAN_TxMailbox1CompleteCallback
</UL>
<BR>[Called By]<UL><LI><a href="#[a5]">&gt;&gt;</a>&nbsp;&nbsp;&nbsp;HAL_CAN_IRQHandler
</UL>

[...]
</UL>

<P><STRONG><a name="[1c0]"></a>decltype(std::declval&lang;GimbalInit::$_0&&rang;()(std::declval&lang;HAL::CAN::Frame const&&rang;())) std::__2::__invoke[abi:v180000]&lang;GimbalInit::$_0&, HAL::CAN::Frame const&&rang;(GimbalInit::$_0&, HAL::CAN::Frame const&)</STRONG> (Thumb, 20 bytes, Stack size 16 bytes, gimbalinit.o(.text._ZNSt3__28__invokeB7v180000IRZ10GimbalInitE3$_0JRKN3HAL3CAN5FrameEEEEDTclclsr3stdE7declvalIT_EEspclsr3stdE7declvalIT0_EEEEOS8_DpOS9_))
<BR><BR>[Stack]<UL><LI>Max Depth = 120<LI>Call Chain = decltype(std::declval&lang;GimbalInit::$_0&&rang;()(std::declval&lang;HAL::CAN::Frame const&&rang;())) std::__2::__invoke[abi:v180000]&lang;GimbalInit::$_0&, HAL::CAN::Frame const&&rang;(GimbalInit::$_0&, HAL::CAN::Frame const&) &rArr; GimbalInit::$_0::operator()(HAL::CAN::Frame const&) const &rArr; BSP::MOTOR::DM::DMMotorBase&lang;(unsigned char)2&rang;::Parse(HAL::CAN::Frame const&) &rArr; BSP::MOTOR::MotorBase&lang;(unsigned char)2&rang;::updateTimestamp(unsigned char) &rArr; BSP::WATCH_STATE::StateWatch::UpdateLastTime()
</UL>
<BR>[Calls]<UL><LI><a href="#[1db]">&gt;&gt;</a>&nbsp;&nbsp;&nbsp;GimbalInit::$_0::operator()(HAL::CAN::Frame const&) const
</UL>
<BR>[Called By]<UL><LI><a href="#[190]">&gt;&gt;</a>&nbsp;&nbsp;&nbsp;void std::__2::__invoke_void_return_wrapper&lang;void, true&rang;::__call[abi:v180000]&lang;GimbalInit::$_0&, HAL::CAN::Frame const&&rang;(GimbalInit::$_0&, HAL::CAN::Frame const&)
</UL>

<P><STRONG><a name="[1db]"></a>GimbalInit::$_0::operator()(HAL::CAN::Frame const&) const</STRONG> (Thumb, 26 bytes, Stack size 16 bytes, gimbalinit.o(.text._ZZ10GimbalInitENK3$_0clERKN3HAL3CAN5FrameE))
<BR><BR>[Stack]<UL><LI>Max Depth = 104<LI>Call Chain = GimbalInit::$_0::operator()(HAL::CAN::Frame const&) const &rArr; BSP::MOTOR::DM::DMMotorBase&lang;(unsigned char)2&rang;::Parse(HAL::CAN::Frame const&) &rArr; BSP::MOTOR::MotorBase&lang;(unsigned char)2&rang;::updateTimestamp(unsigned char) &rArr; BSP::WATCH_STATE::StateWatch::UpdateLastTime()
</UL>
<BR>[Calls]<UL><LI><a href="#[6e]">&gt;&gt;</a>&nbsp;&nbsp;&nbsp;BSP::MOTOR::DM::DMMotorBase&lang;(unsigned char)2&rang;::Parse(HAL::CAN::Frame const&)
</UL>
<BR>[Called By]<UL><LI><a href="#[1c0]">&gt;&gt;</a>&nbsp;&nbsp;&nbsp;decltype(std::declval&lang;GimbalInit::$_0&&rang;()(std::declval&lang;HAL::CAN::Frame const&&rang;())) std::__2::__invoke[abi:v180000]&lang;GimbalInit::$_0&, HAL::CAN::Frame const&&rang;(GimbalInit::$_0&, HAL::CAN::Frame const&)
</UL>

<P><STRONG><a name="[188]"></a>bool std::__2::__function::__not_null[abi:v180000]&lang;GimbalInit::$_1&rang;(GimbalInit::$_1 const&)</STRONG> (Thumb, 10 bytes, Stack size 4 bytes, gimbalinit.o(.text._ZNSt3__210__function10__not_nullB7v180000IZ10GimbalInitE3$_1EEbRKT_))
<BR><BR>[Stack]<UL><LI>Max Depth = 4<LI>Call Chain = bool std::__2::__function::__not_null[abi:v180000]&lang;GimbalInit::$_1&rang;(GimbalInit::$_1 const&)
</UL>
<BR>[Called By]<UL><LI><a href="#[187]">&gt;&gt;</a>&nbsp;&nbsp;&nbsp;std::__2::__function::__policy_func&lang;void (HAL::CAN::Frame const&)&rang;::__policy_func__sub_object[abi:v180000]&lang;GimbalInit::$_1, 0&rang;(GimbalInit::$_1&&)
</UL>

<P><STRONG><a name="[189]"></a>std::__2::__function::__policy_invoker&lang;void (HAL::CAN::Frame const&)&rang; std::__2::__function::__policy_invoker&lang;void (HAL::CAN::Frame const&)&rang;::__create[abi:v180000]&lang;std::__2::__function::__default_alloc_func&lang;GimbalInit::$_1, void (HAL::CAN::Frame const&)&rang;&rang;()</STRONG> (Thumb, 24 bytes, Stack size 16 bytes, gimbalinit.o(.text._ZNSt3__210__function16__policy_invokerIFvRKN3HAL3CAN5FrameEEE8__createB7v180000INS0_20__default_alloc_funcIZ10GimbalInitE3$_1S7_EEEES8_v))
<BR><BR>[Stack]<UL><LI>Max Depth = 24<LI>Call Chain = std::__2::__function::__policy_invoker&lang;void (HAL::CAN::Frame const&)&rang; std::__2::__function::__policy_invoker&lang;void (HAL::CAN::Frame const&)&rang;::__create[abi:v180000]&lang;std::__2::__function::__default_alloc_func&lang;GimbalInit::$_1, void (HAL::CAN::Frame const&)&rang;&rang;() &rArr; std::__2::__function::__policy_invoker&lang;void (HAL::CAN::Frame const&)&rang;::__policy_invoker__sub_object[abi:v180000](void (*)(std::__2::__function::__policy_storage const*, HAL::CAN::Frame const&))
</UL>
<BR>[Calls]<UL><LI><a href="#[18f]">&gt;&gt;</a>&nbsp;&nbsp;&nbsp;std::__2::__function::__policy_invoker&lang;void (HAL::CAN::Frame const&)&rang;::__policy_invoker__sub_object[abi:v180000](void (*)(std::__2::__function::__policy_storage const*, HAL::CAN::Frame const&))
</UL>
<BR>[Called By]<UL><LI><a href="#[187]">&gt;&gt;</a>&nbsp;&nbsp;&nbsp;std::__2::__function::__policy_func&lang;void (HAL::CAN::Frame const&)&rang;::__policy_func__sub_object[abi:v180000]&lang;GimbalInit::$_1, 0&rang;(GimbalInit::$_1&&)
</UL>

<P><STRONG><a name="[18a]"></a>std::__2::__function::__policy const* std::__2::__function::__policy::__create[abi:v180000]&lang;std::__2::__function::__default_alloc_func&lang;GimbalInit::$_1, void (HAL::CAN::Frame const&)&rang;&rang;()</STRONG> (Thumb, 12 bytes, Stack size 16 bytes, gimbalinit.o(.text._ZNSt3__210__function8__policy8__createB7v180000INS0_20__default_alloc_funcIZ10GimbalInitE3$_1FvRKN3HAL3CAN5FrameEEEEEEPKS1_v))
<BR><BR>[Stack]<UL><LI>Max Depth = 20<LI>Call Chain = std::__2::__function::__policy const* std::__2::__function::__policy::__create[abi:v180000]&lang;std::__2::__function::__default_alloc_func&lang;GimbalInit::$_1, void (HAL::CAN::Frame const&)&rang;&rang;() &rArr; std::__2::__function::__policy const* std::__2::__function::__policy::__choose_policy[abi:v180000]&lang;std::__2::__function::__default_alloc_func&lang;GimbalInit::$_1, void (HAL::CAN::Frame const&)&rang;&rang;(std::__2::integral_constant&lang;bool, true&rang;)
</UL>
<BR>[Calls]<UL><LI><a href="#[193]">&gt;&gt;</a>&nbsp;&nbsp;&nbsp;std::__2::__function::__policy const* std::__2::__function::__policy::__choose_policy[abi:v180000]&lang;std::__2::__function::__default_alloc_func&lang;GimbalInit::$_1, void (HAL::CAN::Frame const&)&rang;&rang;(std::__2::integral_constant&lang;bool, true&rang;)
</UL>
<BR>[Called By]<UL><LI><a href="#[187]">&gt;&gt;</a>&nbsp;&nbsp;&nbsp;std::__2::__function::__policy_func&lang;void (HAL::CAN::Frame const&)&rang;::__policy_func__sub_object[abi:v180000]&lang;GimbalInit::$_1, 0&rang;(GimbalInit::$_1&&)
</UL>

<P><STRONG><a name="[18b]"></a>std::__2::__function::__default_alloc_func&lang;GimbalInit::$_1, void (HAL::CAN::Frame const&)&rang;::__default_alloc_func__sub_object[abi:v180000](GimbalInit::$_1&&)</STRONG> (Thumb, 12 bytes, Stack size 8 bytes, gimbalinit.o(.text._ZNSt3__210__function20__default_alloc_funcIZ10GimbalInitE3$_1FvRKN3HAL3CAN5FrameEEEC2B7v180000EOS2_))
<BR><BR>[Stack]<UL><LI>Max Depth = 8<LI>Call Chain = std::__2::__function::__default_alloc_func&lang;GimbalInit::$_1, void (HAL::CAN::Frame const&)&rang;::__default_alloc_func__sub_object[abi:v180000](GimbalInit::$_1&&)
</UL>
<BR>[Called By]<UL><LI><a href="#[187]">&gt;&gt;</a>&nbsp;&nbsp;&nbsp;std::__2::__function::__policy_func&lang;void (HAL::CAN::Frame const&)&rang;::__policy_func__sub_object[abi:v180000]&lang;GimbalInit::$_1, 0&rang;(GimbalInit::$_1&&)
</UL>

<P><STRONG><a name="[66]"></a>void std::__2::__function::__policy_invoker&lang;void (HAL::CAN::Frame const&)&rang;::__call_impl[abi:v180000]&lang;std::__2::__function::__default_alloc_func&lang;GimbalInit::$_1, void (HAL::CAN::Frame const&)&rang;&rang;(std::__2::__function::__policy_storage const*, HAL::CAN::Frame const&)</STRONG> (Thumb, 24 bytes, Stack size 24 bytes, gimbalinit.o(.text._ZNSt3__210__function16__policy_invokerIFvRKN3HAL3CAN5FrameEEE11__call_implB7v180000INS0_20__default_alloc_funcIZ10GimbalInitE3$_1S7_EEEEvPKNS0_16__policy_storageES6_))
<BR><BR>[Stack]<UL><LI>Max Depth = 176<LI>Call Chain = void std::__2::__function::__policy_invoker&lang;void (HAL::CAN::Frame const&)&rang;::__call_impl[abi:v180000]&lang;std::__2::__function::__default_alloc_func&lang;GimbalInit::$_1, void (HAL::CAN::Frame const&)&rang;&rang;(std::__2::__function::__policy_storage const*, HAL::CAN::Frame const&) &rArr; std::__2::__function::__default_alloc_func&lang;GimbalInit::$_1, void (HAL::CAN::Frame const&)&rang;::operator()[abi:v180000](HAL::CAN::Frame const&) &rArr; void std::__2::__invoke_void_return_wrapper&lang;void, true&rang;::__call[abi:v180000]&lang;GimbalInit::$_1&, HAL::CAN::Frame const&&rang;(GimbalInit::$_1&, HAL::CAN::Frame const&) &rArr; decltype(std::declval&lang;GimbalInit::$_1&&rang;()(std::declval&lang;HAL::CAN::Frame const&&rang;())) std::__2::__invoke[abi:v180000]&lang;GimbalInit::$_1&, HAL::CAN::Frame const&&rang;(GimbalInit::$_1&, HAL::CAN::Frame const&) &rArr; GimbalInit::$_1::operator()(HAL::CAN::Frame const&) const &rArr; BSP::MOTOR::DM::DMMotorBase&lang;(unsigned char)1&rang;::Parse(HAL::CAN::Frame const&) &rArr; BSP::MOTOR::MotorBase&lang;(unsigned char)1&rang;::updateTimestamp(unsigned char) &rArr; BSP::WATCH_STATE::StateWatch::UpdateLastTime()
</UL>
<BR>[Calls]<UL><LI><a href="#[18d]">&gt;&gt;</a>&nbsp;&nbsp;&nbsp;std::__2::__function::__default_alloc_func&lang;GimbalInit::$_1, void (HAL::CAN::Frame const&)&rang;::operator()[abi:v180000](HAL::CAN::Frame const&)
</UL>
<BR>[Address Reference Count : 1]<UL><LI> gimbalinit.o(.text._ZNSt3__210__function16__policy_invokerIFvRKN3HAL3CAN5FrameEEE8__createB7v180000INS0_20__default_alloc_funcIZ10GimbalInitE3$_1S7_EEEES8_v)
</UL>
<P><STRONG><a name="[193]"></a>std::__2::__function::__policy const* std::__2::__function::__policy::__choose_policy[abi:v180000]&lang;std::__2::__function::__default_alloc_func&lang;GimbalInit::$_1, void (HAL::CAN::Frame const&)&rang;&rang;(std::__2::integral_constant&lang;bool, true&rang;)</STRONG> (Thumb, 14 bytes, Stack size 4 bytes, gimbalinit.o(.text._ZNSt3__210__function8__policy15__choose_policyB7v180000INS0_20__default_alloc_funcIZ10GimbalInitE3$_1FvRKN3HAL3CAN5FrameEEEEEEPKS1_NS_17integral_constantIbLb1EEE))
<BR><BR>[Stack]<UL><LI>Max Depth = 4<LI>Call Chain = std::__2::__function::__policy const* std::__2::__function::__policy::__choose_policy[abi:v180000]&lang;std::__2::__function::__default_alloc_func&lang;GimbalInit::$_1, void (HAL::CAN::Frame const&)&rang;&rang;(std::__2::integral_constant&lang;bool, true&rang;)
</UL>
<BR>[Called By]<UL><LI><a href="#[18a]">&gt;&gt;</a>&nbsp;&nbsp;&nbsp;std::__2::__function::__policy const* std::__2::__function::__policy::__create[abi:v180000]&lang;std::__2::__function::__default_alloc_func&lang;GimbalInit::$_1, void (HAL::CAN::Frame const&)&rang;&rang;()
</UL>

<P><STRONG><a name="[18d]"></a>std::__2::__function::__default_alloc_func&lang;GimbalInit::$_1, void (HAL::CAN::Frame const&)&rang;::operator()[abi:v180000](HAL::CAN::Frame const&)</STRONG> (Thumb, 20 bytes, Stack size 16 bytes, gimbalinit.o(.text._ZNSt3__210__function20__default_alloc_funcIZ10GimbalInitE3$_1FvRKN3HAL3CAN5FrameEEEclB7v180000ES7_))
<BR><BR>[Stack]<UL><LI>Max Depth = 152<LI>Call Chain = std::__2::__function::__default_alloc_func&lang;GimbalInit::$_1, void (HAL::CAN::Frame const&)&rang;::operator()[abi:v180000](HAL::CAN::Frame const&) &rArr; void std::__2::__invoke_void_return_wrapper&lang;void, true&rang;::__call[abi:v180000]&lang;GimbalInit::$_1&, HAL::CAN::Frame const&&rang;(GimbalInit::$_1&, HAL::CAN::Frame const&) &rArr; decltype(std::declval&lang;GimbalInit::$_1&&rang;()(std::declval&lang;HAL::CAN::Frame const&&rang;())) std::__2::__invoke[abi:v180000]&lang;GimbalInit::$_1&, HAL::CAN::Frame const&&rang;(GimbalInit::$_1&, HAL::CAN::Frame const&) &rArr; GimbalInit::$_1::operator()(HAL::CAN::Frame const&) const &rArr; BSP::MOTOR::DM::DMMotorBase&lang;(unsigned char)1&rang;::Parse(HAL::CAN::Frame const&) &rArr; BSP::MOTOR::MotorBase&lang;(unsigned char)1&rang;::updateTimestamp(unsigned char) &rArr; BSP::WATCH_STATE::StateWatch::UpdateLastTime()
</UL>
<BR>[Calls]<UL><LI><a href="#[191]">&gt;&gt;</a>&nbsp;&nbsp;&nbsp;void std::__2::__invoke_void_return_wrapper&lang;void, true&rang;::__call[abi:v180000]&lang;GimbalInit::$_1&, HAL::CAN::Frame const&&rang;(GimbalInit::$_1&, HAL::CAN::Frame const&)
</UL>
<BR>[Called By]<UL><LI><a href="#[66]">&gt;&gt;</a>&nbsp;&nbsp;&nbsp;void std::__2::__function::__policy_invoker&lang;void (HAL::CAN::Frame const&)&rang;::__call_impl[abi:v180000]&lang;std::__2::__function::__default_alloc_func&lang;GimbalInit::$_1, void (HAL::CAN::Frame const&)&rang;&rang;(std::__2::__function::__policy_storage const*, HAL::CAN::Frame const&)
</UL>

<P><STRONG><a name="[191]"></a>void std::__2::__invoke_void_return_wrapper&lang;void, true&rang;::__call[abi:v180000]&lang;GimbalInit::$_1&, HAL::CAN::Frame const&&rang;(GimbalInit::$_1&, HAL::CAN::Frame const&)</STRONG> (Thumb, 20 bytes, Stack size 16 bytes, gimbalinit.o(.text._ZNSt3__228__invoke_void_return_wrapperIvLb1EE6__callB7v180000IJRZ10GimbalInitE3$_1RKN3HAL3CAN5FrameEEEEvDpOT_))
<BR><BR>[Stack]<UL><LI>Max Depth = 136<LI>Call Chain = void std::__2::__invoke_void_return_wrapper&lang;void, true&rang;::__call[abi:v180000]&lang;GimbalInit::$_1&, HAL::CAN::Frame const&&rang;(GimbalInit::$_1&, HAL::CAN::Frame const&) &rArr; decltype(std::declval&lang;GimbalInit::$_1&&rang;()(std::declval&lang;HAL::CAN::Frame const&&rang;())) std::__2::__invoke[abi:v180000]&lang;GimbalInit::$_1&, HAL::CAN::Frame const&&rang;(GimbalInit::$_1&, HAL::CAN::Frame const&) &rArr; GimbalInit::$_1::operator()(HAL::CAN::Frame const&) const &rArr; BSP::MOTOR::DM::DMMotorBase&lang;(unsigned char)1&rang;::Parse(HAL::CAN::Frame const&) &rArr; BSP::MOTOR::MotorBase&lang;(unsigned char)1&rang;::updateTimestamp(unsigned char) &rArr; BSP::WATCH_STATE::StateWatch::UpdateLastTime()
</UL>
<BR>[Calls]<UL><LI><a href="#[1c1]">&gt;&gt;</a>&nbsp;&nbsp;&nbsp;decltype(std::declval&lang;GimbalInit::$_1&&rang;()(std::declval&lang;HAL::CAN::Frame const&&rang;())) std::__2::__invoke[abi:v180000]&lang;GimbalInit::$_1&, HAL::CAN::Frame const&&rang;(GimbalInit::$_1&, HAL::CAN::Frame const&)
</UL>
<BR>[Called By]<UL><LI><a href="#[18d]">&gt;&gt;</a>&nbsp;&nbsp;&nbsp;std::__2::__function::__default_alloc_func&lang;GimbalInit::$_1, void (HAL::CAN::Frame const&)&rang;::operator()[abi:v180000](HAL::CAN::Frame const&)
</UL>

<P><STRONG><a name="[1c1]"></a>decltype(std::declval&lang;GimbalInit::$_1&&rang;()(std::declval&lang;HAL::CAN::Frame const&&rang;())) std::__2::__invoke[abi:v180000]&lang;GimbalInit::$_1&, HAL::CAN::Frame const&&rang;(GimbalInit::$_1&, HAL::CAN::Frame const&)</STRONG> (Thumb, 20 bytes, Stack size 16 bytes, gimbalinit.o(.text._ZNSt3__28__invokeB7v180000IRZ10GimbalInitE3$_1JRKN3HAL3CAN5FrameEEEEDTclclsr3stdE7declvalIT_EEspclsr3stdE7declvalIT0_EEEEOS8_DpOS9_))
<BR><BR>[Stack]<UL><LI>Max Depth = 120<LI>Call Chain = decltype(std::declval&lang;GimbalInit::$_1&&rang;()(std::declval&lang;HAL::CAN::Frame const&&rang;())) std::__2::__invoke[abi:v180000]&lang;GimbalInit::$_1&, HAL::CAN::Frame const&&rang;(GimbalInit::$_1&, HAL::CAN::Frame const&) &rArr; GimbalInit::$_1::operator()(HAL::CAN::Frame const&) const &rArr; BSP::MOTOR::DM::DMMotorBase&lang;(unsigned char)1&rang;::Parse(HAL::CAN::Frame const&) &rArr; BSP::MOTOR::MotorBase&lang;(unsigned char)1&rang;::updateTimestamp(unsigned char) &rArr; BSP::WATCH_STATE::StateWatch::UpdateLastTime()
</UL>
<BR>[Calls]<UL><LI><a href="#[1dc]">&gt;&gt;</a>&nbsp;&nbsp;&nbsp;GimbalInit::$_1::operator()(HAL::CAN::Frame const&) const
</UL>
<BR>[Called By]<UL><LI><a href="#[191]">&gt;&gt;</a>&nbsp;&nbsp;&nbsp;void std::__2::__invoke_void_return_wrapper&lang;void, true&rang;::__call[abi:v180000]&lang;GimbalInit::$_1&, HAL::CAN::Frame const&&rang;(GimbalInit::$_1&, HAL::CAN::Frame const&)
</UL>

<P><STRONG><a name="[1dc]"></a>GimbalInit::$_1::operator()(HAL::CAN::Frame const&) const</STRONG> (Thumb, 26 bytes, Stack size 16 bytes, gimbalinit.o(.text._ZZ10GimbalInitENK3$_1clERKN3HAL3CAN5FrameE))
<BR><BR>[Stack]<UL><LI>Max Depth = 104<LI>Call Chain = GimbalInit::$_1::operator()(HAL::CAN::Frame const&) const &rArr; BSP::MOTOR::DM::DMMotorBase&lang;(unsigned char)1&rang;::Parse(HAL::CAN::Frame const&) &rArr; BSP::MOTOR::MotorBase&lang;(unsigned char)1&rang;::updateTimestamp(unsigned char) &rArr; BSP::WATCH_STATE::StateWatch::UpdateLastTime()
</UL>
<BR>[Calls]<UL><LI><a href="#[6b]">&gt;&gt;</a>&nbsp;&nbsp;&nbsp;BSP::MOTOR::DM::DMMotorBase&lang;(unsigned char)1&rang;::Parse(HAL::CAN::Frame const&)
</UL>
<BR>[Called By]<UL><LI><a href="#[1c1]">&gt;&gt;</a>&nbsp;&nbsp;&nbsp;decltype(std::declval&lang;GimbalInit::$_1&&rang;()(std::declval&lang;HAL::CAN::Frame const&&rang;())) std::__2::__invoke[abi:v180000]&lang;GimbalInit::$_1&, HAL::CAN::Frame const&&rang;(GimbalInit::$_1&, HAL::CAN::Frame const&)
</UL>

<P><STRONG><a name="[86]"></a>_GLOBAL__sub_I_GimbalInit.cpp</STRONG> (Thumb, 12 bytes, Stack size 8 bytes, gimbalinit.o(.text._GLOBAL__sub_I_GimbalInit.cpp))
<BR><BR>[Stack]<UL><LI>Max Depth = 104<LI>Call Chain = _GLOBAL__sub_I_GimbalInit.cpp &rArr; __cxx_global_var_init &rArr; BSP::CTRL::GimbalController::GimbalController__sub_object() &rArr; BSP::CTRL::JointController::JointController__sub_object() &rArr; PID::PID__sub_object(double, double) &rArr; __aeabi_d2f
</UL>
<BR>[Calls]<UL><LI><a href="#[109]">&gt;&gt;</a>&nbsp;&nbsp;&nbsp;__cxx_global_var_init.1
<LI><a href="#[108]">&gt;&gt;</a>&nbsp;&nbsp;&nbsp;__cxx_global_var_init
</UL>
<BR>[Address Reference Count : 1]<UL><LI> gimbalinit.o(.init_array)
</UL>
<P><STRONG><a name="[10a]"></a>__cxx_global_var_init</STRONG> (Thumb, 16 bytes, Stack size 8 bytes, vofa.o(.text.__cxx_global_var_init))
<BR><BR>[Stack]<UL><LI>Max Depth = 12<LI>Call Chain = __cxx_global_var_init &rArr; APP::Vofa_t::Vofa_t()
</UL>
<BR>[Calls]<UL><LI><a href="#[1e7]">&gt;&gt;</a>&nbsp;&nbsp;&nbsp;APP::Vofa_t::Vofa_t()
</UL>
<BR>[Called By]<UL><LI><a href="#[87]">&gt;&gt;</a>&nbsp;&nbsp;&nbsp;_GLOBAL__sub_I_Vofa.cpp
</UL>

<P><STRONG><a name="[87]"></a>_GLOBAL__sub_I_Vofa.cpp</STRONG> (Thumb, 8 bytes, Stack size 8 bytes, vofa.o(.text._GLOBAL__sub_I_Vofa.cpp))
<BR><BR>[Stack]<UL><LI>Max Depth = 20<LI>Call Chain = _GLOBAL__sub_I_Vofa.cpp &rArr; __cxx_global_var_init &rArr; APP::Vofa_t::Vofa_t()
</UL>
<BR>[Calls]<UL><LI><a href="#[10a]">&gt;&gt;</a>&nbsp;&nbsp;&nbsp;__cxx_global_var_init
</UL>
<BR>[Address Reference Count : 1]<UL><LI> vofa.o(.init_array)
</UL>
<P><STRONG><a name="[1f1]"></a>_fp_digits</STRONG> (Thumb, 366 bytes, Stack size 64 bytes, printfa.o(i._fp_digits), UNUSED)
<BR><BR>[Calls]<UL><LI><a href="#[a3]">&gt;&gt;</a>&nbsp;&nbsp;&nbsp;__aeabi_ddiv
<LI><a href="#[a4]">&gt;&gt;</a>&nbsp;&nbsp;&nbsp;__aeabi_d2ulz
<LI><a href="#[1f2]">&gt;&gt;</a>&nbsp;&nbsp;&nbsp;__aeabi_cdrcmple
<LI><a href="#[8e]">&gt;&gt;</a>&nbsp;&nbsp;&nbsp;__aeabi_uldivmod
<LI><a href="#[96]">&gt;&gt;</a>&nbsp;&nbsp;&nbsp;__aeabi_dadd
<LI><a href="#[9c]">&gt;&gt;</a>&nbsp;&nbsp;&nbsp;__aeabi_dmul
</UL>
<BR>[Called By]<UL><LI><a href="#[1eb]">&gt;&gt;</a>&nbsp;&nbsp;&nbsp;_printf_core
</UL>

<P><STRONG><a name="[1eb]"></a>_printf_core</STRONG> (Thumb, 1744 bytes, Stack size 136 bytes, printfa.o(i._printf_core), UNUSED)
<BR><BR>[Calls]<UL><LI><a href="#[1f3]">&gt;&gt;</a>&nbsp;&nbsp;&nbsp;_printf_pre_padding
<LI><a href="#[1f4]">&gt;&gt;</a>&nbsp;&nbsp;&nbsp;_printf_post_padding
<LI><a href="#[1f1]">&gt;&gt;</a>&nbsp;&nbsp;&nbsp;_fp_digits
<LI><a href="#[8e]">&gt;&gt;</a>&nbsp;&nbsp;&nbsp;__aeabi_uldivmod
<LI><a href="#[1f5]">&gt;&gt;</a>&nbsp;&nbsp;&nbsp;__aeabi_uidivmod
</UL>
<BR>[Called By]<UL><LI><a href="#[1ea]">&gt;&gt;</a>&nbsp;&nbsp;&nbsp;__0vfprintf
</UL>

<P><STRONG><a name="[1f4]"></a>_printf_post_padding</STRONG> (Thumb, 36 bytes, Stack size 24 bytes, printfa.o(i._printf_post_padding), UNUSED)
<BR><BR>[Called By]<UL><LI><a href="#[1eb]">&gt;&gt;</a>&nbsp;&nbsp;&nbsp;_printf_core
</UL>

<P><STRONG><a name="[1f3]"></a>_printf_pre_padding</STRONG> (Thumb, 46 bytes, Stack size 24 bytes, printfa.o(i._printf_pre_padding), UNUSED)
<BR><BR>[Called By]<UL><LI><a href="#[1eb]">&gt;&gt;</a>&nbsp;&nbsp;&nbsp;_printf_core
</UL>
<P>
<H3>
Undefined Global Symbols
</H3><HR></body></html>
