Component: Arm Compiler for Embedded 6.21 Tool: armlink [5ec1fa00]

==============================================================================

Section Cross References

    startup_stm32f407xx.o(RESET) refers to startup_stm32f407xx.o(STACK) for __initial_sp
    startup_stm32f407xx.o(RESET) refers to startup_stm32f407xx.o(.text) for Reset_Handler
    startup_stm32f407xx.o(RESET) refers to stm32f4xx_it.o(.text.NMI_Handler) for NMI_Handler
    startup_stm32f407xx.o(RESET) refers to stm32f4xx_it.o(.text.HardFault_Handler) for HardFault_Handler
    startup_stm32f407xx.o(RESET) refers to stm32f4xx_it.o(.text.MemManage_Handler) for MemManage_Handler
    startup_stm32f407xx.o(RESET) refers to stm32f4xx_it.o(.text.BusFault_Handler) for BusFault_Handler
    startup_stm32f407xx.o(RESET) refers to stm32f4xx_it.o(.text.UsageFault_Handler) for UsageFault_Handler
    startup_stm32f407xx.o(RESET) refers to stm32f4xx_it.o(.text.SVC_Handler) for SVC_Handler
    startup_stm32f407xx.o(RESET) refers to stm32f4xx_it.o(.text.DebugMon_Handler) for DebugMon_Handler
    startup_stm32f407xx.o(RESET) refers to stm32f4xx_it.o(.text.PendSV_Handler) for PendSV_Handler
    startup_stm32f407xx.o(RESET) refers to stm32f4xx_it.o(.text.SysTick_Handler) for SysTick_Handler
    startup_stm32f407xx.o(RESET) refers to stm32f4xx_it.o(.text.CAN1_RX0_IRQHandler) for CAN1_RX0_IRQHandler
    startup_stm32f407xx.o(RESET) refers to stm32f4xx_it.o(.text.CAN1_RX1_IRQHandler) for CAN1_RX1_IRQHandler
    startup_stm32f407xx.o(RESET) refers to stm32f4xx_it.o(.text.USART3_IRQHandler) for USART3_IRQHandler
    startup_stm32f407xx.o(RESET) refers to stm32f4xx_it.o(.text.DMA2_Stream1_IRQHandler) for DMA2_Stream1_IRQHandler
    startup_stm32f407xx.o(RESET) refers to stm32f4xx_it.o(.text.CAN2_RX0_IRQHandler) for CAN2_RX0_IRQHandler
    startup_stm32f407xx.o(RESET) refers to stm32f4xx_it.o(.text.CAN2_RX1_IRQHandler) for CAN2_RX1_IRQHandler
    startup_stm32f407xx.o(RESET) refers to stm32f4xx_it.o(.text.DMA2_Stream6_IRQHandler) for DMA2_Stream6_IRQHandler
    startup_stm32f407xx.o(RESET) refers to stm32f4xx_it.o(.text.USART6_IRQHandler) for USART6_IRQHandler
    startup_stm32f407xx.o(.text) refers to system_stm32f4xx.o(.text.SystemInit) for SystemInit
    startup_stm32f407xx.o(.text) refers to entry.o(.ARM.Collect$$$$00000000) for __main
    main.o(.text.main) refers to stm32f4xx_hal.o(.text.HAL_Init) for HAL_Init
    main.o(.text.main) refers to main.o(.text.SystemClock_Config) for SystemClock_Config
    main.o(.text.main) refers to gpio.o(.text.MX_GPIO_Init) for MX_GPIO_Init
    main.o(.text.main) refers to dma.o(.text.MX_DMA_Init) for MX_DMA_Init
    main.o(.text.main) refers to can.o(.text.MX_CAN1_Init) for MX_CAN1_Init
    main.o(.text.main) refers to can.o(.text.MX_CAN2_Init) for MX_CAN2_Init
    main.o(.text.main) refers to usart.o(.text.MX_USART3_UART_Init) for MX_USART3_UART_Init
    main.o(.text.main) refers to usart.o(.text.MX_USART6_UART_Init) for MX_USART6_UART_Init
    main.o(.text.main) refers to gimbalinit.o(.text.GimbalInit) for GimbalInit
    main.o(.text.main) refers to gimbalinit.o(.text.GimbalUpdate) for GimbalUpdate
    main.o(.text.main) refers to stm32f4xx_hal.o(.text.HAL_Delay) for HAL_Delay
    main.o(.ARM.exidx.text.main) refers to main.o(.text.main) for [Anonymous Symbol]
    main.o(.text.SystemClock_Config) refers to memseta.o(.text) for __aeabi_memclr4
    main.o(.text.SystemClock_Config) refers to stm32f4xx_hal_rcc.o(.text.HAL_RCC_OscConfig) for HAL_RCC_OscConfig
    main.o(.text.SystemClock_Config) refers to main.o(.text.Error_Handler) for Error_Handler
    main.o(.text.SystemClock_Config) refers to stm32f4xx_hal_rcc.o(.text.HAL_RCC_ClockConfig) for HAL_RCC_ClockConfig
    main.o(.ARM.exidx.text.SystemClock_Config) refers to main.o(.text.SystemClock_Config) for [Anonymous Symbol]
    main.o(.ARM.exidx.text.Error_Handler) refers to main.o(.text.Error_Handler) for [Anonymous Symbol]
    gpio.o(.ARM.exidx.text.MX_GPIO_Init) refers to gpio.o(.text.MX_GPIO_Init) for [Anonymous Symbol]
    can.o(.text.MX_CAN1_Init) refers to can.o(.bss.hcan1) for hcan1
    can.o(.text.MX_CAN1_Init) refers to stm32f4xx_hal_can.o(.text.HAL_CAN_Init) for HAL_CAN_Init
    can.o(.text.MX_CAN1_Init) refers to main.o(.text.Error_Handler) for Error_Handler
    can.o(.ARM.exidx.text.MX_CAN1_Init) refers to can.o(.text.MX_CAN1_Init) for [Anonymous Symbol]
    can.o(.text.MX_CAN2_Init) refers to can.o(.bss.hcan2) for hcan2
    can.o(.text.MX_CAN2_Init) refers to stm32f4xx_hal_can.o(.text.HAL_CAN_Init) for HAL_CAN_Init
    can.o(.text.MX_CAN2_Init) refers to main.o(.text.Error_Handler) for Error_Handler
    can.o(.ARM.exidx.text.MX_CAN2_Init) refers to can.o(.text.MX_CAN2_Init) for [Anonymous Symbol]
    can.o(.text.HAL_CAN_MspInit) refers to can.o(.bss.HAL_RCC_CAN1_CLK_ENABLED) for HAL_RCC_CAN1_CLK_ENABLED
    can.o(.text.HAL_CAN_MspInit) refers to stm32f4xx_hal_gpio.o(.text.HAL_GPIO_Init) for HAL_GPIO_Init
[...]
    __0vfprintf                              0x08008d79   Thumb Code    20  printfa.o(i.__0vfprintf)
    __1vfprintf                              0x08008d79   Thumb Code     0  printfa.o(i.__0vfprintf)
    __2vfprintf                              0x08008d79   Thumb Code     0  printfa.o(i.__0vfprintf)
    __c89vfprintf                            0x08008d79   Thumb Code     0  printfa.o(i.__0vfprintf)
    vfprintf                                 0x08008d79   Thumb Code     0  printfa.o(i.__0vfprintf)
    __aligned_malloc                         0x08008d91   Thumb Code   142  malloca.o(i.__aligned_malloc)
    free                                     0x08008e31   Thumb Code    76  malloca.o(i.__free$memalign)
    __hardfp_cosf                            0x08008e81   Thumb Code   280  cosf.o(i.__hardfp_cosf)
    malloc                                   0x08008fd1   Thumb Code     6  malloca.o(i.__malloc$memalign)
    __mathlib_flt_infnan                     0x08008fd7   Thumb Code     6  funder.o(i.__mathlib_flt_infnan)
    __mathlib_flt_invalid                    0x08008fdd   Thumb Code    10  funder.o(i.__mathlib_flt_invalid)
    __mathlib_rredf2                         0x08008fed   Thumb Code   316  rredf.o(i.__mathlib_rredf2)
    __scatterload_copy                       0x08009141   Thumb Code    14  handlers.o(i.__scatterload_copy)
    __scatterload_null                       0x0800914f   Thumb Code     2  handlers.o(i.__scatterload_null)
    __scatterload_zeroinit                   0x08009151   Thumb Code    14  handlers.o(i.__scatterload_zeroinit)
    __set_errno                              0x08009161   Thumb Code     6  errno.o(i.__set_errno)
    fputc                                    0x08009a1f   Thumb Code    18  fputc.o(i.fputc)
    AHBPrescTable                            0x08009a50   Data          16  system_stm32f4xx.o(.rodata.AHBPrescTable)
    APBPrescTable                            0x08009a60   Data           8  system_stm32f4xx.o(.rodata.APBPrescTable)
    vtable for BSP::MOTOR::DM::DMMotorBase<(unsigned char)1> 0x08009a70   Data          20  gimbalinit.o(.rodata._ZTVN3BSP5MOTOR2DM11DMMotorBaseILh1EEE)
    vtable for BSP::MOTOR::DM::DMMotorBase<(unsigned char)2> 0x08009a84   Data          20  gimbalinit.o(.rodata._ZTVN3BSP5MOTOR2DM11DMMotorBaseILh2EEE)
    vtable for BSP::MOTOR::DM::DM4310        0x08009a98   Data          20  gimbalinit.o(.rodata._ZTVN3BSP5MOTOR2DM6DM4310E)
    vtable for BSP::MOTOR::DM::DM4340        0x08009aac   Data          20  gimbalinit.o(.rodata._ZTVN3BSP5MOTOR2DM6DM4340E)
    vtable for BSP::MOTOR::MotorBase<(unsigned char)1> 0x08009ac0   Data          20  gimbalinit.o(.rodata._ZTVN3BSP5MOTOR9MotorBaseILh1EEE)
    vtable for BSP::MOTOR::MotorBase<(unsigned char)2> 0x08009ad4   Data          20  gimbalinit.o(.rodata._ZTVN3BSP5MOTOR9MotorBaseILh2EEE)
    vtable for HAL::CAN::ICanDevice          0x08009ae8   Data          44  can_device_impl.o(.rodata._ZTVN3HAL3CAN10ICanDeviceE)
    vtable for HAL::CAN::CanBus              0x08009b14   Data          24  can_bus_impl.o(.rodata._ZTVN3HAL3CAN6CanBusE)
    vtable for HAL::CAN::ICanBus             0x08009b2c   Data          24  can_bus_impl.o(.rodata._ZTVN3HAL3CAN7ICanBusE)
    vtable for HAL::CAN::CanDevice           0x08009b44   Data          44  can_device_impl.o(.rodata._ZTVN3HAL3CAN9CanDeviceE)
    std::__2::__function::__policy::__create_empty[abi:v180000]()::__policy 0x08009b70   Data          16  gimbalinit.o(.rodata._ZZNSt3__210__function8__policy14__create_emptyB7v180000EvE8__policy)
    Region$$Table$$Base                      0x08009cec   Number         0  anon$$obj.o(Region$$Table)
    Region$$Table$$Limit                     0x08009d0c   Number         0  anon$$obj.o(Region$$Table)
    SHT$$INIT_ARRAY$$Base                    0x08009d0c   Number         0  gimbalinit.o(.init_array)
    SHT$$INIT_ARRAY$$Limit                   0x08009d14   Number         0  cpp_init.o(.init_array)
    __stderr                                 0x20000000   Data           4  stderr.o(.data)
    __microlib_freelist                      0x20000008   Data           4  mvars.o(.data)
    __microlib_freelist_initialised          0x2000000c   Data           4  mvars.o(.data)
    Controller_Data                          0x20000014   Data         312  variable.o(.data.Controller_Data)
    Joint_Data                               0x2000014c   Data         156  variable.o(.data.Joint_Data)
    SystemCoreClock                          0x200001e8   Data           4  system_stm32f4xx.o(.data.SystemCoreClock)
    Transform_Config                         0x200001ec   Data          24  variable.o(.data.Transform_Config)
    uwTickFreq                               0x20000204   Data           1  stm32f4xx_hal.o(.data.uwTickFreq)
    uwTickPrio                               0x20000208   Data           4  stm32f4xx_hal.o(.data.uwTickPrio)
    Transform_Status                         0x20000214   Data          28  variable.o(.bss.Transform_Status)
    APP::Vofa                                0x2000068c   Data          29  vofa.o(.bss._ZN3APP4VofaE)
    BSP::MOTOR::DM::dm4340_fold              0x200006ac   Data           4  gimbalinit.o(.bss._ZN3BSP5MOTOR2DM11dm4340_foldE)
    BSP::MOTOR::DM::dm4310_yaw_pitch         0x200006b0   Data           4  gimbalinit.o(.bss._ZN3BSP5MOTOR2DM16dm4310_yaw_pitchE)
    __cxa_new_handler                        0x20000838   Data           4  cxa_default_handlers.cpp.o(.bss.__cxa_new_handler)
    hcan1                                    0x2000083c   Data          40  can.o(.bss.hcan1)
    hcan2                                    0x20000864   Data          40  can.o(.bss.hcan2)
    hdma_usart6_rx                           0x2000088c   Data          96  usart.o(.bss.hdma_usart6_rx)
    hdma_usart6_tx                           0x200008ec   Data          96  usart.o(.bss.hdma_usart6_tx)
    huart3                                   0x2000094c   Data          72  usart.o(.bss.huart3)
    huart6                                   0x20000994   Data          72  usart.o(.bss.huart6)
    uwTick                                   0x200009dc   Data           4  stm32f4xx_hal.o(.bss.uwTick)
    __heap_base                              0x200009e0   Data           0  startup_stm32f407xx.o(HEAP)
    __heap_limit                             0x20000be0   Data           0  startup_stm32f407xx.o(HEAP)
    __initial_sp                             0x20000fe0   Data           0  startup_stm32f407xx.o(STACK)



==============================================================================

Memory Map of the image

  Image Entry point : 0x08000189

  Load Region LR_IROM1 (Base: 0x08000000, Size: 0x00009f28, Max: 0x00100000, ABSOLUTE, COMPRESSED[0x00009db0])

    Execution Region ER_IROM1 (Exec base: 0x08000000, Load base: 0x08000000, Size: 0x00009d14, Max: 0x00100000, ABSOLUTE)

    Exec Addr    Load Addr    Size         Type   Attr      Idx    E Section Name        Object

    0x08000000   0x08000000   0x00000188   Data   RO            3    RESET               startup_stm32f407xx.o
    0x08000188   0x08000188   0x00000000   Code   RO         1515  * .ARM.Collect$$$$00000000  mc_w.l(entry.o)
    0x08000188   0x08000188   0x00000004   Code   RO         1584    .ARM.Collect$$$$00000001  mc_w.l(entry2.o)
    0x0800018c   0x0800018c   0x00000004   Code   RO         1587    .ARM.Collect$$$$00000004  mc_w.l(entry5.o)
    0x08000190   0x08000190   0x00000000   Code   RO         1589    .ARM.Collect$$$$00000008  mc_w.l(entry7b.o)
    0x08000190   0x08000190   0x00000004   Code   RO         1590    .ARM.Collect$$$$00000009  mc_w.l(entry8a.o)
    0x08000194   0x08000194   0x00000000   Code   RO         1591    .ARM.Collect$$$$0000000A  mc_w.l(entry8b.o)
    0x08000194   0x08000194   0x00000008   Code   RO         1592    .ARM.Collect$$$$0000000B  mc_w.l(entry9a.o)
    0x0800019c   0x0800019c   0x00000000   Code   RO         1594    .ARM.Collect$$$$0000000D  mc_w.l(entry10a.o)
    0x0800019c   0x0800019c   0x00000004   Code   RO         1595    .ARM.Collect$$$$0000000E  mc_w.l(entry10b.o)
    0x080001a0   0x080001a0   0x00000000   Code   RO         1596    .ARM.Collect$$$$0000000F  mc_w.l(entry11a.o)
    0x080001a0   0x080001a0   0x00000004   Code   RO         1585    .ARM.Collect$$$$00002712  mc_w.l(entry2.o)
    0x080001a4   0x080001a4   0x00000024   Code   RO            4    .text               startup_stm32f407xx.o
    0x080001c8   0x080001c8   0x00000062   Code   RO         1518    .text               mc_w.l(uldiv.o)
    0x0800022a   0x0800022a   0x00000024   Code   RO         1520    .text               mc_w.l(memcpya.o)
    0x0800024e   0x0800024e   0x00000024   Code   RO         1522    .text               mc_w.l(memseta.o)
    0x08000272   0x08000272   0x00000002   PAD
    0x08000274   0x08000274   0x00000028   Code   RO         1529    .text               mc_w.l(cpp_init.o)
    0x0800029c   0x0800029c   0x0000000a   Code   RO         1531    .text               mc_w.l(cxa_atexit.o)
    0x080002a6   0x080002a6   0x0000014e   Code   RO         1533    .text               mf_w.l(dadd.o)
    0x080003f4   0x080003f4   0x000000e4   Code   RO         1535    .text               mf_w.l(dmul.o)
    0x080004d8   0x080004d8   0x00000036   Code   RO         1537    .text               mf_w.l(dcmple.o)
    0x0800050e   0x0800050e   0x00000036   Code   RO         1539    .text               mf_w.l(dcmpge.o)
    0x08000544   0x08000544   0x00000038   Code   RO         1541    .text               mf_w.l(dcmpeq.o)
    0x0800057c   0x0800057c   0x00000026   Code   RO         1543    .text               mf_w.l(f2d.o)
    0x080005a2   0x080005a2   0x00000038   Code   RO         1545    .text               mf_w.l(d2f.o)
    0x080005da   0x080005da   0x0000001e   Code   RO         1599    .text               mc_w.l(llshl.o)
    0x080005f8   0x080005f8   0x00000020   Code   RO         1601    .text               mc_w.l(llushr.o)
    0x08000618   0x08000618   0x00000024   Code   RO         1603    .text               mc_w.l(llsshr.o)
    0x0800063c   0x0800063c   0x00000000   Code   RO         1672    .text               mc_w.l(iusefp.o)
    0x0800063c   0x0800063c   0x0000002e   Code   RO         1673    .text               mc_w.l(aeabi_atexit.o)
    0x0800066a   0x0800066a   0x0000006e   Code   RO         1679    .text               mf_w.l(fepilogue.o)
    0x080006d8   0x080006d8   0x000000ba   Code   RO         1681    .text               mf_w.l(depilogue.o)
    0x08000792   0x08000792   0x00000002   PAD
    0x08000794   0x08000794   0x00000030   Code   RO         1694    .text               mc_w.l(init.o)
    0x080007c4   0x080007c4   0x0000002c   Code   RO         1710    .text               mc_w.l(uidiv.o)
    0x080007f0   0x080007f0   0x00000008   Code   RO         1714    .text               mc_w.l(cpp_dtor.o)
    0x080007f8   0x080007f8   0x00000042   Code   RO         1717    .text               mc_w.l(cxa_finalize.o)
    0x0800083a   0x0800083a   0x000000de   Code   RO         1719    .text               mf_w.l(ddiv.o)
    0x08000918   0x08000918   0x00000030   Code   RO         1721    .text               mf_w.l(dfixul.o)
    0x08000948   0x08000948   0x00000030   Code   RO         1723    .text               mf_w.l(cdrcmple.o)
    0x08000978   0x08000978   0x00000000   Code   RO         1725    .text               mc_w.l(semi.o)
    0x08000978   0x08000978   0x00000000   Code   RO         1726    .text               mc_w.l(iusesemip.o)
    0x08000978   0x08000978   0x00000002   Code   RO         1727    .text               mc_w.l(cpp_final.o)
    0x0800097a   0x0800097a   0x0000003a   Code   RO         1736    .text               mc_w.l(__dczerorl.o)
    0x080009b4   0x080009b4   0x00000004   Code   RO           84    .text.BusFault_Handler  stm32f4xx_it.o
    0x080009b8   0x080009b8   0x00000010   Code   RO           96    .text.CAN1_RX0_IRQHandler  stm32f4xx_it.o
    0x080009c8   0x080009c8   0x00000010   Code   RO           98    .text.CAN1_RX1_IRQHandler  stm32f4xx_it.o
    0x080009d8   0x080009d8   0x00000010   Code   RO          104    .text.CAN2_RX0_IRQHandler  stm32f4xx_it.o
    0x080009e8   0x080009e8   0x00000010   Code   RO          106    .text.CAN2_RX1_IRQHandler  stm32f4xx_it.o
    0x080009f8   0x080009f8   0x00000010   Code   RO          102    .text.DMA2_Stream1_IRQHandler  stm32f4xx_it.o
    0x08000a08   0x08000a08   0x00000010   Code   RO          108    .text.DMA2_Stream6_IRQHandler  stm32f4xx_it.o
    0x08000a18   0x08000a18   0x00000056   Code   RO          384    .text.DMA_CalcBaseAndBitshift  stm32f4xx_hal_dma.o
    0x08000a6e   0x08000a6e   0x00000002   PAD
    0x08000a70   0x08000a70   0x000000f0   Code   RO          382    .text.DMA_CheckFifoParam  stm32f4xx_hal_dma.o
    0x08000b60   0x08000b60   0x00000050   Code   RO          390    .text.DMA_SetConfig  stm32f4xx_hal_dma.o
    0x08000bb0   0x08000bb0   0x00000002   Code   RO           90    .text.DebugMon_Handler  stm32f4xx_it.o
    0x08000bb2   0x08000bb2   0x00000002   PAD
    0x08000bb4   0x08000bb4   0x00000006   Code   RO           15    .text.Error_Handler  main.o
    0x08000bba   0x08000bba   0x00000002   PAD
    0x08000bbc   0x08000bbc   0x00000174   Code   RO          795    .text.GimbalInit    gimbalinit.o
    0x08000d30   0x08000d30   0x00000138   Code   RO          801    .text.GimbalUpdate  gimbalinit.o
    0x08000e68   0x08000e68   0x00000092   Code   RO          149    .text.HAL_CAN_AbortTxRequest  stm32f4xx_hal_can.o
    0x08000efa   0x08000efa   0x00000002   PAD
    0x08000efc   0x08000efc   0x00000052   Code   RO          161    .text.HAL_CAN_ActivateNotification  stm32f4xx_hal_can.o
    0x08000f4e   0x08000f4e   0x00000002   PAD
    0x08000f50   0x08000f50   0x00000156   Code   RO          147    .text.HAL_CAN_AddTxMessage  stm32f4xx_hal_can.o
    0x080010a6   0x080010a6   0x00000002   PAD
    0x080010a8   0x080010a8   0x0000019e   Code   RO          137    .text.HAL_CAN_ConfigFilter  stm32f4xx_hal_can.o
    0x08001246   0x08001246   0x00000002   PAD
    0x08001248   0x08001248   0x00000008   Code   RO          191    .text.HAL_CAN_ErrorCallback  stm32f4xx_hal_can.o
    0x08001250   0x08001250   0x00000052   Code   RO          159    .text.HAL_CAN_GetRxFifoFillLevel  stm32f4xx_hal_can.o
    0x080012a2   0x080012a2   0x00000002   PAD
    0x080012a4   0x080012a4   0x00000212   Code   RO          157    .text.HAL_CAN_GetRxMessage  stm32f4xx_hal_can.o
    0x080014b6   0x080014b6   0x00000002   PAD
    0x080014b8   0x080014b8   0x00000070   Code   RO          151    .text.HAL_CAN_GetTxMailboxesFreeLevel  stm32f4xx_hal_can.o
    0x08001528   0x08001528   0x000003f2   Code   RO          165    .text.HAL_CAN_IRQHandler  stm32f4xx_hal_can.o
    0x0800191a   0x0800191a   0x00000002   PAD
    0x0800191c   0x0800191c   0x000001de   Code   RO          127    .text.HAL_CAN_Init  stm32f4xx_hal_can.o
    0x08001afa   0x08001afa   0x00000002   PAD
    0x08001afc   0x08001afc   0x000001a8   Code   RO           37    .text.HAL_CAN_MspInit  can.o
    0x08001ca4   0x08001ca4   0x00000008   Code   RO          179    .text.HAL_CAN_RxFifo0FullCallback  stm32f4xx_hal_can.o
    0x08001cac   0x08001cac   0x0000008a   Code   RO         1054    .text.HAL_CAN_RxFifo0MsgPendingCallback  cancallback.o
    0x08001d36   0x08001d36   0x00000002   PAD
    0x08001d38   0x08001d38   0x00000008   Code   RO          183    .text.HAL_CAN_RxFifo1FullCallback  stm32f4xx_hal_can.o
    0x08001d40   0x08001d40   0x0000001c   Code   RO         1056    .text.HAL_CAN_RxFifo1MsgPendingCallback  cancallback.o
    0x08001d5c   0x08001d5c   0x00000008   Code   RO          187    .text.HAL_CAN_SleepCallback  stm32f4xx_hal_can.o
    0x08001d64   0x08001d64   0x0000008a   Code   RO          139    .text.HAL_CAN_Start  stm32f4xx_hal_can.o
    0x08001dee   0x08001dee   0x00000002   PAD
    0x08001df0   0x08001df0   0x00000008   Code   RO          169    .text.HAL_CAN_TxMailbox0AbortCallback  stm32f4xx_hal_can.o
    0x08001df8   0x08001df8   0x00000008   Code   RO          167    .text.HAL_CAN_TxMailbox0CompleteCallback  stm32f4xx_hal_can.o
    0x08001e00   0x08001e00   0x00000008   Code   RO          173    .text.HAL_CAN_TxMailbox1AbortCallback  stm32f4xx_hal_can.o
    0x08001e08   0x08001e08   0x00000008   Code   RO          171    .text.HAL_CAN_TxMailbox1CompleteCallback  stm32f4xx_hal_can.o
    0x08001e10   0x08001e10   0x00000008   Code   RO          177    .text.HAL_CAN_TxMailbox2AbortCallback  stm32f4xx_hal_can.o
    0x08001e18   0x08001e18   0x00000008   Code   RO          175    .text.HAL_CAN_TxMailbox2CompleteCallback  stm32f4xx_hal_can.o
    0x08001e20   0x08001e20   0x00000008   Code   RO          189    .text.HAL_CAN_WakeUpFromRxMsgCallback  stm32f4xx_hal_can.o
    0x08001e28   0x08001e28   0x000000ec   Code   RO          394    .text.HAL_DMA_Abort  stm32f4xx_hal_dma.o
    0x08001f14   0x08001f14   0x00000044   Code   RO          396    .text.HAL_DMA_Abort_IT  stm32f4xx_hal_dma.o
    0x08001f58   0x08001f58   0x0000000c   Code   RO          408    .text.HAL_DMA_GetError  stm32f4xx_hal_dma.o
    0x08001f64   0x08001f64   0x0000031e   Code   RO          400    .text.HAL_DMA_IRQHandler  stm32f4xx_hal_dma.o
    0x08002282   0x08002282   0x00000002   PAD
    0x08002284   0x08002284   0x0000016e   Code   RO          380    .text.HAL_DMA_Init  stm32f4xx_hal_dma.o
    0x080023f2   0x080023f2   0x00000002   PAD
    0x080023f4   0x080023f4   0x000000c2   Code   RO          392    .text.HAL_DMA_Start_IT  stm32f4xx_hal_dma.o
    0x080024b6   0x080024b6   0x00000002   PAD
    0x080024b8   0x080024b8   0x00000042   Code   RO          575    .text.HAL_Delay     stm32f4xx_hal.o
    0x080024fa   0x080024fa   0x00000002   PAD
    0x080024fc   0x080024fc   0x000003b6   Code   RO          342    .text.HAL_GPIO_Init  stm32f4xx_hal_gpio.o
    0x080028b2   0x080028b2   0x00000002   PAD
    0x080028b4   0x080028b4   0x0000000c   Code   RO          567    .text.HAL_GetTick   stm32f4xx_hal.o
    0x080028c0   0x080028c0   0x0000001a   Code   RO          565    .text.HAL_IncTick   stm32f4xx_hal.o
    0x080028da   0x080028da   0x00000002   PAD
    0x080028dc   0x080028dc   0x00000036   Code   RO          555    .text.HAL_Init      stm32f4xx_hal.o
    0x08002912   0x08002912   0x00000002   PAD
    0x08002914   0x08002914   0x00000070   Code   RO          557    .text.HAL_InitTick  stm32f4xx_hal.o
    0x08002984   0x08002984   0x0000004a   Code   RO          119    .text.HAL_MspInit   stm32f4xx_hal_msp.o
    0x080029ce   0x080029ce   0x00000002   PAD
    0x080029d0   0x080029d0   0x00000014   Code   RO          490    .text.HAL_NVIC_EnableIRQ  stm32f4xx_hal_cortex.o
    0x080029e4   0x080029e4   0x00000032   Code   RO          482    .text.HAL_NVIC_SetPriority  stm32f4xx_hal_cortex.o
    0x08002a16   0x08002a16   0x00000002   PAD
    0x08002a18   0x08002a18   0x00000010   Code   RO          478    .text.HAL_NVIC_SetPriorityGrouping  stm32f4xx_hal_cortex.o
    0x08002a28   0x08002a28   0x00000262   Code   RO          210    .text.HAL_RCC_ClockConfig  stm32f4xx_hal_rcc.o
    0x08002c8a   0x08002c8a   0x00000002   PAD
    0x08002c8c   0x08002c8c   0x0000000c   Code   RO          220    .text.HAL_RCC_GetHCLKFreq  stm32f4xx_hal_rcc.o
    0x08002c98   0x08002c98   0x00000022   Code   RO          222    .text.HAL_RCC_GetPCLK1Freq  stm32f4xx_hal_rcc.o
    0x08002cba   0x08002cba   0x00000002   PAD
    0x08002cbc   0x08002cbc   0x00000022   Code   RO          224    .text.HAL_RCC_GetPCLK2Freq  stm32f4xx_hal_rcc.o
    0x08002cde   0x08002cde   0x00000002   PAD
    0x08002ce0   0x08002ce0   0x000000e6   Code   RO          212    .text.HAL_RCC_GetSysClockFreq  stm32f4xx_hal_rcc.o
    0x08002dc6   0x08002dc6   0x00000002   PAD
    0x08002dc8   0x08002dc8   0x000006be   Code   RO          208    .text.HAL_RCC_OscConfig  stm32f4xx_hal_rcc.o
    0x08003486   0x08003486   0x00000002   PAD
    0x08003488   0x08003488   0x00000010   Code   RO          502    .text.HAL_SYSTICK_Config  stm32f4xx_hal_cortex.o
    0x08003498   0x08003498   0x0000000c   Code   RO          738    .text.HAL_UARTEx_RxEventCallback  stm32f4xx_hal_uart.o
    0x080034a4   0x080034a4   0x000000ba   Code   RO          706    .text.HAL_UART_AbortTransmit  stm32f4xx_hal_uart.o
    0x0800355e   0x0800355e   0x00000002   PAD
    0x08003560   0x08003560   0x00000090   Code   RO         1070    .text.HAL_UART_ErrorCallback  uartcallback.o
    0x080035f0   0x080035f0   0x0000045c   Code   RO          730    .text.HAL_UART_IRQHandler  stm32f4xx_hal_uart.o
    0x08003a4c   0x08003a4c   0x0000009e   Code   RO          646    .text.HAL_UART_Init  stm32f4xx_hal_uart.o
    0x08003aea   0x08003aea   0x00000002   PAD
    0x08003aec   0x08003aec   0x000001e0   Code   RO           63    .text.HAL_UART_MspInit  usart.o
    0x08003ccc   0x08003ccc   0x00000008   Code   RO          748    .text.HAL_UART_RxCpltCallback  stm32f4xx_hal_uart.o
    0x08003cd4   0x08003cd4   0x000000fc   Code   RO          674    .text.HAL_UART_Transmit_DMA  stm32f4xx_hal_uart.o
    0x08003dd0   0x08003dd0   0x00000022   Code   RO         1068    .text.HAL_UART_TxCpltCallback  uartcallback.o
    0x08003df2   0x08003df2   0x00000002   PAD
    0x08003df4   0x08003df4   0x00000008   Code   RO          746    .text.HAL_UART_TxHalfCpltCallback  stm32f4xx_hal_uart.o
    0x08003dfc   0x08003dfc   0x00000004   Code   RO           80    .text.HardFault_Handler  stm32f4xx_it.o
    0x08003e00   0x08003e00   0x0000004e   Code   RO           33    .text.MX_CAN1_Init  can.o
    0x08003e4e   0x08003e4e   0x00000002   PAD
    0x08003e50   0x08003e50   0x0000004e   Code   RO           35    .text.MX_CAN2_Init  can.o
    0x08003e9e   0x08003e9e   0x00000002   PAD
    0x08003ea0   0x08003ea0   0x00000050   Code   RO           51    .text.MX_DMA_Init   dma.o
    0x08003ef0   0x08003ef0   0x000000d2   Code   RO           25    .text.MX_GPIO_Init  gpio.o
    0x08003fc2   0x08003fc2   0x00000002   PAD
    0x08003fc4   0x08003fc4   0x0000004c   Code   RO           59    .text.MX_USART3_UART_Init  usart.o
    0x08004010   0x08004010   0x00000040   Code   RO           61    .text.MX_USART6_UART_Init  usart.o
    0x08004050   0x08004050   0x00000004   Code   RO           82    .text.MemManage_Handler  stm32f4xx_it.o
    0x08004054   0x08004054   0x00000004   Code   RO           78    .text.NMI_Handler   stm32f4xx_it.o
    0x08004058   0x08004058   0x0000006c   Code   RO          488    .text.NVIC_EncodePriority  stm32f4xx_hal_cortex.o
    0x080040c4   0x080040c4   0x00000002   Code   RO           92    .text.PendSV_Handler  stm32f4xx_it.o
    0x080040c6   0x080040c6   0x00000002   PAD
    0x080040c8   0x080040c8   0x00000002   Code   RO           88    .text.SVC_Handler   stm32f4xx_it.o
    0x080040ca   0x080040ca   0x00000002   PAD
    0x080040cc   0x080040cc   0x00000052   Code   RO          504    .text.SysTick_Config  stm32f4xx_hal_cortex.o
    0x0800411e   0x0800411e   0x00000002   PAD
    0x08004120   0x08004120   0x00000008   Code   RO           94    .text.SysTick_Handler  stm32f4xx_it.o
    0x08004128   0x08004128   0x000000bc   Code   RO           13    .text.SystemClock_Config  main.o
    0x080041e4   0x080041e4   0x00000012   Code   RO          777    .text.SystemInit    system_stm32f4xx.o
    0x080041f6   0x080041f6   0x00000002   PAD
    0x080041f8   0x080041f8   0x0000001c   Code   RO          734    .text.UART_DMAAbortOnError  stm32f4xx_hal_uart.o
    0x08004214   0x08004214   0x0000007c   Code   RO          680    .text.UART_DMAError  stm32f4xx_hal_uart.o
    0x08004290   0x08004290   0x0000007a   Code   RO          676    .text.UART_DMATransmitCplt  stm32f4xx_hal_uart.o
    0x0800430a   0x0800430a   0x00000002   PAD
    0x0800430c   0x0800430c   0x00000016   Code   RO          678    .text.UART_DMATxHalfCplt  stm32f4xx_hal_uart.o
    0x08004322   0x08004322   0x00000002   PAD
    0x08004324   0x08004324   0x00000094   Code   RO          694    .text.UART_EndRxTransfer  stm32f4xx_hal_uart.o
    0x080043b8   0x080043b8   0x00000026   Code   RO          742    .text.UART_EndTransmit_IT  stm32f4xx_hal_uart.o
    0x080043de   0x080043de   0x00000002   PAD
    0x080043e0   0x080043e0   0x00000036   Code   RO          692    .text.UART_EndTxTransfer  stm32f4xx_hal_uart.o
    0x08004416   0x08004416   0x00000002   PAD
    0x08004418   0x08004418   0x00000168   Code   RO          732    .text.UART_Receive_IT  stm32f4xx_hal_uart.o
    0x08004580   0x08004580   0x0000013a   Code   RO          650    .text.UART_SetConfig  stm32f4xx_hal_uart.o
    0x080046ba   0x080046ba   0x00000002   PAD
    0x080046bc   0x080046bc   0x00000094   Code   RO          740    .text.UART_Transmit_IT  stm32f4xx_hal_uart.o
    0x08004750   0x08004750   0x00000010   Code   RO          100    .text.USART3_IRQHandler  stm32f4xx_it.o
    0x08004760   0x08004760   0x00000010   Code   RO          110    .text.USART6_IRQHandler  stm32f4xx_it.o
    0x08004770   0x08004770   0x00000004   Code   RO           86    .text.UsageFault_Handler  stm32f4xx_it.o
    0x08004774   0x08004774   0x00000050   Code   RO         1079    .text.VofaSendDebugChannels  variable.o
    0x080047c4   0x080047c4   0x00000010   Code   RO         1099    .text.Vofa_TxComplete  vofa.o
    0x080047d4   0x080047d4   0x0000000c   Code   RO          863    .text._GLOBAL__sub_I_GimbalInit.cpp  gimbalinit.o
    0x080047e0   0x080047e0   0x00000008   Code   RO         1101    .text._GLOBAL__sub_I_Vofa.cpp  vofa.o
    0x080047e8   0x080047e8   0x00000090   Code   RO          807    .text._ZL15syncJointToDataRKN3BSP5JOINT5JointER17Joint_Data_Unit_t  gimbalinit.o
    0x08004878   0x08004878   0x00000078   Code   RO          803    .text._ZL17syncConfigToJointRN3BSP5JOINT5JointERK14Joint_Config_t  gimbalinit.o
    0x080048f0   0x080048f0   0x0000008c   Code   RO          809    .text._ZL20syncControllerToDataRKN3BSP4CTRL15JointControllerER22Controller_Data_Unit_tRKNS_5JOINT5JointE  gimbalinit.o
    0x0800497c   0x0800497c   0x0000018e   Code   RO          805    .text._ZL20syncDataToControllerRK22Controller_Data_Unit_tRN3BSP4CTRL15JointControllerE  gimbalinit.o
    0x08004b0a   0x08004b0a   0x00000002   PAD
    0x08004b0c   0x08004b0c   0x0000000e   Code   RO         1097    .text._ZN3APP6Vofa_t10TxCompleteEv  vofa.o
    0x08004b1a   0x08004b1a   0x00000002   PAD
    0x08004b1c   0x08004b1c   0x00000072   Code   RO         1095    .text._ZN3APP6Vofa_t11Send6FloatsEffffff  vofa.o
    0x08004b8e   0x08004b8e   0x00000002   PAD
    0x08004b90   0x08004b90   0x0000001c   Code   RO         1093    .text._ZN3APP6Vofa_tC2Ev  vofa.o
    0x08004bac   0x08004bac   0x00000056   Code   RO         1116    .text._ZN3BSP11WATCH_STATE10StateWatch11CheckStatusEv  state_watch.o
    0x08004c02   0x08004c02   0x00000002   PAD
    0x08004c04   0x08004c04   0x00000016   Code   RO         1112    .text._ZN3BSP11WATCH_STATE10StateWatch14UpdateLastTimeEv  state_watch.o
    0x08004c1a   0x08004c1a   0x00000002   PAD
    0x08004c1c   0x08004c1c   0x00000018   Code   RO          930    .text._ZN3BSP11WATCH_STATE10StateWatchC2Ej  gimbalinit.o
    0x08004c34   0x08004c34   0x00000016   Code   RO          936    .text._ZN3BSP11WATCH_STATE10StateWatchC2Ev  gimbalinit.o
    0x08004c4a   0x08004c4a   0x00000006   PAD
    0x08004c50   0x08004c50   0x000001a0   Code   RO          964    .text._ZN3BSP4CTRL15JointController4InitENS0_9JointTypeEffffff  gimbalinit.o
    0x08004df0   0x08004df0   0x0000002e   Code   RO         1010    .text._ZN3BSP4CTRL15JointController5ClearEv  gimbalinit.o
    0x08004e1e   0x08004e1e   0x00000002   PAD
    0x08004e20   0x08004e20   0x0000002e   Code   RO          968    .text._ZN3BSP4CTRL15JointController6EnableEv  gimbalinit.o
    0x08004e4e   0x08004e4e   0x00000002   PAD
    0x08004e50   0x08004e50   0x00000338   Code   RO         1004    .text._ZN3BSP4CTRL15JointController7ComputeEfff  gimbalinit.o
    0x08005188   0x08005188   0x00000032   Code   RO          966    .text._ZN3BSP4CTRL15JointController7DisableEv  gimbalinit.o
    0x080051ba   0x080051ba   0x00000006   PAD
    0x080051c0   0x080051c0   0x000000d0   Code   RO          916    .text._ZN3BSP4CTRL15JointControllerC2Ev  gimbalinit.o
    0x08005290   0x08005290   0x0000006c   Code   RO         1012    .text._ZN3BSP4CTRL16GimbalController11clampTargetERKNS_5JOINT5JointEf  gimbalinit.o
    0x080052fc   0x080052fc   0x000000b4   Code   RO          904    .text._ZN3BSP4CTRL16GimbalController4InitEv  gimbalinit.o
    0x080053b0   0x080053b0   0x00000250   Code   RO          914    .text._ZN3BSP4CTRL16GimbalController6UpdateERNS_5JOINT12JointManagerEPNS_5MOTOR2DM6DM4310EPNS6_6DM4340E  gimbalinit.o
    0x08005600   0x08005600   0x00000028   Code   RO          886    .text._ZN3BSP4CTRL16GimbalControllerC2Ev  gimbalinit.o
    0x08005628   0x08005628   0x00000084   Code   RO          902    .text._ZN3BSP5JOINT12JointManager4InitEv  gimbalinit.o
    0x080056ac   0x080056ac   0x00000126   Code   RO          910    .text._ZN3BSP5JOINT12JointManager6UpdateEPNS_5MOTOR2DM6DM4310EPNS3_6DM4340E  gimbalinit.o
    0x080057d2   0x080057d2   0x00000002   PAD
    0x080057d4   0x080057d4   0x00000048   Code   RO          962    .text._ZN3BSP5JOINT5Joint4InitEffffb  gimbalinit.o
    0x0800581c   0x0800581c   0x000000ec   Code   RO          972    .text._ZN3BSP5JOINT5Joint6UpdateEffffb  gimbalinit.o
    0x08005908   0x08005908   0x0000000a   Code   RO          970    .text._ZN3BSP5JOINT5Joint6configEv  gimbalinit.o
    0x08005912   0x08005912   0x00000002   PAD
    0x08005914   0x08005914   0x00000070   Code   RO          813    .text._ZN3BSP5JOINTL8wrapToPiEf  gimbalinit.o
    0x08005984   0x08005984   0x00000054   Code   RO          908    .text._ZN3BSP5MOTOR2DM11DMMotorBaseILh1EE2OnEh  gimbalinit.o
    0x080059d8   0x080059d8   0x000001fc   Code   RO          948    .text._ZN3BSP5MOTOR2DM11DMMotorBaseILh1EE5ParseERKN3HAL3CAN5FrameE  gimbalinit.o
    0x08005bd4   0x08005bd4   0x00000044   Code   RO         1044    .text._ZN3BSP5MOTOR2DM11DMMotorBaseILh1EE7sendRawEjPKh  gimbalinit.o
    0x08005c18   0x08005c18   0x000001a8   Code   RO         1014    .text._ZN3BSP5MOTOR2DM11DMMotorBaseILh1EE8ctrl_MitEhfffff  gimbalinit.o
    0x08005dc0   0x08005dc0   0x00000122   Code   RO          944    .text._ZN3BSP5MOTOR2DM11DMMotorBaseILh1EEC2EPN3HAL3CAN10ICanDeviceEj  gimbalinit.o
    0x08005ee2   0x08005ee2   0x00000002   PAD
    0x08005ee4   0x08005ee4   0x00000018   Code   RO          954    .text._ZN3BSP5MOTOR2DM11DMMotorBaseILh1EED0Ev  gimbalinit.o
    0x08005efc   0x08005efc   0x00000014   Code   RO          952    .text._ZN3BSP5MOTOR2DM11DMMotorBaseILh1EED2Ev  gimbalinit.o
    0x08005f10   0x08005f10   0x00000054   Code   RO          906    .text._ZN3BSP5MOTOR2DM11DMMotorBaseILh2EE2OnEh  gimbalinit.o
    0x08005f64   0x08005f64   0x000001fc   Code   RO          926    .text._ZN3BSP5MOTOR2DM11DMMotorBaseILh2EE5ParseERKN3HAL3CAN5FrameE  gimbalinit.o
    0x08006160   0x08006160   0x00000044   Code   RO         1042    .text._ZN3BSP5MOTOR2DM11DMMotorBaseILh2EE7sendRawEjPKh  gimbalinit.o
    0x080061a4   0x080061a4   0x000001a8   Code   RO         1006    .text._ZN3BSP5MOTOR2DM11DMMotorBaseILh2EE8ctrl_MitEhfffff  gimbalinit.o
    0x0800634c   0x0800634c   0x00000126   Code   RO          922    .text._ZN3BSP5MOTOR2DM11DMMotorBaseILh2EEC2EPN3HAL3CAN10ICanDeviceEj  gimbalinit.o
    0x08006472   0x08006472   0x00000002   PAD
    0x08006474   0x08006474   0x00000018   Code   RO          934    .text._ZN3BSP5MOTOR2DM11DMMotorBaseILh2EED0Ev  gimbalinit.o
    0x0800648c   0x0800648c   0x00000014   Code   RO          932    .text._ZN3BSP5MOTOR2DM11DMMotorBaseILh2EED2Ev  gimbalinit.o
    0x080064a0   0x080064a0   0x000000b6   Code   RO          892    .text._ZN3BSP5MOTOR2DM6DM4310C2EPN3HAL3CAN10ICanDeviceEj  gimbalinit.o
    0x08006556   0x08006556   0x00000002   PAD
    0x08006558   0x08006558   0x00000018   Code   RO          924    .text._ZN3BSP5MOTOR2DM6DM4310D0Ev  gimbalinit.o
    0x08006570   0x08006570   0x00000014   Code   RO          894    .text._ZN3BSP5MOTOR2DM6DM4310D2Ev  gimbalinit.o
    0x08006584   0x08006584   0x000000b6   Code   RO          896    .text._ZN3BSP5MOTOR2DM6DM4340C2EPN3HAL3CAN10ICanDeviceEj  gimbalinit.o
    0x0800663a   0x0800663a   0x00000002   PAD
    0x0800663c   0x0800663c   0x00000018   Code   RO          946    .text._ZN3BSP5MOTOR2DM6DM4340D0Ev  gimbalinit.o
    0x08006654   0x08006654   0x00000014   Code   RO          898    .text._ZN3BSP5MOTOR2DM6DM4340D2Ev  gimbalinit.o
    0x08006668   0x08006668   0x0000008e   Code   RO          817    .text._ZN3BSP5MOTOR2DML13float_to_uintEfffi  gimbalinit.o
    0x080066f6   0x080066f6   0x00000002   PAD
    0x080066f8   0x080066f8   0x00000060   Code   RO          811    .text._ZN3BSP5MOTOR2DML13uint_to_floatEtffi  gimbalinit.o
    0x08006758   0x08006758   0x00000068   Code   RO          992    .text._ZN3BSP5MOTOR9MotorBaseILh1EE11isConnectedEh  gimbalinit.o
    0x080067c0   0x080067c0   0x0000003c   Code   RO          960    .text._ZN3BSP5MOTOR9MotorBaseILh1EE15updateTimestampEh  gimbalinit.o
    0x080067fc   0x080067fc   0x00000072   Code   RO          950    .text._ZN3BSP5MOTOR9MotorBaseILh1EEC2Ev  gimbalinit.o
    0x0800686e   0x0800686e   0x00000002   PAD
    0x08006870   0x08006870   0x00000006   Code   RO          958    .text._ZN3BSP5MOTOR9MotorBaseILh1EED0Ev  gimbalinit.o
    0x08006876   0x08006876   0x00000002   PAD
    0x08006878   0x08006878   0x0000000a   Code   RO          956    .text._ZN3BSP5MOTOR9MotorBaseILh1EED2Ev  gimbalinit.o
    0x08006882   0x08006882   0x00000002   PAD
    0x08006884   0x08006884   0x00000068   Code   RO          982    .text._ZN3BSP5MOTOR9MotorBaseILh2EE11isConnectedEh  gimbalinit.o
    0x080068ec   0x080068ec   0x0000003c   Code   RO          942    .text._ZN3BSP5MOTOR9MotorBaseILh2EE15updateTimestampEh  gimbalinit.o
    0x08006928   0x08006928   0x00000072   Code   RO          928    .text._ZN3BSP5MOTOR9MotorBaseILh2EEC2Ev  gimbalinit.o
    0x0800699a   0x0800699a   0x00000002   PAD
    0x0800699c   0x0800699c   0x00000006   Code   RO          940    .text._ZN3BSP5MOTOR9MotorBaseILh2EED0Ev  gimbalinit.o
    0x080069a2   0x080069a2   0x00000002   PAD
    0x080069a4   0x080069a4   0x0000000a   Code   RO          938    .text._ZN3BSP5MOTOR9MotorBaseILh2EED2Ev  gimbalinit.o
    0x080069ae   0x080069ae   0x00000002   PAD
    0x080069b0   0x080069b0   0x0000005a   Code   RO         1000    .text._ZN3BSP7PLANNER16TransformPlanner10enterAbortER18Transform_Status_tNS0_14TransformErrorER17Controller_Data_tff  gimbalinit.o
    0x08006a0a   0x08006a0a   0x00000002   PAD
    0x08006a0c   0x08006a0c   0x000004d4   Code   RO          912    .text._ZN3BSP7PLANNER16TransformPlanner6UpdateERNS_5JOINT12JointManagerER17Controller_Data_tR18Transform_Config_tR18Transform_Status_t  gimbalinit.o
    0x08006ee0   0x08006ee0   0x00000010   Code   RO          888    .text._ZN3BSP7PLANNER16TransformPlannerC2Ev  gimbalinit.o
    0x08006ef0   0x08006ef0   0x0000004a   Code   RO          815    .text._ZN3BSP7PLANNERL17isTransitionStateENS0_14TransformStateE  gimbalinit.o
    0x08006f3a   0x08006f3a   0x00000002   PAD
    0x08006f3c   0x08006f3c   0x00000016   Code   RO         1180    .text._ZN3HAL3CAN10ICanDeviceC2Ev  can_device_impl.o
    0x08006f52   0x08006f52   0x00000002   PAD
    0x08006f54   0x08006f54   0x00000006   Code   RO         1206    .text._ZN3HAL3CAN10ICanDeviceD0Ev  can_device_impl.o
    0x08006f5a   0x08006f5a   0x00000002   PAD
    0x08006f5c   0x08006f5c   0x0000000a   Code   RO         1204    .text._ZN3HAL3CAN10ICanDeviceD2Ev  can_device_impl.o
    0x08006f66   0x08006f66   0x00000002   PAD
    0x08006f68   0x08006f68   0x00000008   Code   RO         1146    .text._ZN3HAL3CAN20get_can_bus_instanceEv  can_bus.o
    0x08006f70   0x08006f70   0x00000044   Code   RO         1424    .text._ZN3HAL3CAN6CanBus10get_deviceENS0_11CanDeviceIdE  can_bus_impl.o
    0x08006fb4   0x08006fb4   0x00000032   Code   RO         1422    .text._ZN3HAL3CAN6CanBus15register_deviceENS0_11CanDeviceIdEPNS0_9CanDeviceE  can_bus_impl.o
    0x08006fe6   0x08006fe6   0x00000002   PAD
    0x08006fe8   0x08006fe8   0x00000056   Code   RO         1418    .text._ZN3HAL3CAN6CanBus4initEv  can_bus_impl.o
    0x0800703e   0x0800703e   0x00000002   PAD
    0x08007040   0x08007040   0x0000008c   Code   RO         1416    .text._ZN3HAL3CAN6CanBus8instanceEv  can_bus_impl.o
    0x080070cc   0x080070cc   0x0000008e   Code   RO         1420    .text._ZN3HAL3CAN6CanBusC2Ev  can_bus_impl.o
    0x0800715a   0x0800715a   0x00000002   PAD
    0x0800715c   0x0800715c   0x00000018   Code   RO         1441    .text._ZN3HAL3CAN6CanBusD0Ev  can_bus_impl.o
    0x08007174   0x08007174   0x00000036   Code   RO         1437    .text._ZN3HAL3CAN6CanBusD2Ev  can_bus_impl.o
    0x080071aa   0x080071aa   0x00000002   PAD
    0x080071ac   0x080071ac   0x00000014   Code   RO          890    .text._ZN3HAL3CAN7ICanBus8get_can1Ev  gimbalinit.o
    0x080071c0   0x080071c0   0x00000016   Code   RO         1439    .text._ZN3HAL3CAN7ICanBusC2Ev  can_bus_impl.o
    0x080071d6   0x080071d6   0x00000002   PAD
    0x080071d8   0x080071d8   0x00000006   Code   RO         1445    .text._ZN3HAL3CAN7ICanBusD0Ev  can_bus_impl.o
    0x080071de   0x080071de   0x00000002   PAD
    0x080071e0   0x080071e0   0x0000000a   Code   RO         1443    .text._ZN3HAL3CAN7ICanBusD2Ev  can_bus_impl.o
    0x080071ea   0x080071ea   0x00000002   PAD
    0x080071ec   0x080071ec   0x00000032   Code   RO         1158    .text._ZN3HAL3CAN9CanDevice16configure_filterEv  can_device_impl.o
    0x0800721e   0x0800721e   0x00000002   PAD
    0x08007220   0x08007220   0x0000002a   Code   RO         1168    .text._ZN3HAL3CAN9CanDevice20register_rx_callbackENSt3__28functionIFvRKNS0_5FrameEEEE  can_device_impl.o
    0x0800724a   0x0800724a   0x00000002   PAD
    0x0800724c   0x0800724c   0x00000056   Code   RO         1170    .text._ZN3HAL3CAN9CanDevice20trigger_rx_callbacksERKNS0_5FrameE  can_device_impl.o
    0x080072a2   0x080072a2   0x00000002   PAD
    0x080072a4   0x080072a4   0x00000010   Code   RO         1156    .text._ZN3HAL3CAN9CanDevice4initEv  can_device_impl.o
    0x080072b4   0x080072b4   0x000000b2   Code   RO         1162    .text._ZN3HAL3CAN9CanDevice4sendERKNS0_5FrameE  can_device_impl.o
    0x08007366   0x08007366   0x00000002   PAD
    0x08007368   0x08007368   0x00000040   Code   RO         1160    .text._ZN3HAL3CAN9CanDevice5startEv  can_device_impl.o
    0x080073a8   0x080073a8   0x0000008e   Code   RO         1164    .text._ZN3HAL3CAN9CanDevice7receiveERNS0_5FrameE  can_device_impl.o
    0x08007436   0x08007436   0x00000002   PAD
    0x08007438   0x08007438   0x0000003e   Code   RO         1154    .text._ZN3HAL3CAN9CanDeviceC2EP17CAN_HandleTypeDefjj  can_device_impl.o
    0x08007476   0x08007476   0x00000002   PAD
    0x08007478   0x08007478   0x00000018   Code   RO         1202    .text._ZN3HAL3CAN9CanDeviceD0Ev  can_device_impl.o
    0x08007490   0x08007490   0x00000028   Code   RO         1200    .text._ZN3HAL3CAN9CanDeviceD2Ev  can_device_impl.o
    0x080074b8   0x080074b8   0x0000001c   Code   RO         1016    .text._ZN3PID6GetErrEv  gimbalinit.o
    0x080074d4   0x080074d4   0x0000002c   Code   RO         1129    .text._ZN3PID8clearPIDEv  pid.o
    0x08007500   0x08007500   0x000002b8   Code   RO         1125    .text._ZN3PID9GetPidPosE6Kpid_tddd  pid.o
    0x080077b8   0x080077b8   0x0000003e   Code   RO          918    .text._ZN3PIDC2Edd  gimbalinit.o
    0x080077f6   0x080077f6   0x00000002   PAD
    0x080077f8   0x080077f8   0x0000002e   Code   RO          920    .text._ZN6Kpid_tC2Eddd  gimbalinit.o
    0x08007826   0x08007826   0x00000002   PAD
    0x08007828   0x08007828   0x0000000c   Code   RO          994    .text._ZNK3BSP11WATCH_STATE10StateWatch9GetStatusEv  gimbalinit.o
    0x08007834   0x08007834   0x0000000e   Code   RO         1002    .text._ZNK3BSP5JOINT5Joint11getVelocityEv  gimbalinit.o
    0x08007842   0x08007842   0x00000002   PAD
    0x08007844   0x08007844   0x0000000e   Code   RO          996    .text._ZNK3BSP5JOINT5Joint12getRealAngleEv  gimbalinit.o
    0x08007852   0x08007852   0x00000002   PAD
    0x08007854   0x08007854   0x0000000e   Code   RO         1028    .text._ZNK3BSP5JOINT5Joint13getCalibStateEv  gimbalinit.o
    0x08007862   0x08007862   0x00000002   PAD
    0x08007864   0x08007864   0x0000000e   Code   RO         1026    .text._ZNK3BSP5JOINT5Joint14getTargetAngleEv  gimbalinit.o
    0x08007872   0x08007872   0x00000002   PAD
    0x08007874   0x08007874   0x0000000e   Code   RO         1024    .text._ZNK3BSP5JOINT5Joint14getTemperatureEv  gimbalinit.o
    0x08007882   0x08007882   0x00000002   PAD
    0x08007884   0x08007884   0x0000000e   Code   RO         1018    .text._ZNK3BSP5JOINT5Joint15getEncoderAngleEv  gimbalinit.o
    0x08007892   0x08007892   0x00000002   PAD
    0x08007894   0x08007894   0x0000000e   Code   RO         1020    .text._ZNK3BSP5JOINT5Joint18getNormalizedAngleEv  gimbalinit.o
    0x080078a2   0x080078a2   0x00000002   PAD
    0x080078a4   0x080078a4   0x00000012   Code   RO          998    .text._ZNK3BSP5JOINT5Joint8isOnlineEv  gimbalinit.o
    0x080078b6   0x080078b6   0x00000002   PAD
    0x080078b8   0x080078b8   0x0000000a   Code   RO         1008    .text._ZNK3BSP5JOINT5Joint9getConfigEv  gimbalinit.o
    0x080078c2   0x080078c2   0x00000002   PAD
    0x080078c4   0x080078c4   0x0000000e   Code   RO         1022    .text._ZNK3BSP5JOINT5Joint9getTorqueEv  gimbalinit.o
    0x080078d2   0x080078d2   0x00000002   PAD
    0x080078d4   0x080078d4   0x00000042   Code   RO          984    .text._ZNK3BSP5MOTOR9MotorBaseILh1EE11getAngleRadEh  gimbalinit.o
    0x08007916   0x08007916   0x00000002   PAD
    0x08007918   0x08007918   0x00000042   Code   RO          990    .text._ZNK3BSP5MOTOR9MotorBaseILh1EE14getTemperatureEh  gimbalinit.o
    0x0800795a   0x0800795a   0x00000002   PAD
    0x0800795c   0x0800795c   0x00000042   Code   RO          986    .text._ZNK3BSP5MOTOR9MotorBaseILh1EE14getVelocityRadEh  gimbalinit.o
    0x0800799e   0x0800799e   0x00000002   PAD
    0x080079a0   0x080079a0   0x00000042   Code   RO          988    .text._ZNK3BSP5MOTOR9MotorBaseILh1EE9getTorqueEh  gimbalinit.o
    0x080079e2   0x080079e2   0x00000002   PAD
    0x080079e4   0x080079e4   0x00000042   Code   RO          974    .text._ZNK3BSP5MOTOR9MotorBaseILh2EE11getAngleRadEh  gimbalinit.o
    0x08007a26   0x08007a26   0x00000002   PAD
    0x08007a28   0x08007a28   0x00000042   Code   RO          980    .text._ZNK3BSP5MOTOR9MotorBaseILh2EE14getTemperatureEh  gimbalinit.o
    0x08007a6a   0x08007a6a   0x00000002   PAD
    0x08007a6c   0x08007a6c   0x00000042   Code   RO          976    .text._ZNK3BSP5MOTOR9MotorBaseILh2EE14getVelocityRadEh  gimbalinit.o
    0x08007aae   0x08007aae   0x00000002   PAD
    0x08007ab0   0x08007ab0   0x00000042   Code   RO          978    .text._ZNK3BSP5MOTOR9MotorBaseILh2EE9getTorqueEh  gimbalinit.o
    0x08007af2   0x08007af2   0x00000002   PAD
    0x08007af4   0x08007af4   0x0000003a   Code   RO         1426    .text._ZNK3HAL3CAN6CanBus10has_deviceENS0_11CanDeviceIdE  can_bus_impl.o
    0x08007b2e   0x08007b2e   0x00000002   PAD
    0x08007b30   0x08007b30   0x0000000c   Code   RO         1166    .text._ZNK3HAL3CAN9CanDevice10get_handleEv  can_device_impl.o
    0x08007b3c   0x08007b3c   0x00000014   Code   RO         1412    .text._ZNKSt3__210__function13__policy_funcIFvRKN3HAL3CAN5FrameEEEclB7v180000ES6_  can_device_impl.o
    0x08007b50   0x08007b50   0x00000012   Code   RO         1270    .text._ZNKSt3__210__function13__policy_funcIFvRKN3HAL3CAN5FrameEEEcvbB7v180000Ev  can_device_impl.o
    0x08007b62   0x08007b62   0x00000002   PAD
    0x08007b64   0x08007b64   0x0000000c   Code   RO         1210    .text._ZNKSt3__211__wrap_iterIPNS_8functionIFvRKN3HAL3CAN5FrameEEEEE4baseB7v180000Ev  can_device_impl.o
    0x08007b70   0x08007b70   0x0000000c   Code   RO         1194    .text._ZNKSt3__211__wrap_iterIPNS_8functionIFvRKN3HAL3CAN5FrameEEEEEdeB7v180000Ev  can_device_impl.o
    0x08007b7c   0x08007b7c   0x0000001c   Code   RO         1398    .text._ZNKSt3__214__split_bufferINS_8functionIFvRKN3HAL3CAN5FrameEEEERNS_9allocatorIS8_EEE8capacityB7v180000Ev  can_device_impl.o
    0x08007b98   0x08007b98   0x00000012   Code   RO         1404    .text._ZNKSt3__214__split_bufferINS_8functionIFvRKN3HAL3CAN5FrameEEEERNS_9allocatorIS8_EEE9__end_capB7v180000Ev  can_device_impl.o
    0x08007baa   0x08007baa   0x00000002   PAD
    0x08007bac   0x08007bac   0x0000000c   Code   RO         1360    .text._ZNKSt3__216reverse_iteratorIPNS_8functionIFvRKN3HAL3CAN5FrameEEEEE4baseB7v180000Ev  can_device_impl.o
    0x08007bb8   0x08007bb8   0x00000014   Code   RO         1376    .text._ZNKSt3__216reverse_iteratorIPNS_8functionIFvRKN3HAL3CAN5FrameEEEEEdeB7v180000Ev  can_device_impl.o
    0x08007bcc   0x08007bcc   0x00000010   Code   RO         1394    .text._ZNKSt3__216reverse_iteratorIPNS_8functionIFvRKN3HAL3CAN5FrameEEEEEptB7v180000Ev  can_device_impl.o
    0x08007bdc   0x08007bdc   0x00000010   Code   RO         1256    .text._ZNKSt3__217__compressed_pairIPNS_8functionIFvRKN3HAL3CAN5FrameEEEENS_9allocatorIS8_EEE5firstB7v180000Ev  can_device_impl.o
    0x08007bec   0x08007bec   0x00000010   Code   RO         1322    .text._ZNKSt3__217__compressed_pairIPNS_8functionIFvRKN3HAL3CAN5FrameEEEENS_9allocatorIS8_EEE6secondB7v180000Ev  can_device_impl.o
    0x08007bfc   0x08007bfc   0x00000010   Code   RO         1406    .text._ZNKSt3__217__compressed_pairIPNS_8functionIFvRKN3HAL3CAN5FrameEEEERNS_9allocatorIS8_EEE5firstB7v180000Ev  can_device_impl.o
    0x08007c0c   0x08007c0c   0x0000000a   Code   RO         1324    .text._ZNKSt3__222__compressed_pair_elemINS_9allocatorINS_8functionIFvRKN3HAL3CAN5FrameEEEEEELi1ELb1EE5__getB7v180000Ev  can_device_impl.o
    0x08007c16   0x08007c16   0x00000002   PAD
    0x08007c18   0x08007c18   0x0000000a   Code   RO         1258    .text._ZNKSt3__222__compressed_pair_elemIPNS_8functionIFvRKN3HAL3CAN5FrameEEEELi0ELb0EE5__getB7v180000Ev  can_device_impl.o
    0x08007c22   0x08007c22   0x00000002   PAD
    0x08007c24   0x08007c24   0x0000001c   Code   RO         1318    .text._ZNKSt3__26__lessIvvEclB7v180000IjjEEbRKT_RKT0_  can_device_impl.o
    0x08007c40   0x08007c40   0x00000056   Code   RO         1294    .text._ZNKSt3__26vectorINS_8functionIFvRKN3HAL3CAN5FrameEEEENS_9allocatorIS8_EEE11__recommendB7v180000Ej  can_device_impl.o
    0x08007c96   0x08007c96   0x00000002   PAD
    0x08007c98   0x08007c98   0x0000006e   Code   RO         1364    .text._ZNKSt3__26vectorINS_8functionIFvRKN3HAL3CAN5FrameEEEENS_9allocatorIS8_EEE14__annotate_newB7v180000Ej  can_device_impl.o
    0x08007d06   0x08007d06   0x00000002   PAD
    0x08007d08   0x08007d08   0x00000076   Code   RO         1220    .text._ZNKSt3__26vectorINS_8functionIFvRKN3HAL3CAN5FrameEEEENS_9allocatorIS8_EEE17__annotate_deleteB7v180000Ev  can_device_impl.o
    0x08007d7e   0x08007d7e   0x00000002   PAD
    0x08007d80   0x08007d80   0x00000010   Code   RO         1304    .text._ZNKSt3__26vectorINS_8functionIFvRKN3HAL3CAN5FrameEEEENS_9allocatorIS8_EEE20__throw_length_errorB7v180000Ev  can_device_impl.o
    0x08007d90   0x08007d90   0x00000012   Code   RO         1236    .text._ZNKSt3__26vectorINS_8functionIFvRKN3HAL3CAN5FrameEEEENS_9allocatorIS8_EEE31__annotate_contiguous_containerB7v180000EPKvSD_SD_SD_  can_device_impl.o
    0x08007da2   0x08007da2   0x00000002   PAD
    0x08007da4   0x08007da4   0x00000012   Code   RO         1238    .text._ZNKSt3__26vectorINS_8functionIFvRKN3HAL3CAN5FrameEEEENS_9allocatorIS8_EEE4dataB7v180000Ev  can_device_impl.o
    0x08007db6   0x08007db6   0x00000002   PAD
    0x08007db8   0x08007db8   0x00000012   Code   RO         1240    .text._ZNKSt3__26vectorINS_8functionIFvRKN3HAL3CAN5FrameEEEENS_9allocatorIS8_EEE4sizeB7v180000Ev  can_device_impl.o
    0x08007dca   0x08007dca   0x00000002   PAD
    0x08007dcc   0x08007dcc   0x00000012   Code   RO         1312    .text._ZNKSt3__26vectorINS_8functionIFvRKN3HAL3CAN5FrameEEEENS_9allocatorIS8_EEE7__allocB7v180000Ev  can_device_impl.o
    0x08007dde   0x08007dde   0x00000002   PAD
    0x08007de0   0x08007de0   0x0000001c   Code   RO         1226    .text._ZNKSt3__26vectorINS_8functionIFvRKN3HAL3CAN5FrameEEEENS_9allocatorIS8_EEE8capacityB7v180000Ev  can_device_impl.o
    0x08007dfc   0x08007dfc   0x00000026   Code   RO         1302    .text._ZNKSt3__26vectorINS_8functionIFvRKN3HAL3CAN5FrameEEEENS_9allocatorIS8_EEE8max_sizeEv  can_device_impl.o
    0x08007e22   0x08007e22   0x00000002   PAD
    0x08007e24   0x08007e24   0x00000012   Code   RO         1254    .text._ZNKSt3__26vectorINS_8functionIFvRKN3HAL3CAN5FrameEEEENS_9allocatorIS8_EEE9__end_capB7v180000Ev  can_device_impl.o
    0x08007e36   0x08007e36   0x00000002   PAD
    0x08007e38   0x08007e38   0x00000014   Code   RO         1196    .text._ZNKSt3__28functionIFvRKN3HAL3CAN5FrameEEEclES5_  can_device_impl.o
    0x08007e4c   0x08007e4c   0x00000010   Code   RO         1184    .text._ZNKSt3__28functionIFvRKN3HAL3CAN5FrameEEEcvbB7v180000Ev  can_device_impl.o
    0x08007e5c   0x08007e5c   0x0000000c   Code   RO         1320    .text._ZNKSt3__29allocatorINS_8functionIFvRKN3HAL3CAN5FrameEEEEE8max_sizeB7v180000Ev  can_device_impl.o
    0x08007e68   0x08007e68   0x0000000a   Code   RO          821    .text._ZNSt3__210__function10__not_nullB7v180000IZ10GimbalInitE3$_0EEbRKT_  gimbalinit.o
    0x08007e72   0x08007e72   0x00000002   PAD
    0x08007e74   0x08007e74   0x0000000a   Code   RO          843    .text._ZNSt3__210__function10__not_nullB7v180000IZ10GimbalInitE3$_1EEbRKT_  gimbalinit.o
    0x08007e7e   0x08007e7e   0x00000002   PAD
    0x08007e80   0x08007e80   0x00000046   Code   RO         1390    .text._ZNSt3__210__function13__policy_funcIFvRKN3HAL3CAN5FrameEEEC2B7v180000EOS8_  can_device_impl.o
    0x08007ec6   0x08007ec6   0x00000002   PAD
    0x08007ec8   0x08007ec8   0x00000044   Code   RO         1292    .text._ZNSt3__210__function13__policy_funcIFvRKN3HAL3CAN5FrameEEEC2B7v180000ERKS8_  can_device_impl.o
    0x08007f0c   0x08007f0c   0x0000004a   Code   RO          819    .text._ZNSt3__210__function13__policy_funcIFvRKN3HAL3CAN5FrameEEEC2B7v180000IZ10GimbalInitE3$_0Li0EEEOT_  gimbalinit.o
    0x08007f56   0x08007f56   0x00000002   PAD
    0x08007f58   0x08007f58   0x0000004a   Code   RO          841    .text._ZNSt3__210__function13__policy_funcIFvRKN3HAL3CAN5FrameEEEC2B7v180000IZ10GimbalInitE3$_1Li0EEEOT_  gimbalinit.o
    0x08007fa2   0x08007fa2   0x00000002   PAD
    0x08007fa4   0x08007fa4   0x00000026   Code   RO         1040    .text._ZNSt3__210__function13__policy_funcIFvRKN3HAL3CAN5FrameEEED2B7v180000Ev  gimbalinit.o
    0x08007fca   0x08007fca   0x00000002   PAD
    0x08007fcc   0x08007fcc   0x00000018   Code   RO          829    .text._ZNSt3__210__function16__policy_invokerIFvRKN3HAL3CAN5FrameEEE11__call_implB7v180000INS0_20__default_alloc_funcIZ10GimbalInitE3$_0S7_EEEEvPKNS0_16__policy_storageES6_  gimbalinit.o
    0x08007fe4   0x08007fe4   0x00000018   Code   RO          851    .text._ZNSt3__210__function16__policy_invokerIFvRKN3HAL3CAN5FrameEEE11__call_implB7v180000INS0_20__default_alloc_funcIZ10GimbalInitE3$_1S7_EEEEvPKNS0_16__policy_storageES6_  gimbalinit.o
    0x08007ffc   0x08007ffc   0x0000000a   Code   RO         1034    .text._ZNSt3__210__function16__policy_invokerIFvRKN3HAL3CAN5FrameEEE12__call_emptyB7v180000EPKNS0_16__policy_storageES6_  gimbalinit.o
    0x08008006   0x08008006   0x00000002   PAD
    0x08008008   0x08008008   0x00000018   Code   RO          823    .text._ZNSt3__210__function16__policy_invokerIFvRKN3HAL3CAN5FrameEEE8__createB7v180000INS0_20__default_alloc_funcIZ10GimbalInitE3$_0S7_EEEES8_v  gimbalinit.o
    0x08008020   0x08008020   0x00000018   Code   RO          845    .text._ZNSt3__210__function16__policy_invokerIFvRKN3HAL3CAN5FrameEEE8__createB7v180000INS0_20__default_alloc_funcIZ10GimbalInitE3$_1S7_EEEES8_v  gimbalinit.o
    0x08008038   0x08008038   0x00000010   Code   RO         1038    .text._ZNSt3__210__function16__policy_invokerIFvRKN3HAL3CAN5FrameEEEC2B7v180000EPFvPKNS0_16__policy_storageES6_E  gimbalinit.o
    0x08008048   0x08008048   0x00000014   Code   RO         1030    .text._ZNSt3__210__function16__policy_invokerIFvRKN3HAL3CAN5FrameEEEC2B7v180000Ev  gimbalinit.o
    0x0800805c   0x0800805c   0x0000000c   Code   RO          827    .text._ZNSt3__210__function20__default_alloc_funcIZ10GimbalInitE3$_0FvRKN3HAL3CAN5FrameEEEC2B7v180000EOS2_  gimbalinit.o
    0x08008068   0x08008068   0x00000014   Code   RO          831    .text._ZNSt3__210__function20__default_alloc_funcIZ10GimbalInitE3$_0FvRKN3HAL3CAN5FrameEEEclB7v180000ES7_  gimbalinit.o
    0x0800807c   0x0800807c   0x0000000c   Code   RO          849    .text._ZNSt3__210__function20__default_alloc_funcIZ10GimbalInitE3$_1FvRKN3HAL3CAN5FrameEEEC2B7v180000EOS2_  gimbalinit.o
    0x08008088   0x08008088   0x00000014   Code   RO          853    .text._ZNSt3__210__function20__default_alloc_funcIZ10GimbalInitE3$_1FvRKN3HAL3CAN5FrameEEEclB7v180000ES7_  gimbalinit.o
    0x0800809c   0x0800809c   0x0000000a   Code   RO         1032    .text._ZNSt3__210__function8__policy14__create_emptyB7v180000Ev  gimbalinit.o
    0x080080a6   0x080080a6   0x00000002   PAD
    0x080080a8   0x080080a8   0x0000000e   Code   RO          839    .text._ZNSt3__210__function8__policy15__choose_policyB7v180000INS0_20__default_alloc_funcIZ10GimbalInitE3$_0FvRKN3HAL3CAN5FrameEEEEEEPKS1_NS_17integral_constantIbLb1EEE  gimbalinit.o
    0x080080b6   0x080080b6   0x00000002   PAD
    0x080080b8   0x080080b8   0x0000000e   Code   RO          861    .text._ZNSt3__210__function8__policy15__choose_policyB7v180000INS0_20__default_alloc_funcIZ10GimbalInitE3$_1FvRKN3HAL3CAN5FrameEEEEEEPKS1_NS_17integral_constantIbLb1EEE  gimbalinit.o
    0x080080c6   0x080080c6   0x00000002   PAD
    0x080080c8   0x080080c8   0x0000000c   Code   RO          825    .text._ZNSt3__210__function8__policy8__createB7v180000INS0_20__default_alloc_funcIZ10GimbalInitE3$_0FvRKN3HAL3CAN5FrameEEEEEEPKS1_v  gimbalinit.o
    0x080080d4   0x080080d4   0x0000000c   Code   RO          847    .text._ZNSt3__210__function8__policy8__createB7v180000INS0_20__default_alloc_funcIZ10GimbalInitE3$_1FvRKN3HAL3CAN5FrameEEEEEEPKS1_v  gimbalinit.o
    0x080080e0   0x080080e0   0x00000010   Code   RO         1410    .text._ZNSt3__211__wrap_iterIPNS_8functionIFvRKN3HAL3CAN5FrameEEEEEC2B7v180000ES9_  can_device_impl.o
    0x080080f0   0x080080f0   0x00000010   Code   RO         1198    .text._ZNSt3__211__wrap_iterIPNS_8functionIFvRKN3HAL3CAN5FrameEEEEEppB7v180000Ev  can_device_impl.o
    0x08008100   0x08008100   0x00000010   Code   RO         1374    .text._ZNSt3__212__to_addressB7v180000INS_16reverse_iteratorIPNS_8functionIFvRKN3HAL3CAN5FrameEEEEEEvEEu7__decayIDTclsr19__to_address_helperIT_EE6__callclsr3stdE7declvalIRKSC_EEEEESE_  can_device_impl.o
    0x08008110   0x08008110   0x0000000a   Code   RO         1232    .text._ZNSt3__212__to_addressB7v180000INS_8functionIFvRKN3HAL3CAN5FrameEEEEEEPT_SA_  can_device_impl.o
    0x0800811a   0x0800811a   0x00000002   PAD
    0x0800811c   0x0800811c   0x00000014   Code   RO         1400    .text._ZNSt3__214__split_bufferINS_8functionIFvRKN3HAL3CAN5FrameEEEERNS_9allocatorIS8_EEE17__destruct_at_endB7v180000EPS8_  can_device_impl.o
    0x08008130   0x08008130   0x0000003c   Code   RO         1402    .text._ZNSt3__214__split_bufferINS_8functionIFvRKN3HAL3CAN5FrameEEEERNS_9allocatorIS8_EEE17__destruct_at_endB7v180000EPS8_NS_17integral_constantIbLb0EEE  can_device_impl.o
    0x0800816c   0x0800816c   0x00000012   Code   RO         1396    .text._ZNSt3__214__split_bufferINS_8functionIFvRKN3HAL3CAN5FrameEEEERNS_9allocatorIS8_EEE5clearB7v180000Ev  can_device_impl.o
    0x0800817e   0x0800817e   0x00000002   PAD
    0x08008180   0x08008180   0x00000012   Code   RO         1336    .text._ZNSt3__214__split_bufferINS_8functionIFvRKN3HAL3CAN5FrameEEEERNS_9allocatorIS8_EEE7__allocB7v180000Ev  can_device_impl.o
    0x08008192   0x08008192   0x00000002   PAD
    0x08008194   0x08008194   0x00000012   Code   RO         1338    .text._ZNSt3__214__split_bufferINS_8functionIFvRKN3HAL3CAN5FrameEEEERNS_9allocatorIS8_EEE9__end_capB7v180000Ev  can_device_impl.o
    0x080081a6   0x080081a6   0x00000002   PAD
    0x080081a8   0x080081a8   0x00000072   Code   RO         1296    .text._ZNSt3__214__split_bufferINS_8functionIFvRKN3HAL3CAN5FrameEEEERNS_9allocatorIS8_EEEC2EjjSB_  can_device_impl.o
    0x0800821a   0x0800821a   0x00000002   PAD
    0x0800821c   0x0800821c   0x0000003e   Code   RO         1300    .text._ZNSt3__214__split_bufferINS_8functionIFvRKN3HAL3CAN5FrameEEEERNS_9allocatorIS8_EEED2Ev  can_device_impl.o
    0x0800825a   0x0800825a   0x00000002   PAD
    0x0800825c   0x0800825c   0x00000008   Code   RO         1314    .text._ZNSt3__214numeric_limitsIiE3maxB7v180000Ev  can_device_impl.o
    0x08008264   0x08008264   0x0000000a   Code   RO         1268    .text._ZNSt3__216__non_trivial_ifILb1ENS_9allocatorINS_8functionIFvRKN3HAL3CAN5FrameEEEEEEEC2B7v180000Ev  can_device_impl.o
    0x0800826e   0x0800826e   0x00000002   PAD
    0x08008270   0x08008270   0x00000018   Code   RO         1222    .text._ZNSt3__216allocator_traitsINS_9allocatorINS_8functionIFvRKN3HAL3CAN5FrameEEEEEEE10deallocateB7v180000ERSA_PS9_j  can_device_impl.o
    0x08008288   0x08008288   0x00000014   Code   RO         1230    .text._ZNSt3__216allocator_traitsINS_9allocatorINS_8functionIFvRKN3HAL3CAN5FrameEEEEEEE7destroyB7v180000IS9_vEEvRSA_PT_  can_device_impl.o
    0x0800829c   0x0800829c   0x00000010   Code   RO         1310    .text._ZNSt3__216allocator_traitsINS_9allocatorINS_8functionIFvRKN3HAL3CAN5FrameEEEEEEE8max_sizeB7v180000ISA_vEEjRKSA_  can_device_impl.o
    0x080082ac   0x080082ac   0x00000018   Code   RO         1284    .text._ZNSt3__216allocator_traitsINS_9allocatorINS_8functionIFvRKN3HAL3CAN5FrameEEEEEEE9constructB7v180000IS9_JRKS9_EvEEvRSA_PT_DpOT0_  can_device_impl.o
    0x080082c4   0x080082c4   0x00000018   Code   RO         1372    .text._ZNSt3__216allocator_traitsINS_9allocatorINS_8functionIFvRKN3HAL3CAN5FrameEEEEEEE9constructB7v180000IS9_JS9_EvEEvRSA_PT_DpOT0_  can_device_impl.o
    0x080082dc   0x080082dc   0x00000014   Code   RO         1358    .text._ZNSt3__216reverse_iteratorIPNS_8functionIFvRKN3HAL3CAN5FrameEEEEEC2B7v180000ES9_  can_device_impl.o
    0x080082f0   0x080082f0   0x00000010   Code   RO         1378    .text._ZNSt3__216reverse_iteratorIPNS_8functionIFvRKN3HAL3CAN5FrameEEEEEppB7v180000Ev  can_device_impl.o
    0x08008300   0x08008300   0x00000010   Code   RO         1278    .text._ZNSt3__217__compressed_pairIPNS_8functionIFvRKN3HAL3CAN5FrameEEEENS_9allocatorIS8_EEE5firstB7v180000Ev  can_device_impl.o
    0x08008310   0x08008310   0x00000010   Code   RO         1250    .text._ZNSt3__217__compressed_pairIPNS_8functionIFvRKN3HAL3CAN5FrameEEEENS_9allocatorIS8_EEE6secondB7v180000Ev  can_device_impl.o
    0x08008320   0x08008320   0x00000020   Code   RO         1260    .text._ZNSt3__217__compressed_pairIPNS_8functionIFvRKN3HAL3CAN5FrameEEEENS_9allocatorIS8_EEEC2B7v180000IDnNS_18__default_init_tagEEEOT_OT0_  can_device_impl.o
    0x08008340   0x08008340   0x00000010   Code   RO         1354    .text._ZNSt3__217__compressed_pairIPNS_8functionIFvRKN3HAL3CAN5FrameEEEERNS_9allocatorIS8_EEE5firstB7v180000Ev  can_device_impl.o
    0x08008350   0x08008350   0x00000012   Code   RO         1350    .text._ZNSt3__217__compressed_pairIPNS_8functionIFvRKN3HAL3CAN5FrameEEEERNS_9allocatorIS8_EEE6secondB7v180000Ev  can_device_impl.o
    0x08008362   0x08008362   0x00000002   PAD
    0x08008364   0x08008364   0x00000024   Code   RO         1332    .text._ZNSt3__217__compressed_pairIPNS_8functionIFvRKN3HAL3CAN5FrameEEEERNS_9allocatorIS8_EEEC2B7v180000IDnSC_EEOT_OT0_  can_device_impl.o
    0x08008388   0x08008388   0x00000012   Code   RO         1346    .text._ZNSt3__217__libcpp_allocateB7v180000Ejj  can_device_impl.o
    0x0800839a   0x0800839a   0x00000002   PAD
    0x0800839c   0x0800839c   0x0000001e   Code   RO         1334    .text._ZNSt3__219__allocate_at_leastB7v180000INS_9allocatorINS_8functionIFvRKN3HAL3CAN5FrameEEEEEEEENS_19__allocation_resultINS_16allocator_traitsIT_E7pointerEEERSD_j  can_device_impl.o
    0x080083ba   0x080083ba   0x00000002   PAD
    0x080083bc   0x080083bc   0x00000016   Code   RO         1244    .text._ZNSt3__219__libcpp_deallocateB7v180000EPvjj  can_device_impl.o
    0x080083d2   0x080083d2   0x00000002   PAD
    0x080083d4   0x080083d4   0x00000014   Code   RO         1392    .text._ZNSt3__219__to_address_helperINS_16reverse_iteratorIPNS_8functionIFvRKN3HAL3CAN5FrameEEEEEEvE6__callB7v180000ERKSB_  can_device_impl.o
    0x080083e8   0x080083e8   0x00000012   Code   RO         1328    .text._ZNSt3__220__throw_length_errorB7v180000EPKc  can_device_impl.o
    0x080083fa   0x080083fa   0x00000002   PAD
    0x080083fc   0x080083fc   0x00000010   Code   RO         1348    .text._ZNSt3__221__libcpp_operator_newB7v180000IJjEEEPvDpT_  can_device_impl.o
    0x0800840c   0x0800840c   0x0000000a   Code   RO         1252    .text._ZNSt3__222__compressed_pair_elemINS_9allocatorINS_8functionIFvRKN3HAL3CAN5FrameEEEEEELi1ELb1EE5__getB7v180000Ev  can_device_impl.o
    0x08008416   0x08008416   0x00000002   PAD
    0x08008418   0x08008418   0x00000014   Code   RO         1264    .text._ZNSt3__222__compressed_pair_elemINS_9allocatorINS_8functionIFvRKN3HAL3CAN5FrameEEEEEELi1ELb1EEC2B7v180000ENS_18__default_init_tagE  can_device_impl.o
    0x0800842c   0x0800842c   0x0000000a   Code   RO         1280    .text._ZNSt3__222__compressed_pair_elemIPNS_8functionIFvRKN3HAL3CAN5FrameEEEELi0ELb0EE5__getB7v180000Ev  can_device_impl.o
    0x08008436   0x08008436   0x00000002   PAD
    0x08008438   0x08008438   0x00000010   Code   RO         1262    .text._ZNSt3__222__compressed_pair_elemIPNS_8functionIFvRKN3HAL3CAN5FrameEEEELi0ELb0EEC2B7v180000IDnvEEOT_  can_device_impl.o
    0x08008448   0x08008448   0x0000000c   Code   RO         1352    .text._ZNSt3__222__compressed_pair_elemIRNS_9allocatorINS_8functionIFvRKN3HAL3CAN5FrameEEEEEELi1ELb0EE5__getB7v180000Ev  can_device_impl.o
    0x08008454   0x08008454   0x00000010   Code   RO         1340    .text._ZNSt3__222__compressed_pair_elemIRNS_9allocatorINS_8functionIFvRKN3HAL3CAN5FrameEEEEEELi1ELb0EEC2B7v180000ISB_vEEOT_  can_device_impl.o
    0x08008464   0x08008464   0x0000001e   Code   RO         1491    .text._ZNSt3__222__libcpp_verbose_abortEPKcz  libcpp_w.l(verbose_abort.cpp.o)
    0x08008482   0x08008482   0x00000002   PAD
    0x08008484   0x08008484   0x00000026   Code   RO         1366    .text._ZNSt3__222__make_exception_guardB7v180000INS_29_AllocatorDestroyRangeReverseINS_9allocatorINS_8functionIFvRKN3HAL3CAN5FrameEEEEEENS_16reverse_iteratorIPSA_EEEEEENS_30__exception_guard_noexceptionsIT_EESH_  can_device_impl.o
    0x080084aa   0x080084aa   0x00000002   PAD
    0x080084ac   0x080084ac   0x00000006   Code   RO         1326    .text._ZNSt3__223__libcpp_numeric_limitsIiLb1EE3maxB7v180000Ev  can_device_impl.o
    0x080084b2   0x080084b2   0x00000002   PAD
    0x080084b4   0x080084b4   0x00000010   Code   RO         1248    .text._ZNSt3__224__libcpp_operator_deleteB7v180000IJPvEEEvDpT_  can_device_impl.o
    0x080084c4   0x080084c4   0x0000000c   Code   RO         1036    .text._ZNSt3__225__throw_bad_function_callB7v180000Ev  gimbalinit.o
    0x080084d0   0x080084d0   0x00000012   Code   RO         1246    .text._ZNSt3__227__do_deallocate_handle_sizeB7v180000IJEEEvPvjDpT_  can_device_impl.o
    0x080084e2   0x080084e2   0x00000002   PAD
    0x080084e4   0x080084e4   0x00000014   Code   RO          833    .text._ZNSt3__228__invoke_void_return_wrapperIvLb1EE6__callB7v180000IJRZ10GimbalInitE3$_0RKN3HAL3CAN5FrameEEEEvDpOT_  gimbalinit.o
    0x080084f8   0x080084f8   0x00000014   Code   RO          855    .text._ZNSt3__228__invoke_void_return_wrapperIvLb1EE6__callB7v180000IJRZ10GimbalInitE3$_1RKN3HAL3CAN5FrameEEEEvDpOT_  gimbalinit.o
    0x0800850c   0x0800850c   0x0000001c   Code   RO         1368    .text._ZNSt3__229_AllocatorDestroyRangeReverseINS_9allocatorINS_8functionIFvRKN3HAL3CAN5FrameEEEEEENS_16reverse_iteratorIPS9_EEEC2B7v180000ERSA_RSD_SG_  can_device_impl.o
    0x08008528   0x08008528   0x0000000e   Code   RO         1380    .text._ZNSt3__230__exception_guard_noexceptionsINS_29_AllocatorDestroyRangeReverseINS_9allocatorINS_8functionIFvRKN3HAL3CAN5FrameEEEEEENS_16reverse_iteratorIPSA_EEEEE10__completeB7v180000Ev  can_device_impl.o
    0x08008536   0x08008536   0x00000002   PAD
    0x08008538   0x08008538   0x00000014   Code   RO         1384    .text._ZNSt3__230__exception_guard_noexceptionsINS_29_AllocatorDestroyRangeReverseINS_9allocatorINS_8functionIFvRKN3HAL3CAN5FrameEEEEEENS_16reverse_iteratorIPSA_EEEEEC2B7v180000ESF_  can_device_impl.o
    0x0800854c   0x0800854c   0x0000000a   Code   RO         1382    .text._ZNSt3__230__exception_guard_noexceptionsINS_29_AllocatorDestroyRangeReverseINS_9allocatorINS_8functionIFvRKN3HAL3CAN5FrameEEEEEENS_16reverse_iteratorIPSA_EEEEED2B7v180000Ev  can_device_impl.o
    0x08008556   0x08008556   0x00000002   PAD
    0x08008558   0x08008558   0x00000014   Code   RO         1306    .text._ZNSt3__23maxB7v180000IjEERKT_S3_S3_  can_device_impl.o
    0x0800856c   0x0800856c   0x0000002a   Code   RO         1330    .text._ZNSt3__23maxB7v180000IjNS_6__lessIvvEEEERKT_S5_S5_T0_  can_device_impl.o
    0x08008596   0x08008596   0x00000002   PAD
    0x08008598   0x08008598   0x00000014   Code   RO         1308    .text._ZNSt3__23minB7v180000IjEERKT_S3_S3_  can_device_impl.o
    0x080085ac   0x080085ac   0x0000002a   Code   RO         1316    .text._ZNSt3__23minB7v180000IjNS_6__lessIvvEEEERKT_S5_S5_T0_  can_device_impl.o
    0x080085d6   0x080085d6   0x00000002   PAD
    0x080085d8   0x080085d8   0x000000a2   Code   RO         1356    .text._ZNSt3__242__uninitialized_allocator_move_if_noexceptB7v180000INS_9allocatorINS_8functionIFvRKN3HAL3CAN5FrameEEEEEENS_16reverse_iteratorIPS9_EESD_SD_EET2_RT_T0_T1_SE_  can_device_impl.o
    0x0800867a   0x0800867a   0x00000002   PAD
    0x0800867c   0x0800867c   0x0000001e   Code   RO         1362    .text._ZNSt3__24swapB7v180000IPNS_8functionIFvRKN3HAL3CAN5FrameEEEEEENS_9enable_ifIXaasr21is_move_constructibleIT_EE5valuesr18is_move_assignableISB_EE5valueEvE4typeERSB_SE_  can_device_impl.o
    0x0800869a   0x0800869a   0x00000002   PAD
    0x0800869c   0x0800869c   0x00000016   Code   RO         1408    .text._ZNSt3__26vectorINS_8functionIFvRKN3HAL3CAN5FrameEEEENS_9allocatorIS8_EEE11__make_iterB7v180000EPS8_  can_device_impl.o
    0x080086b2   0x080086b2   0x00000002   PAD
    0x080086b4   0x080086b4   0x00000010   Code   RO         1214    .text._ZNSt3__26vectorINS_8functionIFvRKN3HAL3CAN5FrameEEEENS_9allocatorIS8_EEE16__destroy_vectorC2B7v180000ERSB_  can_device_impl.o
    0x080086c4   0x080086c4   0x0000004a   Code   RO         1216    .text._ZNSt3__26vectorINS_8functionIFvRKN3HAL3CAN5FrameEEEENS_9allocatorIS8_EEE16__destroy_vectorclB7v180000Ev  can_device_impl.o
    0x0800870e   0x0800870e   0x00000002   PAD
    0x08008710   0x08008710   0x00000024   Code   RO         1282    .text._ZNSt3__26vectorINS_8functionIFvRKN3HAL3CAN5FrameEEEENS_9allocatorIS8_EEE21_ConstructTransactionC2B7v180000ERSB_j  can_device_impl.o
    0x08008734   0x08008734   0x00000010   Code   RO         1286    .text._ZNSt3__26vectorINS_8functionIFvRKN3HAL3CAN5FrameEEEENS_9allocatorIS8_EEE21_ConstructTransactionD2B7v180000Ev  can_device_impl.o
    0x08008744   0x08008744   0x00000068   Code   RO         1276    .text._ZNSt3__26vectorINS_8functionIFvRKN3HAL3CAN5FrameEEEENS_9allocatorIS8_EEE21__push_back_slow_pathIRKS8_EEvOT_  can_device_impl.o
    0x080087ac   0x080087ac   0x00000042   Code   RO         1228    .text._ZNSt3__26vectorINS_8functionIFvRKN3HAL3CAN5FrameEEEENS_9allocatorIS8_EEE22__base_destruct_at_endB7v180000EPS8_  can_device_impl.o
    0x080087ee   0x080087ee   0x00000002   PAD
    0x080087f0   0x080087f0   0x0000003e   Code   RO         1274    .text._ZNSt3__26vectorINS_8functionIFvRKN3HAL3CAN5FrameEEEENS_9allocatorIS8_EEE22__construct_one_at_endB7v180000IJRKS8_EEEvDpOT_  can_device_impl.o
    0x0800882e   0x0800882e   0x00000002   PAD
    0x08008830   0x08008830   0x000000b4   Code   RO         1298    .text._ZNSt3__26vectorINS_8functionIFvRKN3HAL3CAN5FrameEEEENS_9allocatorIS8_EEE26__swap_out_circular_bufferERNS_14__split_bufferIS8_RSA_EE  can_device_impl.o
    0x080088e4   0x080088e4   0x00000016   Code   RO         1190    .text._ZNSt3__26vectorINS_8functionIFvRKN3HAL3CAN5FrameEEEENS_9allocatorIS8_EEE3endB7v180000Ev  can_device_impl.o
    0x080088fa   0x080088fa   0x00000002   PAD
    0x080088fc   0x080088fc   0x00000016   Code   RO         1188    .text._ZNSt3__26vectorINS_8functionIFvRKN3HAL3CAN5FrameEEEENS_9allocatorIS8_EEE5beginB7v180000Ev  can_device_impl.o
    0x08008912   0x08008912   0x00000002   PAD
    0x08008914   0x08008914   0x00000012   Code   RO         1224    .text._ZNSt3__26vectorINS_8functionIFvRKN3HAL3CAN5FrameEEEENS_9allocatorIS8_EEE7__allocB7v180000Ev  can_device_impl.o
    0x08008926   0x08008926   0x00000002   PAD
    0x08008928   0x08008928   0x00000012   Code   RO         1218    .text._ZNSt3__26vectorINS_8functionIFvRKN3HAL3CAN5FrameEEEENS_9allocatorIS8_EEE7__clearB7v180000Ev  can_device_impl.o
    0x0800893a   0x0800893a   0x00000002   PAD
    0x0800893c   0x0800893c   0x00000012   Code   RO         1272    .text._ZNSt3__26vectorINS_8functionIFvRKN3HAL3CAN5FrameEEEENS_9allocatorIS8_EEE9__end_capB7v180000Ev  can_device_impl.o
    0x0800894e   0x0800894e   0x00000002   PAD
    0x08008950   0x08008950   0x00000038   Code   RO         1186    .text._ZNSt3__26vectorINS_8functionIFvRKN3HAL3CAN5FrameEEEENS_9allocatorIS8_EEE9push_backB7v180000ERKS8_  can_device_impl.o
    0x08008988   0x08008988   0x00000024   Code   RO         1182    .text._ZNSt3__26vectorINS_8functionIFvRKN3HAL3CAN5FrameEEEENS_9allocatorIS8_EEEC2B7v180000Ev  can_device_impl.o
    0x080089ac   0x080089ac   0x0000001e   Code   RO         1212    .text._ZNSt3__26vectorINS_8functionIFvRKN3HAL3CAN5FrameEEEENS_9allocatorIS8_EEED2B7v180000Ev  can_device_impl.o
    0x080089ca   0x080089ca   0x00000002   PAD
    0x080089cc   0x080089cc   0x00000014   Code   RO          835    .text._ZNSt3__28__invokeB7v180000IRZ10GimbalInitE3$_0JRKN3HAL3CAN5FrameEEEEDTclclsr3stdE7declvalIT_EEspclsr3stdE7declvalIT0_EEEEOS8_DpOS9_  gimbalinit.o
    0x080089e0   0x080089e0   0x00000014   Code   RO          857    .text._ZNSt3__28__invokeB7v180000IRZ10GimbalInitE3$_1JRKN3HAL3CAN5FrameEEEEDTclclsr3stdE7declvalIT_EEspclsr3stdE7declvalIT0_EEEEOS8_DpOS9_  gimbalinit.o
    0x080089f4   0x080089f4   0x00000018   Code   RO         1388    .text._ZNSt3__28functionIFvRKN3HAL3CAN5FrameEEEC2EOS7_  can_device_impl.o
    0x08008a0c   0x08008a0c   0x00000018   Code   RO         1290    .text._ZNSt3__28functionIFvRKN3HAL3CAN5FrameEEEC2ERKS7_  can_device_impl.o
    0x08008a24   0x08008a24   0x00000018   Code   RO          797    .text._ZNSt3__28functionIFvRKN3HAL3CAN5FrameEEEC2IZ10GimbalInitE3$_0vEET_  gimbalinit.o
    0x08008a3c   0x08008a3c   0x00000018   Code   RO          799    .text._ZNSt3__28functionIFvRKN3HAL3CAN5FrameEEEC2IZ10GimbalInitE3$_1vEET_  gimbalinit.o
    0x08008a54   0x08008a54   0x00000014   Code   RO          900    .text._ZNSt3__28functionIFvRKN3HAL3CAN5FrameEEED2Ev  gimbalinit.o
    0x08008a68   0x08008a68   0x0000001a   Code   RO         1242    .text._ZNSt3__29allocatorINS_8functionIFvRKN3HAL3CAN5FrameEEEEE10deallocateB7v180000EPS8_j  can_device_impl.o
    0x08008a82   0x08008a82   0x00000002   PAD
    0x08008a84   0x08008a84   0x00000012   Code   RO         1234    .text._ZNSt3__29allocatorINS_8functionIFvRKN3HAL3CAN5FrameEEEEE7destroyB7v180000EPS8_  can_device_impl.o
    0x08008a96   0x08008a96   0x00000002   PAD
    0x08008a98   0x08008a98   0x0000002e   Code   RO         1342    .text._ZNSt3__29allocatorINS_8functionIFvRKN3HAL3CAN5FrameEEEEE8allocateB7v180000Ej  can_device_impl.o
    0x08008ac6   0x08008ac6   0x00000002   PAD
    0x08008ac8   0x08008ac8   0x00000016   Code   RO         1288    .text._ZNSt3__29allocatorINS_8functionIFvRKN3HAL3CAN5FrameEEEEE9constructB7v180000IS8_JRKS8_EEEvPT_DpOT0_  can_device_impl.o
    0x08008ade   0x08008ade   0x00000002   PAD
    0x08008ae0   0x08008ae0   0x00000016   Code   RO         1386    .text._ZNSt3__29allocatorINS_8functionIFvRKN3HAL3CAN5FrameEEEEE9constructB7v180000IS8_JS8_EEEvPT_DpOT0_  can_device_impl.o
    0x08008af6   0x08008af6   0x00000002   PAD
    0x08008af8   0x08008af8   0x00000014   Code   RO         1266    .text._ZNSt3__29allocatorINS_8functionIFvRKN3HAL3CAN5FrameEEEEEC2B7v180000Ev  can_device_impl.o
    0x08008b0c   0x08008b0c   0x00000026   Code   RO         1208    .text._ZNSt3__2eqB7v180000IPNS_8functionIFvRKN3HAL3CAN5FrameEEEEEEbRKNS_11__wrap_iterIT_EESE_  can_device_impl.o
    0x08008b32   0x08008b32   0x00000002   PAD
    0x08008b34   0x08008b34   0x00000018   Code   RO         1192    .text._ZNSt3__2neB7v180000IPNS_8functionIFvRKN3HAL3CAN5FrameEEEEEEbRKNS_11__wrap_iterIT_EESE_  can_device_impl.o
    0x08008b4c   0x08008b4c   0x00000024   Code   RO         1370    .text._ZNSt3__2neB7v180000IPNS_8functionIFvRKN3HAL3CAN5FrameEEEES9_EEbRKNS_16reverse_iteratorIT_EERKNSA_IT0_EE  can_device_impl.o
    0x08008b70   0x08008b70   0x0000000c   Code   RO         1564    .text._ZSt15get_new_handlerv  libcppabi_w.l(cxa_handlers.cpp.o)
    0x08008b7c   0x08008b7c   0x0000000c   Code   RO         1344    .text._ZSt28__throw_bad_array_new_lengthB7v180000v  can_device_impl.o
    0x08008b88   0x08008b88   0x0000001a   Code   RO          837    .text._ZZ10GimbalInitENK3$_0clERKN3HAL3CAN5FrameE  gimbalinit.o
    0x08008ba2   0x08008ba2   0x00000002   PAD
    0x08008ba4   0x08008ba4   0x0000001a   Code   RO          859    .text._ZZ10GimbalInitENK3$_1clERKN3HAL3CAN5FrameE  gimbalinit.o
    0x08008bbe   0x08008bbe   0x00000004   Code   RO         1457    .text._ZdlPv        libcpp_w.l(new.cpp.o)
    0x08008bc2   0x08008bc2   0x00000002   PAD
    0x08008bc4   0x08008bc4   0x00000026   Code   RO         1449    .text._Znwj         libcpp_w.l(new.cpp.o)
    0x08008bea   0x08008bea   0x00000002   PAD
    0x08008bec   0x08008bec   0x00000030   Code   RO          492    .text.__NVIC_EnableIRQ  stm32f4xx_hal_cortex.o
    0x08008c1c   0x08008c1c   0x00000010   Code   RO          484    .text.__NVIC_GetPriorityGrouping  stm32f4xx_hal_cortex.o
    0x08008c2c   0x08008c2c   0x00000042   Code   RO          486    .text.__NVIC_SetPriority  stm32f4xx_hal_cortex.o
    0x08008c6e   0x08008c6e   0x00000002   PAD
    0x08008c70   0x08008c70   0x0000003c   Code   RO          480    .text.__NVIC_SetPriorityGrouping  stm32f4xx_hal_cortex.o
    0x08008cac   0x08008cac   0x00000028   Code   RO         1504    .text.__cxa_pure_virtual  libcppabi_w.l(cxa_virtual.cpp.o)
    0x08008cd4   0x08008cd4   0x00000010   Code   RO          791    .text.__cxx_global_var_init  gimbalinit.o
    0x08008ce4   0x08008ce4   0x00000010   Code   RO         1091    .text.__cxx_global_var_init  vofa.o
    0x08008cf4   0x08008cf4   0x00000010   Code   RO          793    .text.__cxx_global_var_init.1  gimbalinit.o
    0x08008d04   0x08008d04   0x00000004   Code   RO         1548    .text.abort_message  libcppabi_w.l(abort_message.cpp.o)
    0x08008d08   0x08008d08   0x0000003a   Code   RO           11    .text.main          main.o
    0x08008d42   0x08008d42   0x0000002c   Code   RO         1495    .text.unlikely.__cxa_guard_acquire  libcppabi_w.l(cxa_guard.cpp.o)
    0x08008d6e   0x08008d6e   0x00000008   Code   RO         1497    .text.unlikely.__cxa_guard_release  libcppabi_w.l(cxa_guard.cpp.o)
    0x08008d76   0x08008d76   0x00000002   PAD
    0x08008d78   0x08008d78   0x00000018   Code   RO         1611    i.__0vfprintf       mc_w.l(printfa.o)
    0x08008d90   0x08008d90   0x000000a0   Code   RO         1647    i.__aligned_malloc  mc_w.l(malloca.o)
    0x08008e30   0x08008e30   0x00000050   Code   RO         1648    i.__free$memalign   mc_w.l(malloca.o)
    0x08008e80   0x08008e80   0x00000150   Code   RO         1509    i.__hardfp_cosf     m_wm.l(cosf.o)
    0x08008fd0   0x08008fd0   0x00000006   Code   RO         1649    i.__malloc$memalign  mc_w.l(malloca.o)
    0x08008fd6   0x08008fd6   0x00000006   Code   RO         1568    i.__mathlib_flt_infnan  m_wm.l(funder.o)
    0x08008fdc   0x08008fdc   0x00000010   Code   RO         1570    i.__mathlib_flt_invalid  m_wm.l(funder.o)
    0x08008fec   0x08008fec   0x00000154   Code   RO         1581    i.__mathlib_rredf2  m_wm.l(rredf.o)
    0x08009140   0x08009140   0x0000000e   Code   RO         1730    i.__scatterload_copy  mc_w.l(handlers.o)
    0x0800914e   0x0800914e   0x00000002   Code   RO         1731    i.__scatterload_null  mc_w.l(handlers.o)
    0x08009150   0x08009150   0x0000000e   Code   RO         1732    i.__scatterload_zeroinit  mc_w.l(handlers.o)
    0x0800915e   0x0800915e   0x00000002   PAD
    0x08009160   0x08009160   0x0000000c   Code   RO         1667    i.__set_errno       mc_w.l(errno.o)
    0x0800916c   0x0800916c   0x00000184   Code   RO         1615    i._fp_digits        mc_w.l(printfa.o)
    0x080092f0   0x080092f0   0x000006dc   Code   RO         1616    i._printf_core      mc_w.l(printfa.o)
    0x080099cc   0x080099cc   0x00000024   Code   RO         1617    i._printf_post_padding  mc_w.l(printfa.o)
    0x080099f0   0x080099f0   0x0000002e   Code   RO         1618    i._printf_pre_padding  mc_w.l(printfa.o)
    0x08009a1e   0x08009a1e   0x00000012   Code   RO         1696    i.fputc             mc_w.l(fputc.o)
    0x08009a30   0x08009a30   0x00000020   Data   RO         1582    .constdata          m_wm.l(rredf.o)
    0x08009a50   0x08009a50   0x00000010   Data   RO          782    .rodata.AHBPrescTable  system_stm32f4xx.o
    0x08009a60   0x08009a60   0x00000008   Data   RO          783    .rodata.APBPrescTable  system_stm32f4xx.o
    0x08009a68   0x08009a68   0x00000008   Data   RO          410    .rodata.DMA_CalcBaseAndBitshift.flagBitshiftOffset  stm32f4xx_hal_dma.o
    0x08009a70   0x08009a70   0x00000014   Data   RO         1050    .rodata._ZTVN3BSP5MOTOR2DM11DMMotorBaseILh1EEE  gimbalinit.o
    0x08009a84   0x08009a84   0x00000014   Data   RO         1047    .rodata._ZTVN3BSP5MOTOR2DM11DMMotorBaseILh2EEE  gimbalinit.o
    0x08009a98   0x08009a98   0x00000014   Data   RO         1046    .rodata._ZTVN3BSP5MOTOR2DM6DM4310E  gimbalinit.o
    0x08009aac   0x08009aac   0x00000014   Data   RO         1049    .rodata._ZTVN3BSP5MOTOR2DM6DM4340E  gimbalinit.o
    0x08009ac0   0x08009ac0   0x00000014   Data   RO         1051    .rodata._ZTVN3BSP5MOTOR9MotorBaseILh1EEE  gimbalinit.o
    0x08009ad4   0x08009ad4   0x00000014   Data   RO         1048    .rodata._ZTVN3BSP5MOTOR9MotorBaseILh2EEE  gimbalinit.o
    0x08009ae8   0x08009ae8   0x0000002c   Data   RO         1414    .rodata._ZTVN3HAL3CAN10ICanDeviceE  can_device_impl.o
    0x08009b14   0x08009b14   0x00000018   Data   RO         1430    .rodata._ZTVN3HAL3CAN6CanBusE  can_bus_impl.o
    0x08009b2c   0x08009b2c   0x00000018   Data   RO         1447    .rodata._ZTVN3HAL3CAN7ICanBusE  can_bus_impl.o
    0x08009b44   0x08009b44   0x0000002c   Data   RO         1172    .rodata._ZTVN3HAL3CAN9CanDeviceE  can_device_impl.o
    0x08009b70   0x08009b70   0x00000010   Data   RO         1052    .rodata._ZZNSt3__210__function8__policy14__create_emptyB7v180000EvE8__policy  gimbalinit.o
    0x08009b80   0x08009b80   0x00000010   Data   RO          876    .rodata._ZZNSt3__210__function8__policy15__choose_policyB7v180000INS0_20__default_alloc_funcIZ10GimbalInitE3$_0FvRKN3HAL3CAN5FrameEEEEEEPKS1_NS_17integral_constantIbLb1EEEE8__policy  gimbalinit.o
    0x08009b90   0x08009b90   0x00000010   Data   RO          877    .rodata._ZZNSt3__210__function8__policy15__choose_policyB7v180000INS0_20__default_alloc_funcIZ10GimbalInitE3$_1FvRKN3HAL3CAN5FrameEEEEEEPKS1_NS_17integral_constantIbLb1EEEE8__policy  gimbalinit.o
    0x08009ba0   0x08009ba0   0x00000035   Data   RO          875    .rodata.str1.1      gimbalinit.o
    0x08009bd5   0x08009bd5   0x00000081   Data   RO         1173    .rodata.str1.1      can_device_impl.o
    0x08009c56   0x08009c56   0x00000093   Data   RO         1501    .rodata.str1.1      libcppabi_w.l(cxa_guard.cpp.o)
    0x08009ce9   0x08009ce9   0x00000003   PAD
    0x08009cec   0x08009cec   0x00000020   Data   RO         1729    Region$$Table       anon$$obj.o
    0x08009d0c   0x08009d0c   0x00000004   Data   RO          879    .init_array         gimbalinit.o
    0x08009d10   0x08009d0c   0x00000004   Data   RO         1104    .init_array         vofa.o
    0x08009d14   0x08009d0c   0x00000000   Data   RO         1527    .init_array         mc_w.l(cpp_init.o)


    Execution Region RW_IRAM1 (Exec base: 0x20000000, Load base: 0x08009d18, Size: 0x00000fe0, Max: 0x0001c000, ABSOLUTE, COMPRESSED[0x00000098])

    Exec Addr    Load Addr    Size         Type   Attr      Idx    E Section Name        Object

    0x20000000   COMPRESSED   0x00000004   Data   RW         1598    .data               mc_w.l(stderr.o)
    0x20000004   COMPRESSED   0x00000004   Data   RW         1668    .data               mc_w.l(errno.o)
    0x20000008   COMPRESSED   0x00000004   Data   RW         1712    .data               mc_w.l(mvars.o)
    0x2000000c   COMPRESSED   0x00000004   Data   RW         1713    .data               mc_w.l(mvars.o)
    0x20000010   COMPRESSED   0x00000004   Data   RW         1715    .data               mc_w.l(cpp_dtor.o)
    0x20000014   COMPRESSED   0x00000138   Data   RW         1082    .data.Controller_Data  variable.o
    0x2000014c   COMPRESSED   0x0000009c   Data   RW         1081    .data.Joint_Data    variable.o
    0x200001e8   COMPRESSED   0x00000004   Data   RW          781    .data.SystemCoreClock  system_stm32f4xx.o
    0x200001ec   COMPRESSED   0x00000018   Data   RW         1083    .data.Transform_Config  variable.o
    0x20000204   COMPRESSED   0x00000001   Data   RW          610    .data.uwTickFreq    stm32f4xx_hal.o
    0x20000205   COMPRESSED   0x00000003   PAD
    0x20000208   COMPRESSED   0x00000004   Data   RW          609    .data.uwTickPrio    stm32f4xx_hal.o
    0x2000020c   COMPRESSED   0x00000004   PAD
    0x20000210        -       0x00000004   Zero   RW           43    .bss.HAL_RCC_CAN1_CLK_ENABLED  can.o
    0x20000214        -       0x0000001c   Zero   RW         1084    .bss.Transform_Status  variable.o
    0x20000230        -       0x00000004   Zero   RW          870    .bss._ZGVZ10GimbalInitE6dm4310  gimbalinit.o
    0x20000234        -       0x00000004   Zero   RW          872    .bss._ZGVZ10GimbalInitE6dm4340  gimbalinit.o
    0x20000238        -       0x00000004   Zero   RW         1059    .bss._ZGVZ33HAL_CAN_RxFifo0MsgPendingCallbackE4can1  cancallback.o
    0x2000023c        -       0x00000004   Zero   RW         1429    .bss._ZGVZN3HAL3CAN6CanBus8instanceEvE8instance  can_bus_impl.o
    0x20000240        -       0x0000009c   Zero   RW          874    .bss._ZL13joint_manager  gimbalinit.o
    0x200002dc   COMPRESSED   0x00000004   PAD
    0x200002e0        -       0x000003a8   Zero   RW          867    .bss._ZL17gimbal_controller  gimbalinit.o
    0x20000688        -       0x00000004   Zero   RW          868    .bss._ZL17transform_planner  gimbalinit.o
    0x2000068c        -       0x0000001d   Zero   RW         1103    .bss._ZN3APP4VofaE  vofa.o
    0x200006a9   COMPRESSED   0x00000003   PAD
    0x200006ac        -       0x00000004   Zero   RW          866    .bss._ZN3BSP5MOTOR2DM11dm4340_foldE  gimbalinit.o
    0x200006b0        -       0x00000004   Zero   RW          865    .bss._ZN3BSP5MOTOR2DM16dm4310_yaw_pitchE  gimbalinit.o
    0x200006b4   COMPRESSED   0x00000004   PAD
    0x200006b8        -       0x000000b0   Zero   RW          869    .bss._ZZ10GimbalInitE6dm4310  gimbalinit.o
    0x20000768        -       0x00000078   Zero   RW          871    .bss._ZZ10GimbalInitE6dm4340  gimbalinit.o
    0x200007e0        -       0x00000001   Zero   RW          873    .bss._ZZ12GimbalUpdateE12vofa_counter  gimbalinit.o
    0x200007e1   COMPRESSED   0x00000003   PAD
    0x200007e4        -       0x00000004   Zero   RW         1058    .bss._ZZ33HAL_CAN_RxFifo0MsgPendingCallbackE4can1  cancallback.o
    0x200007e8        -       0x00000050   Zero   RW         1428    .bss._ZZN3HAL3CAN6CanBus8instanceEvE8instance  can_bus_impl.o
    0x20000838        -       0x00000004   Zero   RW         1692    .bss.__cxa_new_handler  libcppabi_w.l(cxa_default_handlers.cpp.o)
    0x2000083c        -       0x00000028   Zero   RW           41    .bss.hcan1          can.o
    0x20000864        -       0x00000028   Zero   RW           42    .bss.hcan2          can.o
    0x2000088c        -       0x00000060   Zero   RW           69    .bss.hdma_usart6_rx  usart.o
    0x200008ec        -       0x00000060   Zero   RW           70    .bss.hdma_usart6_tx  usart.o
    0x2000094c        -       0x00000048   Zero   RW           67    .bss.huart3         usart.o
    0x20000994        -       0x00000048   Zero   RW           68    .bss.huart6         usart.o
    0x200009dc        -       0x00000004   Zero   RW          611    .bss.uwTick         stm32f4xx_hal.o
    0x200009e0        -       0x00000200   Zero   RW            2    HEAP                startup_stm32f407xx.o
    0x20000be0        -       0x00000400   Zero   RW            1    STACK               startup_stm32f407xx.o


    Execution Region RW_IRAM2 (Exec base: 0x2001c000, Load base: 0x08009db0, Size: 0x00000000, Max: 0x00004000, ABSOLUTE)

    **** No section assigned to this execution region ****


==============================================================================

Image component sizes


      Code (inc. data)   RO Data    RW Data    ZI Data      Debug   Object Name

       580          0          0          0         84       6433   can.o
         8          0          0          0          0      25744   can_bus.o
       660          0         48          0         84      39654   can_bus_impl.o
      4124          0        217          0          0      90729   can_device_impl.o
       166          0          0          0          8      27580   cancallback.o
        80          0          0          0          0       3284   dma.o
     11998         92        225          0       1409      71691   gimbalinit.o
       210          0          0          0          0       1577   gpio.o
       252          0          0          0          0       2782   main.o
       740          8          0          0          0      15151   pid.o
        36          8        392          0       1536        836   startup_stm32f407xx.o
       108          0          0          0          0       2436   state_watch.o
       270          0          0          5          4       7104   stm32f4xx_hal.o
      3422          0          0          0          0      11544   stm32f4xx_hal_can.o
       482          0          0          0          0       9715   stm32f4xx_hal_cortex.o
      2080          8          8          0          0       8493   stm32f4xx_hal_dma.o
       950          0          0          0          0       5089   stm32f4xx_hal_gpio.o
        74          0          0          0          0       1470   stm32f4xx_hal_msp.o
      2646          0          0          0          0       7593   stm32f4xx_hal_rcc.o
      3098          0          0          0          0      20424   stm32f4xx_hal_uart.o
       162          0          0          0          0       1784   stm32f4xx_it.o
        18          0         24          4          0       2500   system_stm32f4xx.o
       178          0          0          0          0       3565   uartcallback.o
       620          0          0          0        336       7220   usart.o
        80          4          0        492         28       3555   variable.o
       196          0          4          0         29       5716   vofa.o

    ----------------------------------------------------------------------
     33580        120        950        504       3536     383669   Object Totals
         0          0         32          0          0          0   (incl. Generated)
       342          0          0          3         18          0   (incl. Padding)

    ----------------------------------------------------------------------

      Code (inc. data)   RO Data    RW Data    ZI Data      Debug   Library Member Name

        42          0          0          0          0        364   new.cpp.o
        30          0          0          0          0         40   verbose_abort.cpp.o
         4          0          0          0          0         36   abort_message.cpp.o
         0          0          0          0          4          0   cxa_default_handlers.cpp.o
        52          0        147          0          0         76   cxa_guard.cpp.o
        12          0          0          0          0        132   cxa_handlers.cpp.o
        40         32          0          0          0         52   cxa_virtual.cpp.o
       336         56          0          0          0        136   cosf.o
        22          6          0          0          0        232   funder.o
       340         24         32          0          0        160   rredf.o
        58          0          0          0          0          0   __dczerorl.o
        46          0          0          0          0         84   aeabi_atexit.o
         8          4          0          4          0         68   cpp_dtor.o
         2          0          0          0          0         68   cpp_final.o
        40          8          0          0          0         80   cpp_init.o
        10          0          0          0          0         68   cxa_atexit.o
        66          0          0          0          0         84   cxa_finalize.o
         0          0          0          0          0          0   entry.o
         0          0          0          0          0          0   entry10a.o
         4          0          0          0          0          0   entry10b.o
         0          0          0          0          0          0   entry11a.o
         8          4          0          0          0          0   entry2.o
         4          0          0          0          0          0   entry5.o
         0          0          0          0          0          0   entry7b.o
         4          0          0          0          0          0   entry8a.o
         0          0          0          0          0          0   entry8b.o
         8          4          0          0          0          0   entry9a.o
        12          6          0          4          0         68   errno.o
        18          0          0          0          0         80   fputc.o
        30          0          0          0          0          0   handlers.o
        48         10          0          0          0         68   init.o
         0          0          0          0          0          0   iusefp.o
         0          0          0          0          0          0   iusesemip.o
        30          0          0          0          0         68   llshl.o
        36          0          0          0          0         68   llsshr.o
        32          0          0          0          0         68   llushr.o
       246         22          0          0          0        232   malloca.o
        36          0          0          0          0         68   memcpya.o
        36          0          0          0          0        108   memseta.o
         0          0          0          8          0          0   mvars.o
      2250         84          0          0          0        448   printfa.o
         0          0          0          0          0          0   semi.o
         0          0          0          4          0          0   stderr.o
        44          0          0          0          0         80   uidiv.o
        98          0          0          0          0         92   uldiv.o
        48          0          0          0          0         68   cdrcmple.o
        56          0          0          0          0         88   d2f.o
       334          0          0          0          0        148   dadd.o
        56          0          0          0          0         80   dcmpeq.o
        54          0          0          0          0         80   dcmpge.o
        54          0          0          0          0         80   dcmple.o
       222          0          0          0          0        100   ddiv.o
       186          0          0          0          0        176   depilogue.o
        48          0          0          0          0         68   dfixul.o
       228          0          0          0          0         96   dmul.o
        38          0          0          0          0         68   f2d.o
       110          0          0          0          0        168   fepilogue.o

    ----------------------------------------------------------------------
      5500        260        182         20          4       4348   Library Totals
        14          0          3          0          0          0   (incl. Padding)

    ----------------------------------------------------------------------

      Code (inc. data)   RO Data    RW Data    ZI Data      Debug   Library Name

        72          0          0          0          0        404   libcpp_w.l
       108         32        147          0          4        296   libcppabi_w.l
       698         86         32          0          0        528   m_wm.l
      3174        142          0         20          0       1900   mc_w.l
      1434          0          0          0          0       1220   mf_w.l

    ----------------------------------------------------------------------
      5500        260        182         20          4       4348   Library Totals

    ----------------------------------------------------------------------

==============================================================================


      Code (inc. data)   RO Data    RW Data    ZI Data      Debug   

     39080        380       1132        524       3540     385789   Grand Totals
     39080        380       1132        152       3540     385789   ELF Image Totals (compressed)
     39080        380       1132        152          0          0   ROM Totals

==============================================================================

    Total RO  Size (Code + RO Data)                40212 (  39.27kB)
    Total RW  Size (RW Data + ZI Data)              4064 (   3.97kB)
    Total ROM Size (Code + RO Data + RW Data)      40364 (  39.42kB)

==============================================================================

