Component: Arm Compiler for Embedded 6.21 Tool: armlink [5ec1fa00]

==============================================================================

Section Cross References

    startup_stm32f407xx.o(RESET) refers to startup_stm32f407xx.o(STACK) for __initial_sp
    startup_stm32f407xx.o(RESET) refers to startup_stm32f407xx.o(.text) for Reset_Handler
    startup_stm32f407xx.o(RESET) refers to stm32f4xx_it.o(.text.NMI_Handler) for NMI_Handler
    startup_stm32f407xx.o(RESET) refers to stm32f4xx_it.o(.text.HardFault_Handler) for HardFault_Handler
    startup_stm32f407xx.o(RESET) refers to stm32f4xx_it.o(.text.MemManage_Handler) for MemManage_Handler
    startup_stm32f407xx.o(RESET) refers to stm32f4xx_it.o(.text.BusFault_Handler) for BusFault_Handler
    startup_stm32f407xx.o(RESET) refers to stm32f4xx_it.o(.text.UsageFault_Handler) for UsageFault_Handler
    startup_stm32f407xx.o(RESET) refers to stm32f4xx_it.o(.text.SVC_Handler) for SVC_Handler
    startup_stm32f407xx.o(RESET) refers to stm32f4xx_it.o(.text.DebugMon_Handler) for DebugMon_Handler
    startup_stm32f407xx.o(RESET) refers to stm32f4xx_it.o(.text.PendSV_Handler) for PendSV_Handler
    startup_stm32f407xx.o(RESET) refers to stm32f4xx_it.o(.text.SysTick_Handler) for SysTick_Handler
    startup_stm32f407xx.o(RESET) refers to stm32f4xx_it.o(.text.CAN1_RX0_IRQHandler) for CAN1_RX0_IRQHandler
    startup_stm32f407xx.o(RESET) refers to stm32f4xx_it.o(.text.CAN1_RX1_IRQHandler) for CAN1_RX1_IRQHandler
    startup_stm32f407xx.o(RESET) refers to stm32f4xx_it.o(.text.USART3_IRQHandler) for USART3_IRQHandler
    startup_stm32f407xx.o(RESET) refers to stm32f4xx_it.o(.text.DMA2_Stream1_IRQHandler) for DMA2_Stream1_IRQHandler
    startup_stm32f407xx.o(RESET) refers to stm32f4xx_it.o(.text.CAN2_RX0_IRQHandler) for CAN2_RX0_IRQHandler
    startup_stm32f407xx.o(RESET) refers to stm32f4xx_it.o(.text.CAN2_RX1_IRQHandler) for CAN2_RX1_IRQHandler
    startup_stm32f407xx.o(RESET) refers to stm32f4xx_it.o(.text.DMA2_Stream6_IRQHandler) for DMA2_Stream6_IRQHandler
    startup_stm32f407xx.o(RESET) refers to stm32f4xx_it.o(.text.USART6_IRQHandler) for USART6_IRQHandler
    startup_stm32f407xx.o(.text) refers to system_stm32f4xx.o(.text.SystemInit) for SystemInit
    startup_stm32f407xx.o(.text) refers to entry.o(.ARM.Collect$$$$00000000) for __main
    main.o(.text.main) refers to stm32f4xx_hal.o(.text.HAL_Init) for HAL_Init
    main.o(.text.main) refers to main.o(.text.SystemClock_Config) for SystemClock_Config
    main.o(.text.main) refers to gpio.o(.text.MX_GPIO_Init) for MX_GPIO_Init
    main.o(.text.main) refers to dma.o(.text.MX_DMA_Init) for MX_DMA_Init
    main.o(.text.main) refers to can.o(.text.MX_CAN1_Init) for MX_CAN1_Init
    main.o(.text.main) refers to can.o(.text.MX_CAN2_Init) for MX_CAN2_Init
    main.o(.text.main) refers to usart.o(.text.MX_USART3_UART_Init) for MX_USART3_UART_Init
    main.o(.text.main) refers to usart.o(.text.MX_USART6_UART_Init) for MX_USART6_UART_Init
    main.o(.text.main) refers to gimbalinit.o(.text.GimbalInit) for GimbalInit
    main.o(.text.main) refers to gimbalinit.o(.text.GimbalUpdate) for GimbalUpdate
    main.o(.text.main) refers to stm32f4xx_hal.o(.text.HAL_Delay) for HAL_Delay
    main.o(.ARM.exidx.text.main) refers to main.o(.text.main) for [Anonymous Symbol]
    main.o(.text.SystemClock_Config) refers to memseta.o(.text) for __aeabi_memclr4
    main.o(.text.SystemClock_Config) refers to stm32f4xx_hal_rcc.o(.text.HAL_RCC_OscConfig) for HAL_RCC_OscConfig
    main.o(.text.SystemClock_Config) refers to main.o(.text.Error_Handler) for Error_Handler
    main.o(.text.SystemClock_Config) refers to stm32f4xx_hal_rcc.o(.text.HAL_RCC_ClockConfig) for HAL_RCC_ClockConfig
    main.o(.ARM.exidx.text.SystemClock_Config) refers to main.o(.text.SystemClock_Config) for [Anonymous Symbol]
    main.o(.ARM.exidx.text.Error_Handler) refers to main.o(.text.Error_Handler) for [Anonymous Symbol]
    gpio.o(.ARM.exidx.text.MX_GPIO_Init) refers to gpio.o(.text.MX_GPIO_Init) for [Anonymous Symbol]
    can.o(.text.MX_CAN1_Init) refers to can.o(.bss.hcan1) for hcan1
    can.o(.text.MX_CAN1_Init) refers to stm32f4xx_hal_can.o(.text.HAL_CAN_Init) for HAL_CAN_Init
    can.o(.text.MX_CAN1_Init) refers to main.o(.text.Error_Handler) for Error_Handler
    can.o(.ARM.exidx.text.MX_CAN1_Init) refers to can.o(.text.MX_CAN1_Init) for [Anonymous Symbol]
    can.o(.text.MX_CAN2_Init) refers to can.o(.bss.hcan2) for hcan2
    can.o(.text.MX_CAN2_Init) refers to stm32f4xx_hal_can.o(.text.HAL_CAN_Init) for HAL_CAN_Init
    can.o(.text.MX_CAN2_Init) refers to main.o(.text.Error_Handler) for Error_Handler
    can.o(.ARM.exidx.text.MX_CAN2_Init) refers to can.o(.text.MX_CAN2_Init) for [Anonymous Symbol]
    can.o(.text.HAL_CAN_MspInit) refers to can.o(.bss.HAL_RCC_CAN1_CLK_ENABLED) for HAL_RCC_CAN1_CLK_ENABLED
    can.o(.text.HAL_CAN_MspInit) refers to stm32f4xx_hal_gpio.o(.text.HAL_GPIO_Init) for HAL_GPIO_Init
[...]
    void std::__2::allocator<std::__2::function<void (HAL::CAN::Frame const&)>>::construct[abi:v180000]<std::__2::function<void (HAL::CAN::Frame const&)>, std::__2::function<void (HAL::CAN::Frame const&)>>(std::__2::function<void (HAL::CAN::Frame const&)>*, std::__2::function<void (HAL::CAN::Frame const&)>&&) 0x08007f59   Thumb Code    22  can_device_impl.o(.text._ZNSt3__29allocatorINS_8functionIFvRKN3HAL3CAN5FrameEEEEE9constructB7v180000IS8_JS8_EEEvPT_DpOT0_)
    std::__2::allocator<std::__2::function<void (HAL::CAN::Frame const&)>>::allocator__sub_object[abi:v180000]() 0x08007f71   Thumb Code    20  can_device_impl.o(.text._ZNSt3__29allocatorINS_8functionIFvRKN3HAL3CAN5FrameEEEEEC2B7v180000Ev)
    bool std::__2::operator==[abi:v180000]<std::__2::function<void (HAL::CAN::Frame const&)>*>(std::__2::__wrap_iter<std::__2::function<void (HAL::CAN::Frame const&)>*> const&, std::__2::__wrap_iter<std::__2::function<void (HAL::CAN::Frame const&)>*> const&) 0x08007f85   Thumb Code    38  can_device_impl.o(.text._ZNSt3__2eqB7v180000IPNS_8functionIFvRKN3HAL3CAN5FrameEEEEEEbRKNS_11__wrap_iterIT_EESE_)
    bool std::__2::operator!=[abi:v180000]<std::__2::function<void (HAL::CAN::Frame const&)>*>(std::__2::__wrap_iter<std::__2::function<void (HAL::CAN::Frame const&)>*> const&, std::__2::__wrap_iter<std::__2::function<void (HAL::CAN::Frame const&)>*> const&) 0x08007fad   Thumb Code    24  can_device_impl.o(.text._ZNSt3__2neB7v180000IPNS_8functionIFvRKN3HAL3CAN5FrameEEEEEEbRKNS_11__wrap_iterIT_EESE_)
    bool std::__2::operator!=[abi:v180000]<std::__2::function<void (HAL::CAN::Frame const&)>*, std::__2::function<void (HAL::CAN::Frame const&)>*>(std::__2::reverse_iterator<std::__2::function<void (HAL::CAN::Frame const&)>*> const&, std::__2::reverse_iterator<std::__2::function<void (HAL::CAN::Frame const&)>*> const&) 0x08007fc5   Thumb Code    36  can_device_impl.o(.text._ZNSt3__2neB7v180000IPNS_8functionIFvRKN3HAL3CAN5FrameEEEES9_EEbRKNS_16reverse_iteratorIT_EERKNSA_IT0_EE)
    std::get_new_handler()                   0x08007fe9   Thumb Code    12  cxa_handlers.cpp.o(.text._ZSt15get_new_handlerv)
    std::__throw_bad_array_new_length[abi:v180000]() 0x08007ff5   Thumb Code    12  can_device_impl.o(.text._ZSt28__throw_bad_array_new_lengthB7v180000v)
    operator delete(void*)                   0x08008037   Thumb Code     4  new.cpp.o(.text._ZdlPv)
    operator new(unsigned int)               0x0800803d   Thumb Code    38  new.cpp.o(.text._Znwj)
    __cxa_pure_virtual                       0x08008125   Thumb Code     8  cxa_virtual.cpp.o(.text.__cxa_pure_virtual)
    abort_message                            0x0800816d   Thumb Code     4  abort_message.cpp.o(.text.abort_message)
    main                                     0x08008171   Thumb Code    58  main.o(.text.main)
    __cxa_guard_acquire                      0x080081ab   Thumb Code    44  cxa_guard.cpp.o(.text.unlikely.__cxa_guard_acquire)
    __cxa_guard_release                      0x080081d7   Thumb Code     8  cxa_guard.cpp.o(.text.unlikely.__cxa_guard_release)
    __0vfprintf                              0x080081e1   Thumb Code    20  printfa.o(i.__0vfprintf)
    __1vfprintf                              0x080081e1   Thumb Code     0  printfa.o(i.__0vfprintf)
    __2vfprintf                              0x080081e1   Thumb Code     0  printfa.o(i.__0vfprintf)
    __c89vfprintf                            0x080081e1   Thumb Code     0  printfa.o(i.__0vfprintf)
    vfprintf                                 0x080081e1   Thumb Code     0  printfa.o(i.__0vfprintf)
    __aligned_malloc                         0x080081f9   Thumb Code   142  malloca.o(i.__aligned_malloc)
    free                                     0x08008299   Thumb Code    76  malloca.o(i.__free$memalign)
    malloc                                   0x080082e9   Thumb Code     6  malloca.o(i.__malloc$memalign)
    __scatterload_copy                       0x080082ef   Thumb Code    14  handlers.o(i.__scatterload_copy)
    __scatterload_null                       0x080082fd   Thumb Code     2  handlers.o(i.__scatterload_null)
    __scatterload_zeroinit                   0x080082ff   Thumb Code    14  handlers.o(i.__scatterload_zeroinit)
    fputc                                    0x08008bbf   Thumb Code    18  fputc.o(i.fputc)
    AHBPrescTable                            0x08008bd0   Data          16  system_stm32f4xx.o(.rodata.AHBPrescTable)
    APBPrescTable                            0x08008be0   Data           8  system_stm32f4xx.o(.rodata.APBPrescTable)
    vtable for BSP::MOTOR::DM::DMMotorBase<(unsigned char)1> 0x08008bf0   Data          20  gimbalinit.o(.rodata._ZTVN3BSP5MOTOR2DM11DMMotorBaseILh1EEE)
    vtable for BSP::MOTOR::DM::DMMotorBase<(unsigned char)2> 0x08008c04   Data          20  gimbalinit.o(.rodata._ZTVN3BSP5MOTOR2DM11DMMotorBaseILh2EEE)
    vtable for BSP::MOTOR::DM::DM4310        0x08008c18   Data          20  gimbalinit.o(.rodata._ZTVN3BSP5MOTOR2DM6DM4310E)
    vtable for BSP::MOTOR::DM::DM4340        0x08008c2c   Data          20  gimbalinit.o(.rodata._ZTVN3BSP5MOTOR2DM6DM4340E)
    vtable for BSP::MOTOR::MotorBase<(unsigned char)1> 0x08008c40   Data          20  gimbalinit.o(.rodata._ZTVN3BSP5MOTOR9MotorBaseILh1EEE)
    vtable for BSP::MOTOR::MotorBase<(unsigned char)2> 0x08008c54   Data          20  gimbalinit.o(.rodata._ZTVN3BSP5MOTOR9MotorBaseILh2EEE)
    vtable for HAL::CAN::ICanDevice          0x08008c68   Data          44  can_device_impl.o(.rodata._ZTVN3HAL3CAN10ICanDeviceE)
    vtable for HAL::CAN::CanBus              0x08008c94   Data          24  can_bus_impl.o(.rodata._ZTVN3HAL3CAN6CanBusE)
    vtable for HAL::CAN::ICanBus             0x08008cac   Data          24  can_bus_impl.o(.rodata._ZTVN3HAL3CAN7ICanBusE)
    vtable for HAL::CAN::CanDevice           0x08008cc4   Data          44  can_device_impl.o(.rodata._ZTVN3HAL3CAN9CanDeviceE)
    std::__2::__function::__policy::__create_empty[abi:v180000]()::__policy 0x08008cf0   Data          16  gimbalinit.o(.rodata._ZZNSt3__210__function8__policy14__create_emptyB7v180000EvE8__policy)
    Region$$Table$$Base                      0x08008e6c   Number         0  anon$$obj.o(Region$$Table)
    Region$$Table$$Limit                     0x08008e8c   Number         0  anon$$obj.o(Region$$Table)
    SHT$$INIT_ARRAY$$Base                    0x08008e8c   Number         0  gimbalinit.o(.init_array)
    SHT$$INIT_ARRAY$$Limit                   0x08008e94   Number         0  cpp_init.o(.init_array)
    __stderr                                 0x20000000   Data           4  stderr.o(.data)
    __microlib_freelist                      0x20000004   Data           4  mvars.o(.data)
    __microlib_freelist_initialised          0x20000008   Data           4  mvars.o(.data)
    Controller_Data                          0x20000010   Data         156  variable.o(.data.Controller_Data)
    Joint_Data                               0x200000ac   Data         156  variable.o(.data.Joint_Data)
    SystemCoreClock                          0x20000148   Data           4  system_stm32f4xx.o(.data.SystemCoreClock)
    uwTickFreq                               0x2000014c   Data           1  stm32f4xx_hal.o(.data.uwTickFreq)
    uwTickPrio                               0x20000150   Data           4  stm32f4xx_hal.o(.data.uwTickPrio)
    APP::Vofa                                0x200003d0   Data          29  vofa.o(.bss._ZN3APP4VofaE)
    BSP::MOTOR::DM::dm4340_fold              0x200003f0   Data           4  gimbalinit.o(.bss._ZN3BSP5MOTOR2DM11dm4340_foldE)
    BSP::MOTOR::DM::dm4310_yaw_pitch         0x200003f4   Data           4  gimbalinit.o(.bss._ZN3BSP5MOTOR2DM16dm4310_yaw_pitchE)
    __cxa_new_handler                        0x20000568   Data           4  cxa_default_handlers.cpp.o(.bss.__cxa_new_handler)
    hcan1                                    0x2000056c   Data          40  can.o(.bss.hcan1)
    hcan2                                    0x20000594   Data          40  can.o(.bss.hcan2)
    hdma_usart6_rx                           0x200005bc   Data          96  usart.o(.bss.hdma_usart6_rx)
    hdma_usart6_tx                           0x2000061c   Data          96  usart.o(.bss.hdma_usart6_tx)
    huart3                                   0x2000067c   Data          72  usart.o(.bss.huart3)
    huart6                                   0x200006c4   Data          72  usart.o(.bss.huart6)
    uwTick                                   0x2000070c   Data           4  stm32f4xx_hal.o(.bss.uwTick)
    __heap_base                              0x20000710   Data           0  startup_stm32f407xx.o(HEAP)
    __heap_limit                             0x20000910   Data           0  startup_stm32f407xx.o(HEAP)
    __initial_sp                             0x20000d10   Data           0  startup_stm32f407xx.o(STACK)



==============================================================================

Memory Map of the image

  Image Entry point : 0x08000189

  Load Region LR_IROM1 (Base: 0x08000000, Size: 0x00008ff0, Max: 0x00100000, ABSOLUTE, COMPRESSED[0x00008ef0])

    Execution Region ER_IROM1 (Exec base: 0x08000000, Load base: 0x08000000, Size: 0x00008e94, Max: 0x00100000, ABSOLUTE)

    Exec Addr    Load Addr    Size         Type   Attr      Idx    E Section Name        Object

    0x08000000   0x08000000   0x00000188   Data   RO            3    RESET               startup_stm32f407xx.o
    0x08000188   0x08000188   0x00000000   Code   RO         1493  * .ARM.Collect$$$$00000000  mc_w.l(entry.o)
    0x08000188   0x08000188   0x00000004   Code   RO         1545    .ARM.Collect$$$$00000001  mc_w.l(entry2.o)
    0x0800018c   0x0800018c   0x00000004   Code   RO         1548    .ARM.Collect$$$$00000004  mc_w.l(entry5.o)
    0x08000190   0x08000190   0x00000000   Code   RO         1550    .ARM.Collect$$$$00000008  mc_w.l(entry7b.o)
    0x08000190   0x08000190   0x00000004   Code   RO         1551    .ARM.Collect$$$$00000009  mc_w.l(entry8a.o)
    0x08000194   0x08000194   0x00000000   Code   RO         1552    .ARM.Collect$$$$0000000A  mc_w.l(entry8b.o)
    0x08000194   0x08000194   0x00000008   Code   RO         1553    .ARM.Collect$$$$0000000B  mc_w.l(entry9a.o)
    0x0800019c   0x0800019c   0x00000000   Code   RO         1555    .ARM.Collect$$$$0000000D  mc_w.l(entry10a.o)
    0x0800019c   0x0800019c   0x00000004   Code   RO         1556    .ARM.Collect$$$$0000000E  mc_w.l(entry10b.o)
    0x080001a0   0x080001a0   0x00000000   Code   RO         1557    .ARM.Collect$$$$0000000F  mc_w.l(entry11a.o)
    0x080001a0   0x080001a0   0x00000004   Code   RO         1546    .ARM.Collect$$$$00002712  mc_w.l(entry2.o)
    0x080001a4   0x080001a4   0x00000024   Code   RO            4    .text               startup_stm32f407xx.o
    0x080001c8   0x080001c8   0x00000062   Code   RO         1496    .text               mc_w.l(uldiv.o)
    0x0800022a   0x0800022a   0x00000024   Code   RO         1498    .text               mc_w.l(memcpya.o)
    0x0800024e   0x0800024e   0x00000024   Code   RO         1500    .text               mc_w.l(memseta.o)
    0x08000272   0x08000272   0x00000002   PAD
    0x08000274   0x08000274   0x00000028   Code   RO         1507    .text               mc_w.l(cpp_init.o)
    0x0800029c   0x0800029c   0x0000000a   Code   RO         1509    .text               mc_w.l(cxa_atexit.o)
    0x080002a6   0x080002a6   0x0000014e   Code   RO         1511    .text               mf_w.l(dadd.o)
    0x080003f4   0x080003f4   0x000000e4   Code   RO         1513    .text               mf_w.l(dmul.o)
    0x080004d8   0x080004d8   0x00000036   Code   RO         1515    .text               mf_w.l(dcmple.o)
    0x0800050e   0x0800050e   0x00000036   Code   RO         1517    .text               mf_w.l(dcmpge.o)
    0x08000544   0x08000544   0x00000038   Code   RO         1519    .text               mf_w.l(dcmpeq.o)
    0x0800057c   0x0800057c   0x00000026   Code   RO         1521    .text               mf_w.l(f2d.o)
    0x080005a2   0x080005a2   0x00000038   Code   RO         1523    .text               mf_w.l(d2f.o)
    0x080005da   0x080005da   0x0000001e   Code   RO         1560    .text               mc_w.l(llshl.o)
    0x080005f8   0x080005f8   0x00000020   Code   RO         1562    .text               mc_w.l(llushr.o)
    0x08000618   0x08000618   0x00000024   Code   RO         1564    .text               mc_w.l(llsshr.o)
    0x0800063c   0x0800063c   0x00000000   Code   RO         1626    .text               mc_w.l(iusefp.o)
    0x0800063c   0x0800063c   0x0000002e   Code   RO         1627    .text               mc_w.l(aeabi_atexit.o)
    0x0800066a   0x0800066a   0x0000006e   Code   RO         1633    .text               mf_w.l(fepilogue.o)
    0x080006d8   0x080006d8   0x000000ba   Code   RO         1635    .text               mf_w.l(depilogue.o)
    0x08000792   0x08000792   0x00000002   PAD
    0x08000794   0x08000794   0x00000030   Code   RO         1648    .text               mc_w.l(init.o)
    0x080007c4   0x080007c4   0x0000002c   Code   RO         1664    .text               mc_w.l(uidiv.o)
    0x080007f0   0x080007f0   0x00000008   Code   RO         1668    .text               mc_w.l(cpp_dtor.o)
    0x080007f8   0x080007f8   0x00000042   Code   RO         1671    .text               mc_w.l(cxa_finalize.o)
    0x0800083a   0x0800083a   0x000000de   Code   RO         1673    .text               mf_w.l(ddiv.o)
    0x08000918   0x08000918   0x00000030   Code   RO         1675    .text               mf_w.l(dfixul.o)
    0x08000948   0x08000948   0x00000030   Code   RO         1677    .text               mf_w.l(cdrcmple.o)
    0x08000978   0x08000978   0x00000000   Code   RO         1679    .text               mc_w.l(semi.o)
    0x08000978   0x08000978   0x00000000   Code   RO         1680    .text               mc_w.l(iusesemip.o)
    0x08000978   0x08000978   0x00000002   Code   RO         1681    .text               mc_w.l(cpp_final.o)
    0x0800097a   0x0800097a   0x00000056   Code   RO         1690    .text               mc_w.l(__dczerorl2.o)
    0x080009d0   0x080009d0   0x00000004   Code   RO           84    .text.BusFault_Handler  stm32f4xx_it.o
    0x080009d4   0x080009d4   0x00000010   Code   RO           96    .text.CAN1_RX0_IRQHandler  stm32f4xx_it.o
    0x080009e4   0x080009e4   0x00000010   Code   RO           98    .text.CAN1_RX1_IRQHandler  stm32f4xx_it.o
    0x080009f4   0x080009f4   0x00000010   Code   RO          104    .text.CAN2_RX0_IRQHandler  stm32f4xx_it.o
    0x08000a04   0x08000a04   0x00000010   Code   RO          106    .text.CAN2_RX1_IRQHandler  stm32f4xx_it.o
    0x08000a14   0x08000a14   0x00000010   Code   RO          102    .text.DMA2_Stream1_IRQHandler  stm32f4xx_it.o
    0x08000a24   0x08000a24   0x00000010   Code   RO          108    .text.DMA2_Stream6_IRQHandler  stm32f4xx_it.o
    0x08000a34   0x08000a34   0x00000056   Code   RO          384    .text.DMA_CalcBaseAndBitshift  stm32f4xx_hal_dma.o
    0x08000a8a   0x08000a8a   0x00000002   PAD
    0x08000a8c   0x08000a8c   0x000000f0   Code   RO          382    .text.DMA_CheckFifoParam  stm32f4xx_hal_dma.o
    0x08000b7c   0x08000b7c   0x00000050   Code   RO          390    .text.DMA_SetConfig  stm32f4xx_hal_dma.o
    0x08000bcc   0x08000bcc   0x00000002   Code   RO           90    .text.DebugMon_Handler  stm32f4xx_it.o
    0x08000bce   0x08000bce   0x00000002   PAD
    0x08000bd0   0x08000bd0   0x00000006   Code   RO           15    .text.Error_Handler  main.o
    0x08000bd6   0x08000bd6   0x00000002   PAD
    0x08000bd8   0x08000bd8   0x00000174   Code   RO          793    .text.GimbalInit    gimbalinit.o
    0x08000d4c   0x08000d4c   0x0000016c   Code   RO          799    .text.GimbalUpdate  gimbalinit.o
    0x08000eb8   0x08000eb8   0x00000092   Code   RO          149    .text.HAL_CAN_AbortTxRequest  stm32f4xx_hal_can.o
    0x08000f4a   0x08000f4a   0x00000002   PAD
    0x08000f4c   0x08000f4c   0x00000052   Code   RO          161    .text.HAL_CAN_ActivateNotification  stm32f4xx_hal_can.o
    0x08000f9e   0x08000f9e   0x00000002   PAD
    0x08000fa0   0x08000fa0   0x00000156   Code   RO          147    .text.HAL_CAN_AddTxMessage  stm32f4xx_hal_can.o
    0x080010f6   0x080010f6   0x00000002   PAD
    0x080010f8   0x080010f8   0x0000019e   Code   RO          137    .text.HAL_CAN_ConfigFilter  stm32f4xx_hal_can.o
    0x08001296   0x08001296   0x00000002   PAD
    0x08001298   0x08001298   0x00000008   Code   RO          191    .text.HAL_CAN_ErrorCallback  stm32f4xx_hal_can.o
    0x080012a0   0x080012a0   0x00000052   Code   RO          159    .text.HAL_CAN_GetRxFifoFillLevel  stm32f4xx_hal_can.o
    0x080012f2   0x080012f2   0x00000002   PAD
    0x080012f4   0x080012f4   0x00000212   Code   RO          157    .text.HAL_CAN_GetRxMessage  stm32f4xx_hal_can.o
    0x08001506   0x08001506   0x00000002   PAD
    0x08001508   0x08001508   0x00000070   Code   RO          151    .text.HAL_CAN_GetTxMailboxesFreeLevel  stm32f4xx_hal_can.o
    0x08001578   0x08001578   0x000003f2   Code   RO          165    .text.HAL_CAN_IRQHandler  stm32f4xx_hal_can.o
    0x0800196a   0x0800196a   0x00000002   PAD
    0x0800196c   0x0800196c   0x000001de   Code   RO          127    .text.HAL_CAN_Init  stm32f4xx_hal_can.o
    0x08001b4a   0x08001b4a   0x00000002   PAD
    0x08001b4c   0x08001b4c   0x000001a8   Code   RO           37    .text.HAL_CAN_MspInit  can.o
    0x08001cf4   0x08001cf4   0x00000008   Code   RO          179    .text.HAL_CAN_RxFifo0FullCallback  stm32f4xx_hal_can.o
    0x08001cfc   0x08001cfc   0x0000008a   Code   RO         1043    .text.HAL_CAN_RxFifo0MsgPendingCallback  cancallback.o
    0x08001d86   0x08001d86   0x00000002   PAD
    0x08001d88   0x08001d88   0x00000008   Code   RO          183    .text.HAL_CAN_RxFifo1FullCallback  stm32f4xx_hal_can.o
    0x08001d90   0x08001d90   0x0000001c   Code   RO         1045    .text.HAL_CAN_RxFifo1MsgPendingCallback  cancallback.o
    0x08001dac   0x08001dac   0x00000008   Code   RO          187    .text.HAL_CAN_SleepCallback  stm32f4xx_hal_can.o
    0x08001db4   0x08001db4   0x0000008a   Code   RO          139    .text.HAL_CAN_Start  stm32f4xx_hal_can.o
    0x08001e3e   0x08001e3e   0x00000002   PAD
    0x08001e40   0x08001e40   0x00000008   Code   RO          169    .text.HAL_CAN_TxMailbox0AbortCallback  stm32f4xx_hal_can.o
    0x08001e48   0x08001e48   0x00000008   Code   RO          167    .text.HAL_CAN_TxMailbox0CompleteCallback  stm32f4xx_hal_can.o
    0x08001e50   0x08001e50   0x00000008   Code   RO          173    .text.HAL_CAN_TxMailbox1AbortCallback  stm32f4xx_hal_can.o
    0x08001e58   0x08001e58   0x00000008   Code   RO          171    .text.HAL_CAN_TxMailbox1CompleteCallback  stm32f4xx_hal_can.o
    0x08001e60   0x08001e60   0x00000008   Code   RO          177    .text.HAL_CAN_TxMailbox2AbortCallback  stm32f4xx_hal_can.o
    0x08001e68   0x08001e68   0x00000008   Code   RO          175    .text.HAL_CAN_TxMailbox2CompleteCallback  stm32f4xx_hal_can.o
    0x08001e70   0x08001e70   0x00000008   Code   RO          189    .text.HAL_CAN_WakeUpFromRxMsgCallback  stm32f4xx_hal_can.o
    0x08001e78   0x08001e78   0x000000ec   Code   RO          394    .text.HAL_DMA_Abort  stm32f4xx_hal_dma.o
    0x08001f64   0x08001f64   0x00000044   Code   RO          396    .text.HAL_DMA_Abort_IT  stm32f4xx_hal_dma.o
    0x08001fa8   0x08001fa8   0x0000000c   Code   RO          408    .text.HAL_DMA_GetError  stm32f4xx_hal_dma.o
    0x08001fb4   0x08001fb4   0x0000031e   Code   RO          400    .text.HAL_DMA_IRQHandler  stm32f4xx_hal_dma.o
    0x080022d2   0x080022d2   0x00000002   PAD
    0x080022d4   0x080022d4   0x0000016e   Code   RO          380    .text.HAL_DMA_Init  stm32f4xx_hal_dma.o
    0x08002442   0x08002442   0x00000002   PAD
    0x08002444   0x08002444   0x000000c2   Code   RO          392    .text.HAL_DMA_Start_IT  stm32f4xx_hal_dma.o
    0x08002506   0x08002506   0x00000002   PAD
    0x08002508   0x08002508   0x00000042   Code   RO          575    .text.HAL_Delay     stm32f4xx_hal.o
    0x0800254a   0x0800254a   0x00000002   PAD
    0x0800254c   0x0800254c   0x000003b6   Code   RO          342    .text.HAL_GPIO_Init  stm32f4xx_hal_gpio.o
    0x08002902   0x08002902   0x00000002   PAD
    0x08002904   0x08002904   0x0000000c   Code   RO          567    .text.HAL_GetTick   stm32f4xx_hal.o
    0x08002910   0x08002910   0x0000001a   Code   RO          565    .text.HAL_IncTick   stm32f4xx_hal.o
    0x0800292a   0x0800292a   0x00000002   PAD
    0x0800292c   0x0800292c   0x00000036   Code   RO          555    .text.HAL_Init      stm32f4xx_hal.o
    0x08002962   0x08002962   0x00000002   PAD
    0x08002964   0x08002964   0x00000070   Code   RO          557    .text.HAL_InitTick  stm32f4xx_hal.o
    0x080029d4   0x080029d4   0x0000004a   Code   RO          119    .text.HAL_MspInit   stm32f4xx_hal_msp.o
    0x08002a1e   0x08002a1e   0x00000002   PAD
    0x08002a20   0x08002a20   0x00000014   Code   RO          490    .text.HAL_NVIC_EnableIRQ  stm32f4xx_hal_cortex.o
    0x08002a34   0x08002a34   0x00000032   Code   RO          482    .text.HAL_NVIC_SetPriority  stm32f4xx_hal_cortex.o
    0x08002a66   0x08002a66   0x00000002   PAD
    0x08002a68   0x08002a68   0x00000010   Code   RO          478    .text.HAL_NVIC_SetPriorityGrouping  stm32f4xx_hal_cortex.o
    0x08002a78   0x08002a78   0x00000262   Code   RO          210    .text.HAL_RCC_ClockConfig  stm32f4xx_hal_rcc.o
    0x08002cda   0x08002cda   0x00000002   PAD
    0x08002cdc   0x08002cdc   0x0000000c   Code   RO          220    .text.HAL_RCC_GetHCLKFreq  stm32f4xx_hal_rcc.o
    0x08002ce8   0x08002ce8   0x00000022   Code   RO          222    .text.HAL_RCC_GetPCLK1Freq  stm32f4xx_hal_rcc.o
    0x08002d0a   0x08002d0a   0x00000002   PAD
    0x08002d0c   0x08002d0c   0x00000022   Code   RO          224    .text.HAL_RCC_GetPCLK2Freq  stm32f4xx_hal_rcc.o
    0x08002d2e   0x08002d2e   0x00000002   PAD
    0x08002d30   0x08002d30   0x000000e6   Code   RO          212    .text.HAL_RCC_GetSysClockFreq  stm32f4xx_hal_rcc.o
    0x08002e16   0x08002e16   0x00000002   PAD
    0x08002e18   0x08002e18   0x000006be   Code   RO          208    .text.HAL_RCC_OscConfig  stm32f4xx_hal_rcc.o
    0x080034d6   0x080034d6   0x00000002   PAD
    0x080034d8   0x080034d8   0x00000010   Code   RO          502    .text.HAL_SYSTICK_Config  stm32f4xx_hal_cortex.o
    0x080034e8   0x080034e8   0x0000000c   Code   RO          738    .text.HAL_UARTEx_RxEventCallback  stm32f4xx_hal_uart.o
    0x080034f4   0x080034f4   0x000000ba   Code   RO          706    .text.HAL_UART_AbortTransmit  stm32f4xx_hal_uart.o
    0x080035ae   0x080035ae   0x00000002   PAD
    0x080035b0   0x080035b0   0x00000090   Code   RO         1059    .text.HAL_UART_ErrorCallback  uartcallback.o
    0x08003640   0x08003640   0x0000045c   Code   RO          730    .text.HAL_UART_IRQHandler  stm32f4xx_hal_uart.o
    0x08003a9c   0x08003a9c   0x0000009e   Code   RO          646    .text.HAL_UART_Init  stm32f4xx_hal_uart.o
    0x08003b3a   0x08003b3a   0x00000002   PAD
    0x08003b3c   0x08003b3c   0x000001e0   Code   RO           63    .text.HAL_UART_MspInit  usart.o
    0x08003d1c   0x08003d1c   0x00000008   Code   RO          748    .text.HAL_UART_RxCpltCallback  stm32f4xx_hal_uart.o
    0x08003d24   0x08003d24   0x000000fc   Code   RO          674    .text.HAL_UART_Transmit_DMA  stm32f4xx_hal_uart.o
    0x08003e20   0x08003e20   0x00000022   Code   RO         1057    .text.HAL_UART_TxCpltCallback  uartcallback.o
    0x08003e42   0x08003e42   0x00000002   PAD
    0x08003e44   0x08003e44   0x00000008   Code   RO          746    .text.HAL_UART_TxHalfCpltCallback  stm32f4xx_hal_uart.o
    0x08003e4c   0x08003e4c   0x00000004   Code   RO           80    .text.HardFault_Handler  stm32f4xx_it.o
    0x08003e50   0x08003e50   0x0000004e   Code   RO           33    .text.MX_CAN1_Init  can.o
    0x08003e9e   0x08003e9e   0x00000002   PAD
    0x08003ea0   0x08003ea0   0x0000004e   Code   RO           35    .text.MX_CAN2_Init  can.o
    0x08003eee   0x08003eee   0x00000002   PAD
    0x08003ef0   0x08003ef0   0x00000050   Code   RO           51    .text.MX_DMA_Init   dma.o
    0x08003f40   0x08003f40   0x000000d2   Code   RO           25    .text.MX_GPIO_Init  gpio.o
    0x08004012   0x08004012   0x00000002   PAD
    0x08004014   0x08004014   0x0000004c   Code   RO           59    .text.MX_USART3_UART_Init  usart.o
    0x08004060   0x08004060   0x00000040   Code   RO           61    .text.MX_USART6_UART_Init  usart.o
    0x080040a0   0x080040a0   0x00000004   Code   RO           82    .text.MemManage_Handler  stm32f4xx_it.o
    0x080040a4   0x080040a4   0x00000004   Code   RO           78    .text.NMI_Handler   stm32f4xx_it.o
    0x080040a8   0x080040a8   0x0000006c   Code   RO          488    .text.NVIC_EncodePriority  stm32f4xx_hal_cortex.o
    0x08004114   0x08004114   0x00000002   Code   RO           92    .text.PendSV_Handler  stm32f4xx_it.o
    0x08004116   0x08004116   0x00000002   PAD
    0x08004118   0x08004118   0x00000002   Code   RO           88    .text.SVC_Handler   stm32f4xx_it.o
    0x0800411a   0x0800411a   0x00000002   PAD
    0x0800411c   0x0800411c   0x00000052   Code   RO          504    .text.SysTick_Config  stm32f4xx_hal_cortex.o
    0x0800416e   0x0800416e   0x00000002   PAD
    0x08004170   0x08004170   0x00000008   Code   RO           94    .text.SysTick_Handler  stm32f4xx_it.o
    0x08004178   0x08004178   0x000000bc   Code   RO           13    .text.SystemClock_Config  main.o
    0x08004234   0x08004234   0x00000012   Code   RO          777    .text.SystemInit    system_stm32f4xx.o
    0x08004246   0x08004246   0x00000002   PAD
    0x08004248   0x08004248   0x0000001c   Code   RO          734    .text.UART_DMAAbortOnError  stm32f4xx_hal_uart.o
    0x08004264   0x08004264   0x0000007c   Code   RO          680    .text.UART_DMAError  stm32f4xx_hal_uart.o
    0x080042e0   0x080042e0   0x0000007a   Code   RO          676    .text.UART_DMATransmitCplt  stm32f4xx_hal_uart.o
    0x0800435a   0x0800435a   0x00000002   PAD
    0x0800435c   0x0800435c   0x00000016   Code   RO          678    .text.UART_DMATxHalfCplt  stm32f4xx_hal_uart.o
    0x08004372   0x08004372   0x00000002   PAD
    0x08004374   0x08004374   0x00000094   Code   RO          694    .text.UART_EndRxTransfer  stm32f4xx_hal_uart.o
    0x08004408   0x08004408   0x00000026   Code   RO          742    .text.UART_EndTransmit_IT  stm32f4xx_hal_uart.o
    0x0800442e   0x0800442e   0x00000002   PAD
    0x08004430   0x08004430   0x00000036   Code   RO          692    .text.UART_EndTxTransfer  stm32f4xx_hal_uart.o
    0x08004466   0x08004466   0x00000002   PAD
    0x08004468   0x08004468   0x00000168   Code   RO          732    .text.UART_Receive_IT  stm32f4xx_hal_uart.o
    0x080045d0   0x080045d0   0x0000013a   Code   RO          650    .text.UART_SetConfig  stm32f4xx_hal_uart.o
    0x0800470a   0x0800470a   0x00000002   PAD
    0x0800470c   0x0800470c   0x00000094   Code   RO          740    .text.UART_Transmit_IT  stm32f4xx_hal_uart.o
    0x080047a0   0x080047a0   0x00000010   Code   RO          100    .text.USART3_IRQHandler  stm32f4xx_it.o
    0x080047b0   0x080047b0   0x00000010   Code   RO          110    .text.USART6_IRQHandler  stm32f4xx_it.o
    0x080047c0   0x080047c0   0x00000004   Code   RO           86    .text.UsageFault_Handler  stm32f4xx_it.o
    0x080047c4   0x080047c4   0x00000010   Code   RO         1083    .text.Vofa_TxComplete  vofa.o
    0x080047d4   0x080047d4   0x00000008   Code   RO          859    .text._GLOBAL__sub_I_GimbalInit.cpp  gimbalinit.o
    0x080047dc   0x080047dc   0x00000008   Code   RO         1085    .text._GLOBAL__sub_I_Vofa.cpp  vofa.o
    0x080047e4   0x080047e4   0x00000090   Code   RO          805    .text._ZL15syncJointToDataRKN3BSP5JOINT5JointER17Joint_Data_Unit_t  gimbalinit.o
    0x08004874   0x08004874   0x00000078   Code   RO          801    .text._ZL17syncConfigToJointRN3BSP5JOINT5JointERK14Joint_Config_t  gimbalinit.o
    0x080048ec   0x080048ec   0x00000058   Code   RO          807    .text._ZL20syncControllerToDataRKN3BSP4CTRL15JointControllerER22Controller_Data_Unit_tRKNS_5JOINT5JointE  gimbalinit.o
    0x08004944   0x08004944   0x000000c2   Code   RO          803    .text._ZL20syncDataToControllerRK22Controller_Data_Unit_tRN3BSP4CTRL15JointControllerE  gimbalinit.o
    0x08004a06   0x08004a06   0x00000002   PAD
    0x08004a08   0x08004a08   0x0000000e   Code   RO         1081    .text._ZN3APP6Vofa_t10TxCompleteEv  vofa.o
    0x08004a16   0x08004a16   0x00000002   PAD
    0x08004a18   0x08004a18   0x00000072   Code   RO         1079    .text._ZN3APP6Vofa_t11Send6FloatsEffffff  vofa.o
    0x08004a8a   0x08004a8a   0x00000002   PAD
    0x08004a8c   0x08004a8c   0x0000001c   Code   RO         1077    .text._ZN3APP6Vofa_tC2Ev  vofa.o
    0x08004aa8   0x08004aa8   0x00000056   Code   RO         1100    .text._ZN3BSP11WATCH_STATE10StateWatch11CheckStatusEv  state_watch.o
    0x08004afe   0x08004afe   0x00000002   PAD
    0x08004b00   0x08004b00   0x00000016   Code   RO         1096    .text._ZN3BSP11WATCH_STATE10StateWatch14UpdateLastTimeEv  state_watch.o
    0x08004b16   0x08004b16   0x00000002   PAD
    0x08004b18   0x08004b18   0x00000018   Code   RO          923    .text._ZN3BSP11WATCH_STATE10StateWatchC2Ej  gimbalinit.o
    0x08004b30   0x08004b30   0x00000016   Code   RO          929    .text._ZN3BSP11WATCH_STATE10StateWatchC2Ev  gimbalinit.o
    0x08004b46   0x08004b46   0x00000002   PAD
    0x08004b48   0x08004b48   0x000000d0   Code   RO          957    .text._ZN3BSP4CTRL15JointController4InitENS0_9JointTypeEfff  gimbalinit.o
    0x08004c18   0x08004c18   0x0000001e   Code   RO          997    .text._ZN3BSP4CTRL15JointController5ClearEv  gimbalinit.o
    0x08004c36   0x08004c36   0x00000002   PAD
    0x08004c38   0x08004c38   0x00000026   Code   RO          961    .text._ZN3BSP4CTRL15JointController6EnableEv  gimbalinit.o
    0x08004c5e   0x08004c5e   0x00000002   PAD
    0x08004c60   0x08004c60   0x0000010a   Code   RO          991    .text._ZN3BSP4CTRL15JointController7ComputeEff  gimbalinit.o
    0x08004d6a   0x08004d6a   0x00000002   PAD
    0x08004d6c   0x08004d6c   0x00000022   Code   RO          959    .text._ZN3BSP4CTRL15JointController7DisableEv  gimbalinit.o
    0x08004d8e   0x08004d8e   0x00000002   PAD
    0x08004d90   0x08004d90   0x00000070   Code   RO          909    .text._ZN3BSP4CTRL15JointControllerC2Ev  gimbalinit.o
    0x08004e00   0x08004e00   0x0000006c   Code   RO          999    .text._ZN3BSP4CTRL16GimbalController11clampTargetERKNS_5JOINT5JointEf  gimbalinit.o
    0x08004e6c   0x08004e6c   0x00000074   Code   RO          897    .text._ZN3BSP4CTRL16GimbalController4InitEv  gimbalinit.o
    0x08004ee0   0x08004ee0   0x0000021c   Code   RO          905    .text._ZN3BSP4CTRL16GimbalController6UpdateERNS_5JOINT12JointManagerEPNS_5MOTOR2DM6DM4310EPNS6_6DM4340E  gimbalinit.o
    0x080050fc   0x080050fc   0x00000026   Code   RO          881    .text._ZN3BSP4CTRL16GimbalControllerC2Ev  gimbalinit.o
    0x08005122   0x08005122   0x00000002   PAD
    0x08005124   0x08005124   0x00000084   Code   RO          895    .text._ZN3BSP5JOINT12JointManager4InitEv  gimbalinit.o
    0x080051a8   0x080051a8   0x00000126   Code   RO          903    .text._ZN3BSP5JOINT12JointManager6UpdateEPNS_5MOTOR2DM6DM4310EPNS3_6DM4340E  gimbalinit.o
    0x080052ce   0x080052ce   0x00000002   PAD
    0x080052d0   0x080052d0   0x00000048   Code   RO          955    .text._ZN3BSP5JOINT5Joint4InitEffffb  gimbalinit.o
    0x08005318   0x08005318   0x000000ec   Code   RO          965    .text._ZN3BSP5JOINT5Joint6UpdateEffffb  gimbalinit.o
    0x08005404   0x08005404   0x0000000a   Code   RO          963    .text._ZN3BSP5JOINT5Joint6configEv  gimbalinit.o
    0x0800540e   0x0800540e   0x00000002   PAD
    0x08005410   0x08005410   0x00000070   Code   RO          811    .text._ZN3BSP5JOINTL8wrapToPiEf  gimbalinit.o
    0x08005480   0x08005480   0x00000054   Code   RO          901    .text._ZN3BSP5MOTOR2DM11DMMotorBaseILh1EE2OnEh  gimbalinit.o
    0x080054d4   0x080054d4   0x000001ca   Code   RO          941    .text._ZN3BSP5MOTOR2DM11DMMotorBaseILh1EE5ParseERKN3HAL3CAN5FrameE  gimbalinit.o
    0x0800569e   0x0800569e   0x00000002   PAD
    0x080056a0   0x080056a0   0x00000044   Code   RO         1033    .text._ZN3BSP5MOTOR2DM11DMMotorBaseILh1EE7sendRawEjPKh  gimbalinit.o
    0x080056e4   0x080056e4   0x00000172   Code   RO         1001    .text._ZN3BSP5MOTOR2DM11DMMotorBaseILh1EE8ctrl_MitEhfffff  gimbalinit.o
    0x08005856   0x08005856   0x00000002   PAD
    0x08005858   0x08005858   0x00000116   Code   RO          937    .text._ZN3BSP5MOTOR2DM11DMMotorBaseILh1EEC2EPN3HAL3CAN10ICanDeviceEj  gimbalinit.o
    0x0800596e   0x0800596e   0x00000002   PAD
    0x08005970   0x08005970   0x00000018   Code   RO          947    .text._ZN3BSP5MOTOR2DM11DMMotorBaseILh1EED0Ev  gimbalinit.o
    0x08005988   0x08005988   0x00000014   Code   RO          945    .text._ZN3BSP5MOTOR2DM11DMMotorBaseILh1EED2Ev  gimbalinit.o
    0x0800599c   0x0800599c   0x00000054   Code   RO          899    .text._ZN3BSP5MOTOR2DM11DMMotorBaseILh2EE2OnEh  gimbalinit.o
    0x080059f0   0x080059f0   0x000001ca   Code   RO          919    .text._ZN3BSP5MOTOR2DM11DMMotorBaseILh2EE5ParseERKN3HAL3CAN5FrameE  gimbalinit.o
    0x08005bba   0x08005bba   0x00000002   PAD
    0x08005bbc   0x08005bbc   0x00000044   Code   RO         1031    .text._ZN3BSP5MOTOR2DM11DMMotorBaseILh2EE7sendRawEjPKh  gimbalinit.o
    0x08005c00   0x08005c00   0x00000172   Code   RO          993    .text._ZN3BSP5MOTOR2DM11DMMotorBaseILh2EE8ctrl_MitEhfffff  gimbalinit.o
    0x08005d72   0x08005d72   0x00000002   PAD
    0x08005d74   0x08005d74   0x00000118   Code   RO          915    .text._ZN3BSP5MOTOR2DM11DMMotorBaseILh2EEC2EPN3HAL3CAN10ICanDeviceEj  gimbalinit.o
    0x08005e8c   0x08005e8c   0x00000018   Code   RO          927    .text._ZN3BSP5MOTOR2DM11DMMotorBaseILh2EED0Ev  gimbalinit.o
    0x08005ea4   0x08005ea4   0x00000014   Code   RO          925    .text._ZN3BSP5MOTOR2DM11DMMotorBaseILh2EED2Ev  gimbalinit.o
    0x08005eb8   0x08005eb8   0x000000ae   Code   RO          885    .text._ZN3BSP5MOTOR2DM6DM4310C2EPN3HAL3CAN10ICanDeviceEj  gimbalinit.o
    0x08005f66   0x08005f66   0x00000002   PAD
    0x08005f68   0x08005f68   0x00000018   Code   RO          917    .text._ZN3BSP5MOTOR2DM6DM4310D0Ev  gimbalinit.o
    0x08005f80   0x08005f80   0x00000014   Code   RO          887    .text._ZN3BSP5MOTOR2DM6DM4310D2Ev  gimbalinit.o
    0x08005f94   0x08005f94   0x000000a8   Code   RO          889    .text._ZN3BSP5MOTOR2DM6DM4340C2EPN3HAL3CAN10ICanDeviceEj  gimbalinit.o
    0x0800603c   0x0800603c   0x00000018   Code   RO          939    .text._ZN3BSP5MOTOR2DM6DM4340D0Ev  gimbalinit.o
    0x08006054   0x08006054   0x00000014   Code   RO          891    .text._ZN3BSP5MOTOR2DM6DM4340D2Ev  gimbalinit.o
    0x08006068   0x08006068   0x0000008e   Code   RO          813    .text._ZN3BSP5MOTOR2DML13float_to_uintEfffi  gimbalinit.o
    0x080060f6   0x080060f6   0x00000002   PAD
    0x080060f8   0x080060f8   0x00000060   Code   RO          809    .text._ZN3BSP5MOTOR2DML13uint_to_floatEtffi  gimbalinit.o
    0x08006158   0x08006158   0x00000068   Code   RO          985    .text._ZN3BSP5MOTOR9MotorBaseILh1EE11isConnectedEh  gimbalinit.o
    0x080061c0   0x080061c0   0x0000003c   Code   RO          953    .text._ZN3BSP5MOTOR9MotorBaseILh1EE15updateTimestampEh  gimbalinit.o
    0x080061fc   0x080061fc   0x00000072   Code   RO          943    .text._ZN3BSP5MOTOR9MotorBaseILh1EEC2Ev  gimbalinit.o
    0x0800626e   0x0800626e   0x00000002   PAD
    0x08006270   0x08006270   0x00000006   Code   RO          951    .text._ZN3BSP5MOTOR9MotorBaseILh1EED0Ev  gimbalinit.o
    0x08006276   0x08006276   0x00000002   PAD
    0x08006278   0x08006278   0x0000000a   Code   RO          949    .text._ZN3BSP5MOTOR9MotorBaseILh1EED2Ev  gimbalinit.o
    0x08006282   0x08006282   0x00000002   PAD
    0x08006284   0x08006284   0x00000068   Code   RO          975    .text._ZN3BSP5MOTOR9MotorBaseILh2EE11isConnectedEh  gimbalinit.o
    0x080062ec   0x080062ec   0x0000003c   Code   RO          935    .text._ZN3BSP5MOTOR9MotorBaseILh2EE15updateTimestampEh  gimbalinit.o
    0x08006328   0x08006328   0x00000072   Code   RO          921    .text._ZN3BSP5MOTOR9MotorBaseILh2EEC2Ev  gimbalinit.o
    0x0800639a   0x0800639a   0x00000002   PAD
    0x0800639c   0x0800639c   0x00000006   Code   RO          933    .text._ZN3BSP5MOTOR9MotorBaseILh2EED0Ev  gimbalinit.o
    0x080063a2   0x080063a2   0x00000002   PAD
    0x080063a4   0x080063a4   0x0000000a   Code   RO          931    .text._ZN3BSP5MOTOR9MotorBaseILh2EED2Ev  gimbalinit.o
    0x080063ae   0x080063ae   0x00000002   PAD
    0x080063b0   0x080063b0   0x00000016   Code   RO         1164    .text._ZN3HAL3CAN10ICanDeviceC2Ev  can_device_impl.o
    0x080063c6   0x080063c6   0x00000002   PAD
    0x080063c8   0x080063c8   0x00000006   Code   RO         1190    .text._ZN3HAL3CAN10ICanDeviceD0Ev  can_device_impl.o
    0x080063ce   0x080063ce   0x00000002   PAD
    0x080063d0   0x080063d0   0x0000000a   Code   RO         1188    .text._ZN3HAL3CAN10ICanDeviceD2Ev  can_device_impl.o
    0x080063da   0x080063da   0x00000002   PAD
    0x080063dc   0x080063dc   0x00000008   Code   RO         1130    .text._ZN3HAL3CAN20get_can_bus_instanceEv  can_bus.o
    0x080063e4   0x080063e4   0x00000044   Code   RO         1408    .text._ZN3HAL3CAN6CanBus10get_deviceENS0_11CanDeviceIdE  can_bus_impl.o
    0x08006428   0x08006428   0x00000032   Code   RO         1406    .text._ZN3HAL3CAN6CanBus15register_deviceENS0_11CanDeviceIdEPNS0_9CanDeviceE  can_bus_impl.o
    0x0800645a   0x0800645a   0x00000002   PAD
    0x0800645c   0x0800645c   0x00000056   Code   RO         1402    .text._ZN3HAL3CAN6CanBus4initEv  can_bus_impl.o
    0x080064b2   0x080064b2   0x00000002   PAD
    0x080064b4   0x080064b4   0x0000008c   Code   RO         1400    .text._ZN3HAL3CAN6CanBus8instanceEv  can_bus_impl.o
    0x08006540   0x08006540   0x0000008e   Code   RO         1404    .text._ZN3HAL3CAN6CanBusC2Ev  can_bus_impl.o
    0x080065ce   0x080065ce   0x00000002   PAD
    0x080065d0   0x080065d0   0x00000018   Code   RO         1425    .text._ZN3HAL3CAN6CanBusD0Ev  can_bus_impl.o
    0x080065e8   0x080065e8   0x00000036   Code   RO         1421    .text._ZN3HAL3CAN6CanBusD2Ev  can_bus_impl.o
    0x0800661e   0x0800661e   0x00000002   PAD
    0x08006620   0x08006620   0x00000014   Code   RO          883    .text._ZN3HAL3CAN7ICanBus8get_can1Ev  gimbalinit.o
    0x08006634   0x08006634   0x00000016   Code   RO         1423    .text._ZN3HAL3CAN7ICanBusC2Ev  can_bus_impl.o
    0x0800664a   0x0800664a   0x00000002   PAD
    0x0800664c   0x0800664c   0x00000006   Code   RO         1429    .text._ZN3HAL3CAN7ICanBusD0Ev  can_bus_impl.o
    0x08006652   0x08006652   0x00000002   PAD
    0x08006654   0x08006654   0x0000000a   Code   RO         1427    .text._ZN3HAL3CAN7ICanBusD2Ev  can_bus_impl.o
    0x0800665e   0x0800665e   0x00000002   PAD
    0x08006660   0x08006660   0x00000032   Code   RO         1142    .text._ZN3HAL3CAN9CanDevice16configure_filterEv  can_device_impl.o
    0x08006692   0x08006692   0x00000002   PAD
    0x08006694   0x08006694   0x0000002a   Code   RO         1152    .text._ZN3HAL3CAN9CanDevice20register_rx_callbackENSt3__28functionIFvRKNS0_5FrameEEEE  can_device_impl.o
    0x080066be   0x080066be   0x00000002   PAD
    0x080066c0   0x080066c0   0x00000056   Code   RO         1154    .text._ZN3HAL3CAN9CanDevice20trigger_rx_callbacksERKNS0_5FrameE  can_device_impl.o
    0x08006716   0x08006716   0x00000002   PAD
    0x08006718   0x08006718   0x00000010   Code   RO         1140    .text._ZN3HAL3CAN9CanDevice4initEv  can_device_impl.o
    0x08006728   0x08006728   0x000000b2   Code   RO         1146    .text._ZN3HAL3CAN9CanDevice4sendERKNS0_5FrameE  can_device_impl.o
    0x080067da   0x080067da   0x00000002   PAD
    0x080067dc   0x080067dc   0x00000040   Code   RO         1144    .text._ZN3HAL3CAN9CanDevice5startEv  can_device_impl.o
    0x0800681c   0x0800681c   0x0000008e   Code   RO         1148    .text._ZN3HAL3CAN9CanDevice7receiveERNS0_5FrameE  can_device_impl.o
    0x080068aa   0x080068aa   0x00000002   PAD
    0x080068ac   0x080068ac   0x0000003e   Code   RO         1138    .text._ZN3HAL3CAN9CanDeviceC2EP17CAN_HandleTypeDefjj  can_device_impl.o
    0x080068ea   0x080068ea   0x00000002   PAD
    0x080068ec   0x080068ec   0x00000018   Code   RO         1186    .text._ZN3HAL3CAN9CanDeviceD0Ev  can_device_impl.o
    0x08006904   0x08006904   0x00000028   Code   RO         1184    .text._ZN3HAL3CAN9CanDeviceD2Ev  can_device_impl.o
    0x0800692c   0x0800692c   0x0000001c   Code   RO         1003    .text._ZN3PID6GetErrEv  gimbalinit.o
    0x08006948   0x08006948   0x0000002c   Code   RO         1113    .text._ZN3PID8clearPIDEv  pid.o
    0x08006974   0x08006974   0x00000004   PAD
    0x08006978   0x08006978   0x000002b8   Code   RO         1109    .text._ZN3PID9GetPidPosE6Kpid_tddd  pid.o
    0x08006c30   0x08006c30   0x0000003e   Code   RO          911    .text._ZN3PIDC2Edd  gimbalinit.o
    0x08006c6e   0x08006c6e   0x00000002   PAD
    0x08006c70   0x08006c70   0x0000002e   Code   RO          913    .text._ZN6Kpid_tC2Eddd  gimbalinit.o
    0x08006c9e   0x08006c9e   0x00000002   PAD
    0x08006ca0   0x08006ca0   0x0000000c   Code   RO          987    .text._ZNK3BSP11WATCH_STATE10StateWatch9GetStatusEv  gimbalinit.o
    0x08006cac   0x08006cac   0x0000000e   Code   RO         1009    .text._ZNK3BSP5JOINT5Joint11getVelocityEv  gimbalinit.o
    0x08006cba   0x08006cba   0x00000002   PAD
    0x08006cbc   0x08006cbc   0x0000000e   Code   RO          907    .text._ZNK3BSP5JOINT5Joint12getRealAngleEv  gimbalinit.o
    0x08006cca   0x08006cca   0x00000002   PAD
    0x08006ccc   0x08006ccc   0x0000000e   Code   RO         1017    .text._ZNK3BSP5JOINT5Joint13getCalibStateEv  gimbalinit.o
    0x08006cda   0x08006cda   0x00000002   PAD
    0x08006cdc   0x08006cdc   0x0000000e   Code   RO         1015    .text._ZNK3BSP5JOINT5Joint14getTargetAngleEv  gimbalinit.o
    0x08006cea   0x08006cea   0x00000002   PAD
    0x08006cec   0x08006cec   0x0000000e   Code   RO         1013    .text._ZNK3BSP5JOINT5Joint14getTemperatureEv  gimbalinit.o
    0x08006cfa   0x08006cfa   0x00000002   PAD
    0x08006cfc   0x08006cfc   0x0000000e   Code   RO         1005    .text._ZNK3BSP5JOINT5Joint15getEncoderAngleEv  gimbalinit.o
    0x08006d0a   0x08006d0a   0x00000002   PAD
    0x08006d0c   0x08006d0c   0x0000000e   Code   RO         1007    .text._ZNK3BSP5JOINT5Joint18getNormalizedAngleEv  gimbalinit.o
    0x08006d1a   0x08006d1a   0x00000002   PAD
    0x08006d1c   0x08006d1c   0x00000012   Code   RO          989    .text._ZNK3BSP5JOINT5Joint8isOnlineEv  gimbalinit.o
    0x08006d2e   0x08006d2e   0x00000002   PAD
    0x08006d30   0x08006d30   0x0000000a   Code   RO          995    .text._ZNK3BSP5JOINT5Joint9getConfigEv  gimbalinit.o
    0x08006d3a   0x08006d3a   0x00000002   PAD
    0x08006d3c   0x08006d3c   0x0000000e   Code   RO         1011    .text._ZNK3BSP5JOINT5Joint9getTorqueEv  gimbalinit.o
    0x08006d4a   0x08006d4a   0x00000002   PAD
    0x08006d4c   0x08006d4c   0x00000042   Code   RO          977    .text._ZNK3BSP5MOTOR9MotorBaseILh1EE11getAngleRadEh  gimbalinit.o
    0x08006d8e   0x08006d8e   0x00000002   PAD
    0x08006d90   0x08006d90   0x00000042   Code   RO          983    .text._ZNK3BSP5MOTOR9MotorBaseILh1EE14getTemperatureEh  gimbalinit.o
    0x08006dd2   0x08006dd2   0x00000002   PAD
    0x08006dd4   0x08006dd4   0x00000042   Code   RO          979    .text._ZNK3BSP5MOTOR9MotorBaseILh1EE14getVelocityRadEh  gimbalinit.o
    0x08006e16   0x08006e16   0x00000002   PAD
    0x08006e18   0x08006e18   0x00000042   Code   RO          981    .text._ZNK3BSP5MOTOR9MotorBaseILh1EE9getTorqueEh  gimbalinit.o
    0x08006e5a   0x08006e5a   0x00000002   PAD
    0x08006e5c   0x08006e5c   0x00000042   Code   RO          967    .text._ZNK3BSP5MOTOR9MotorBaseILh2EE11getAngleRadEh  gimbalinit.o
    0x08006e9e   0x08006e9e   0x00000002   PAD
    0x08006ea0   0x08006ea0   0x00000042   Code   RO          973    .text._ZNK3BSP5MOTOR9MotorBaseILh2EE14getTemperatureEh  gimbalinit.o
    0x08006ee2   0x08006ee2   0x00000002   PAD
    0x08006ee4   0x08006ee4   0x00000042   Code   RO          969    .text._ZNK3BSP5MOTOR9MotorBaseILh2EE14getVelocityRadEh  gimbalinit.o
    0x08006f26   0x08006f26   0x00000002   PAD
    0x08006f28   0x08006f28   0x00000042   Code   RO          971    .text._ZNK3BSP5MOTOR9MotorBaseILh2EE9getTorqueEh  gimbalinit.o
    0x08006f6a   0x08006f6a   0x00000002   PAD
    0x08006f6c   0x08006f6c   0x0000003a   Code   RO         1410    .text._ZNK3HAL3CAN6CanBus10has_deviceENS0_11CanDeviceIdE  can_bus_impl.o
    0x08006fa6   0x08006fa6   0x00000002   PAD
    0x08006fa8   0x08006fa8   0x0000000c   Code   RO         1150    .text._ZNK3HAL3CAN9CanDevice10get_handleEv  can_device_impl.o
    0x08006fb4   0x08006fb4   0x00000014   Code   RO         1396    .text._ZNKSt3__210__function13__policy_funcIFvRKN3HAL3CAN5FrameEEEclB7v180000ES6_  can_device_impl.o
    0x08006fc8   0x08006fc8   0x00000012   Code   RO         1254    .text._ZNKSt3__210__function13__policy_funcIFvRKN3HAL3CAN5FrameEEEcvbB7v180000Ev  can_device_impl.o
    0x08006fda   0x08006fda   0x00000002   PAD
    0x08006fdc   0x08006fdc   0x0000000c   Code   RO         1194    .text._ZNKSt3__211__wrap_iterIPNS_8functionIFvRKN3HAL3CAN5FrameEEEEE4baseB7v180000Ev  can_device_impl.o
    0x08006fe8   0x08006fe8   0x0000000c   Code   RO         1178    .text._ZNKSt3__211__wrap_iterIPNS_8functionIFvRKN3HAL3CAN5FrameEEEEEdeB7v180000Ev  can_device_impl.o
    0x08006ff4   0x08006ff4   0x0000001c   Code   RO         1382    .text._ZNKSt3__214__split_bufferINS_8functionIFvRKN3HAL3CAN5FrameEEEERNS_9allocatorIS8_EEE8capacityB7v180000Ev  can_device_impl.o
    0x08007010   0x08007010   0x00000012   Code   RO         1388    .text._ZNKSt3__214__split_bufferINS_8functionIFvRKN3HAL3CAN5FrameEEEERNS_9allocatorIS8_EEE9__end_capB7v180000Ev  can_device_impl.o
    0x08007022   0x08007022   0x00000002   PAD
    0x08007024   0x08007024   0x0000000c   Code   RO         1344    .text._ZNKSt3__216reverse_iteratorIPNS_8functionIFvRKN3HAL3CAN5FrameEEEEE4baseB7v180000Ev  can_device_impl.o
    0x08007030   0x08007030   0x00000014   Code   RO         1360    .text._ZNKSt3__216reverse_iteratorIPNS_8functionIFvRKN3HAL3CAN5FrameEEEEEdeB7v180000Ev  can_device_impl.o
    0x08007044   0x08007044   0x00000010   Code   RO         1378    .text._ZNKSt3__216reverse_iteratorIPNS_8functionIFvRKN3HAL3CAN5FrameEEEEEptB7v180000Ev  can_device_impl.o
    0x08007054   0x08007054   0x00000010   Code   RO         1240    .text._ZNKSt3__217__compressed_pairIPNS_8functionIFvRKN3HAL3CAN5FrameEEEENS_9allocatorIS8_EEE5firstB7v180000Ev  can_device_impl.o
    0x08007064   0x08007064   0x00000010   Code   RO         1306    .text._ZNKSt3__217__compressed_pairIPNS_8functionIFvRKN3HAL3CAN5FrameEEEENS_9allocatorIS8_EEE6secondB7v180000Ev  can_device_impl.o
    0x08007074   0x08007074   0x00000010   Code   RO         1390    .text._ZNKSt3__217__compressed_pairIPNS_8functionIFvRKN3HAL3CAN5FrameEEEERNS_9allocatorIS8_EEE5firstB7v180000Ev  can_device_impl.o
    0x08007084   0x08007084   0x0000000a   Code   RO         1308    .text._ZNKSt3__222__compressed_pair_elemINS_9allocatorINS_8functionIFvRKN3HAL3CAN5FrameEEEEEELi1ELb1EE5__getB7v180000Ev  can_device_impl.o
    0x0800708e   0x0800708e   0x00000002   PAD
    0x08007090   0x08007090   0x0000000a   Code   RO         1242    .text._ZNKSt3__222__compressed_pair_elemIPNS_8functionIFvRKN3HAL3CAN5FrameEEEELi0ELb0EE5__getB7v180000Ev  can_device_impl.o
    0x0800709a   0x0800709a   0x00000002   PAD
    0x0800709c   0x0800709c   0x0000001c   Code   RO         1302    .text._ZNKSt3__26__lessIvvEclB7v180000IjjEEbRKT_RKT0_  can_device_impl.o
    0x080070b8   0x080070b8   0x00000056   Code   RO         1278    .text._ZNKSt3__26vectorINS_8functionIFvRKN3HAL3CAN5FrameEEEENS_9allocatorIS8_EEE11__recommendB7v180000Ej  can_device_impl.o
    0x0800710e   0x0800710e   0x00000002   PAD
    0x08007110   0x08007110   0x0000006e   Code   RO         1348    .text._ZNKSt3__26vectorINS_8functionIFvRKN3HAL3CAN5FrameEEEENS_9allocatorIS8_EEE14__annotate_newB7v180000Ej  can_device_impl.o
    0x0800717e   0x0800717e   0x00000002   PAD
    0x08007180   0x08007180   0x00000076   Code   RO         1204    .text._ZNKSt3__26vectorINS_8functionIFvRKN3HAL3CAN5FrameEEEENS_9allocatorIS8_EEE17__annotate_deleteB7v180000Ev  can_device_impl.o
    0x080071f6   0x080071f6   0x00000002   PAD
    0x080071f8   0x080071f8   0x00000010   Code   RO         1288    .text._ZNKSt3__26vectorINS_8functionIFvRKN3HAL3CAN5FrameEEEENS_9allocatorIS8_EEE20__throw_length_errorB7v180000Ev  can_device_impl.o
    0x08007208   0x08007208   0x00000012   Code   RO         1220    .text._ZNKSt3__26vectorINS_8functionIFvRKN3HAL3CAN5FrameEEEENS_9allocatorIS8_EEE31__annotate_contiguous_containerB7v180000EPKvSD_SD_SD_  can_device_impl.o
    0x0800721a   0x0800721a   0x00000002   PAD
    0x0800721c   0x0800721c   0x00000012   Code   RO         1222    .text._ZNKSt3__26vectorINS_8functionIFvRKN3HAL3CAN5FrameEEEENS_9allocatorIS8_EEE4dataB7v180000Ev  can_device_impl.o
    0x0800722e   0x0800722e   0x00000002   PAD
    0x08007230   0x08007230   0x00000012   Code   RO         1224    .text._ZNKSt3__26vectorINS_8functionIFvRKN3HAL3CAN5FrameEEEENS_9allocatorIS8_EEE4sizeB7v180000Ev  can_device_impl.o
    0x08007242   0x08007242   0x00000002   PAD
    0x08007244   0x08007244   0x00000012   Code   RO         1296    .text._ZNKSt3__26vectorINS_8functionIFvRKN3HAL3CAN5FrameEEEENS_9allocatorIS8_EEE7__allocB7v180000Ev  can_device_impl.o
    0x08007256   0x08007256   0x00000002   PAD
    0x08007258   0x08007258   0x0000001c   Code   RO         1210    .text._ZNKSt3__26vectorINS_8functionIFvRKN3HAL3CAN5FrameEEEENS_9allocatorIS8_EEE8capacityB7v180000Ev  can_device_impl.o
    0x08007274   0x08007274   0x00000026   Code   RO         1286    .text._ZNKSt3__26vectorINS_8functionIFvRKN3HAL3CAN5FrameEEEENS_9allocatorIS8_EEE8max_sizeEv  can_device_impl.o
    0x0800729a   0x0800729a   0x00000002   PAD
    0x0800729c   0x0800729c   0x00000012   Code   RO         1238    .text._ZNKSt3__26vectorINS_8functionIFvRKN3HAL3CAN5FrameEEEENS_9allocatorIS8_EEE9__end_capB7v180000Ev  can_device_impl.o
    0x080072ae   0x080072ae   0x00000002   PAD
    0x080072b0   0x080072b0   0x00000014   Code   RO         1180    .text._ZNKSt3__28functionIFvRKN3HAL3CAN5FrameEEEclES5_  can_device_impl.o
    0x080072c4   0x080072c4   0x00000010   Code   RO         1168    .text._ZNKSt3__28functionIFvRKN3HAL3CAN5FrameEEEcvbB7v180000Ev  can_device_impl.o
    0x080072d4   0x080072d4   0x0000000c   Code   RO         1304    .text._ZNKSt3__29allocatorINS_8functionIFvRKN3HAL3CAN5FrameEEEEE8max_sizeB7v180000Ev  can_device_impl.o
    0x080072e0   0x080072e0   0x0000000a   Code   RO          817    .text._ZNSt3__210__function10__not_nullB7v180000IZ10GimbalInitE3$_0EEbRKT_  gimbalinit.o
    0x080072ea   0x080072ea   0x00000002   PAD
    0x080072ec   0x080072ec   0x0000000a   Code   RO          839    .text._ZNSt3__210__function10__not_nullB7v180000IZ10GimbalInitE3$_1EEbRKT_  gimbalinit.o
    0x080072f6   0x080072f6   0x00000002   PAD
    0x080072f8   0x080072f8   0x00000046   Code   RO         1374    .text._ZNSt3__210__function13__policy_funcIFvRKN3HAL3CAN5FrameEEEC2B7v180000EOS8_  can_device_impl.o
    0x0800733e   0x0800733e   0x00000002   PAD
    0x08007340   0x08007340   0x00000044   Code   RO         1276    .text._ZNSt3__210__function13__policy_funcIFvRKN3HAL3CAN5FrameEEEC2B7v180000ERKS8_  can_device_impl.o
    0x08007384   0x08007384   0x0000004a   Code   RO          815    .text._ZNSt3__210__function13__policy_funcIFvRKN3HAL3CAN5FrameEEEC2B7v180000IZ10GimbalInitE3$_0Li0EEEOT_  gimbalinit.o
    0x080073ce   0x080073ce   0x00000002   PAD
    0x080073d0   0x080073d0   0x0000004a   Code   RO          837    .text._ZNSt3__210__function13__policy_funcIFvRKN3HAL3CAN5FrameEEEC2B7v180000IZ10GimbalInitE3$_1Li0EEEOT_  gimbalinit.o
    0x0800741a   0x0800741a   0x00000002   PAD
    0x0800741c   0x0800741c   0x00000026   Code   RO         1029    .text._ZNSt3__210__function13__policy_funcIFvRKN3HAL3CAN5FrameEEED2B7v180000Ev  gimbalinit.o
    0x08007442   0x08007442   0x00000002   PAD
    0x08007444   0x08007444   0x00000018   Code   RO          825    .text._ZNSt3__210__function16__policy_invokerIFvRKN3HAL3CAN5FrameEEE11__call_implB7v180000INS0_20__default_alloc_funcIZ10GimbalInitE3$_0S7_EEEEvPKNS0_16__policy_storageES6_  gimbalinit.o
    0x0800745c   0x0800745c   0x00000018   Code   RO          847    .text._ZNSt3__210__function16__policy_invokerIFvRKN3HAL3CAN5FrameEEE11__call_implB7v180000INS0_20__default_alloc_funcIZ10GimbalInitE3$_1S7_EEEEvPKNS0_16__policy_storageES6_  gimbalinit.o
    0x08007474   0x08007474   0x0000000a   Code   RO         1023    .text._ZNSt3__210__function16__policy_invokerIFvRKN3HAL3CAN5FrameEEE12__call_emptyB7v180000EPKNS0_16__policy_storageES6_  gimbalinit.o
    0x0800747e   0x0800747e   0x00000002   PAD
    0x08007480   0x08007480   0x00000018   Code   RO          819    .text._ZNSt3__210__function16__policy_invokerIFvRKN3HAL3CAN5FrameEEE8__createB7v180000INS0_20__default_alloc_funcIZ10GimbalInitE3$_0S7_EEEES8_v  gimbalinit.o
    0x08007498   0x08007498   0x00000018   Code   RO          841    .text._ZNSt3__210__function16__policy_invokerIFvRKN3HAL3CAN5FrameEEE8__createB7v180000INS0_20__default_alloc_funcIZ10GimbalInitE3$_1S7_EEEES8_v  gimbalinit.o
    0x080074b0   0x080074b0   0x00000010   Code   RO         1027    .text._ZNSt3__210__function16__policy_invokerIFvRKN3HAL3CAN5FrameEEEC2B7v180000EPFvPKNS0_16__policy_storageES6_E  gimbalinit.o
    0x080074c0   0x080074c0   0x00000014   Code   RO         1019    .text._ZNSt3__210__function16__policy_invokerIFvRKN3HAL3CAN5FrameEEEC2B7v180000Ev  gimbalinit.o
    0x080074d4   0x080074d4   0x0000000c   Code   RO          823    .text._ZNSt3__210__function20__default_alloc_funcIZ10GimbalInitE3$_0FvRKN3HAL3CAN5FrameEEEC2B7v180000EOS2_  gimbalinit.o
    0x080074e0   0x080074e0   0x00000014   Code   RO          827    .text._ZNSt3__210__function20__default_alloc_funcIZ10GimbalInitE3$_0FvRKN3HAL3CAN5FrameEEEclB7v180000ES7_  gimbalinit.o
    0x080074f4   0x080074f4   0x0000000c   Code   RO          845    .text._ZNSt3__210__function20__default_alloc_funcIZ10GimbalInitE3$_1FvRKN3HAL3CAN5FrameEEEC2B7v180000EOS2_  gimbalinit.o
    0x08007500   0x08007500   0x00000014   Code   RO          849    .text._ZNSt3__210__function20__default_alloc_funcIZ10GimbalInitE3$_1FvRKN3HAL3CAN5FrameEEEclB7v180000ES7_  gimbalinit.o
    0x08007514   0x08007514   0x0000000a   Code   RO         1021    .text._ZNSt3__210__function8__policy14__create_emptyB7v180000Ev  gimbalinit.o
    0x0800751e   0x0800751e   0x00000002   PAD
    0x08007520   0x08007520   0x0000000e   Code   RO          835    .text._ZNSt3__210__function8__policy15__choose_policyB7v180000INS0_20__default_alloc_funcIZ10GimbalInitE3$_0FvRKN3HAL3CAN5FrameEEEEEEPKS1_NS_17integral_constantIbLb1EEE  gimbalinit.o
    0x0800752e   0x0800752e   0x00000002   PAD
    0x08007530   0x08007530   0x0000000e   Code   RO          857    .text._ZNSt3__210__function8__policy15__choose_policyB7v180000INS0_20__default_alloc_funcIZ10GimbalInitE3$_1FvRKN3HAL3CAN5FrameEEEEEEPKS1_NS_17integral_constantIbLb1EEE  gimbalinit.o
    0x0800753e   0x0800753e   0x00000002   PAD
    0x08007540   0x08007540   0x0000000c   Code   RO          821    .text._ZNSt3__210__function8__policy8__createB7v180000INS0_20__default_alloc_funcIZ10GimbalInitE3$_0FvRKN3HAL3CAN5FrameEEEEEEPKS1_v  gimbalinit.o
    0x0800754c   0x0800754c   0x0000000c   Code   RO          843    .text._ZNSt3__210__function8__policy8__createB7v180000INS0_20__default_alloc_funcIZ10GimbalInitE3$_1FvRKN3HAL3CAN5FrameEEEEEEPKS1_v  gimbalinit.o
    0x08007558   0x08007558   0x00000010   Code   RO         1394    .text._ZNSt3__211__wrap_iterIPNS_8functionIFvRKN3HAL3CAN5FrameEEEEEC2B7v180000ES9_  can_device_impl.o
    0x08007568   0x08007568   0x00000010   Code   RO         1182    .text._ZNSt3__211__wrap_iterIPNS_8functionIFvRKN3HAL3CAN5FrameEEEEEppB7v180000Ev  can_device_impl.o
    0x08007578   0x08007578   0x00000010   Code   RO         1358    .text._ZNSt3__212__to_addressB7v180000INS_16reverse_iteratorIPNS_8functionIFvRKN3HAL3CAN5FrameEEEEEEvEEu7__decayIDTclsr19__to_address_helperIT_EE6__callclsr3stdE7declvalIRKSC_EEEEESE_  can_device_impl.o
    0x08007588   0x08007588   0x0000000a   Code   RO         1216    .text._ZNSt3__212__to_addressB7v180000INS_8functionIFvRKN3HAL3CAN5FrameEEEEEEPT_SA_  can_device_impl.o
    0x08007592   0x08007592   0x00000002   PAD
    0x08007594   0x08007594   0x00000014   Code   RO         1384    .text._ZNSt3__214__split_bufferINS_8functionIFvRKN3HAL3CAN5FrameEEEERNS_9allocatorIS8_EEE17__destruct_at_endB7v180000EPS8_  can_device_impl.o
    0x080075a8   0x080075a8   0x0000003c   Code   RO         1386    .text._ZNSt3__214__split_bufferINS_8functionIFvRKN3HAL3CAN5FrameEEEERNS_9allocatorIS8_EEE17__destruct_at_endB7v180000EPS8_NS_17integral_constantIbLb0EEE  can_device_impl.o
    0x080075e4   0x080075e4   0x00000012   Code   RO         1380    .text._ZNSt3__214__split_bufferINS_8functionIFvRKN3HAL3CAN5FrameEEEERNS_9allocatorIS8_EEE5clearB7v180000Ev  can_device_impl.o
    0x080075f6   0x080075f6   0x00000002   PAD
    0x080075f8   0x080075f8   0x00000012   Code   RO         1320    .text._ZNSt3__214__split_bufferINS_8functionIFvRKN3HAL3CAN5FrameEEEERNS_9allocatorIS8_EEE7__allocB7v180000Ev  can_device_impl.o
    0x0800760a   0x0800760a   0x00000002   PAD
    0x0800760c   0x0800760c   0x00000012   Code   RO         1322    .text._ZNSt3__214__split_bufferINS_8functionIFvRKN3HAL3CAN5FrameEEEERNS_9allocatorIS8_EEE9__end_capB7v180000Ev  can_device_impl.o
    0x0800761e   0x0800761e   0x00000002   PAD
    0x08007620   0x08007620   0x00000072   Code   RO         1280    .text._ZNSt3__214__split_bufferINS_8functionIFvRKN3HAL3CAN5FrameEEEERNS_9allocatorIS8_EEEC2EjjSB_  can_device_impl.o
    0x08007692   0x08007692   0x00000002   PAD
    0x08007694   0x08007694   0x0000003e   Code   RO         1284    .text._ZNSt3__214__split_bufferINS_8functionIFvRKN3HAL3CAN5FrameEEEERNS_9allocatorIS8_EEED2Ev  can_device_impl.o
    0x080076d2   0x080076d2   0x00000002   PAD
    0x080076d4   0x080076d4   0x00000008   Code   RO         1298    .text._ZNSt3__214numeric_limitsIiE3maxB7v180000Ev  can_device_impl.o
    0x080076dc   0x080076dc   0x0000000a   Code   RO         1252    .text._ZNSt3__216__non_trivial_ifILb1ENS_9allocatorINS_8functionIFvRKN3HAL3CAN5FrameEEEEEEEC2B7v180000Ev  can_device_impl.o
    0x080076e6   0x080076e6   0x00000002   PAD
    0x080076e8   0x080076e8   0x00000018   Code   RO         1206    .text._ZNSt3__216allocator_traitsINS_9allocatorINS_8functionIFvRKN3HAL3CAN5FrameEEEEEEE10deallocateB7v180000ERSA_PS9_j  can_device_impl.o
    0x08007700   0x08007700   0x00000014   Code   RO         1214    .text._ZNSt3__216allocator_traitsINS_9allocatorINS_8functionIFvRKN3HAL3CAN5FrameEEEEEEE7destroyB7v180000IS9_vEEvRSA_PT_  can_device_impl.o
    0x08007714   0x08007714   0x00000010   Code   RO         1294    .text._ZNSt3__216allocator_traitsINS_9allocatorINS_8functionIFvRKN3HAL3CAN5FrameEEEEEEE8max_sizeB7v180000ISA_vEEjRKSA_  can_device_impl.o
    0x08007724   0x08007724   0x00000018   Code   RO         1268    .text._ZNSt3__216allocator_traitsINS_9allocatorINS_8functionIFvRKN3HAL3CAN5FrameEEEEEEE9constructB7v180000IS9_JRKS9_EvEEvRSA_PT_DpOT0_  can_device_impl.o
    0x0800773c   0x0800773c   0x00000018   Code   RO         1356    .text._ZNSt3__216allocator_traitsINS_9allocatorINS_8functionIFvRKN3HAL3CAN5FrameEEEEEEE9constructB7v180000IS9_JS9_EvEEvRSA_PT_DpOT0_  can_device_impl.o
    0x08007754   0x08007754   0x00000014   Code   RO         1342    .text._ZNSt3__216reverse_iteratorIPNS_8functionIFvRKN3HAL3CAN5FrameEEEEEC2B7v180000ES9_  can_device_impl.o
    0x08007768   0x08007768   0x00000010   Code   RO         1362    .text._ZNSt3__216reverse_iteratorIPNS_8functionIFvRKN3HAL3CAN5FrameEEEEEppB7v180000Ev  can_device_impl.o
    0x08007778   0x08007778   0x00000010   Code   RO         1262    .text._ZNSt3__217__compressed_pairIPNS_8functionIFvRKN3HAL3CAN5FrameEEEENS_9allocatorIS8_EEE5firstB7v180000Ev  can_device_impl.o
    0x08007788   0x08007788   0x00000010   Code   RO         1234    .text._ZNSt3__217__compressed_pairIPNS_8functionIFvRKN3HAL3CAN5FrameEEEENS_9allocatorIS8_EEE6secondB7v180000Ev  can_device_impl.o
    0x08007798   0x08007798   0x00000020   Code   RO         1244    .text._ZNSt3__217__compressed_pairIPNS_8functionIFvRKN3HAL3CAN5FrameEEEENS_9allocatorIS8_EEEC2B7v180000IDnNS_18__default_init_tagEEEOT_OT0_  can_device_impl.o
    0x080077b8   0x080077b8   0x00000010   Code   RO         1338    .text._ZNSt3__217__compressed_pairIPNS_8functionIFvRKN3HAL3CAN5FrameEEEERNS_9allocatorIS8_EEE5firstB7v180000Ev  can_device_impl.o
    0x080077c8   0x080077c8   0x00000012   Code   RO         1334    .text._ZNSt3__217__compressed_pairIPNS_8functionIFvRKN3HAL3CAN5FrameEEEERNS_9allocatorIS8_EEE6secondB7v180000Ev  can_device_impl.o
    0x080077da   0x080077da   0x00000002   PAD
    0x080077dc   0x080077dc   0x00000024   Code   RO         1316    .text._ZNSt3__217__compressed_pairIPNS_8functionIFvRKN3HAL3CAN5FrameEEEERNS_9allocatorIS8_EEEC2B7v180000IDnSC_EEOT_OT0_  can_device_impl.o
    0x08007800   0x08007800   0x00000012   Code   RO         1330    .text._ZNSt3__217__libcpp_allocateB7v180000Ejj  can_device_impl.o
    0x08007812   0x08007812   0x00000002   PAD
    0x08007814   0x08007814   0x0000001e   Code   RO         1318    .text._ZNSt3__219__allocate_at_leastB7v180000INS_9allocatorINS_8functionIFvRKN3HAL3CAN5FrameEEEEEEEENS_19__allocation_resultINS_16allocator_traitsIT_E7pointerEEERSD_j  can_device_impl.o
    0x08007832   0x08007832   0x00000002   PAD
    0x08007834   0x08007834   0x00000016   Code   RO         1228    .text._ZNSt3__219__libcpp_deallocateB7v180000EPvjj  can_device_impl.o
    0x0800784a   0x0800784a   0x00000002   PAD
    0x0800784c   0x0800784c   0x00000014   Code   RO         1376    .text._ZNSt3__219__to_address_helperINS_16reverse_iteratorIPNS_8functionIFvRKN3HAL3CAN5FrameEEEEEEvE6__callB7v180000ERKSB_  can_device_impl.o
    0x08007860   0x08007860   0x00000012   Code   RO         1312    .text._ZNSt3__220__throw_length_errorB7v180000EPKc  can_device_impl.o
    0x08007872   0x08007872   0x00000002   PAD
    0x08007874   0x08007874   0x00000010   Code   RO         1332    .text._ZNSt3__221__libcpp_operator_newB7v180000IJjEEEPvDpT_  can_device_impl.o
    0x08007884   0x08007884   0x0000000a   Code   RO         1236    .text._ZNSt3__222__compressed_pair_elemINS_9allocatorINS_8functionIFvRKN3HAL3CAN5FrameEEEEEELi1ELb1EE5__getB7v180000Ev  can_device_impl.o
    0x0800788e   0x0800788e   0x00000002   PAD
    0x08007890   0x08007890   0x00000014   Code   RO         1248    .text._ZNSt3__222__compressed_pair_elemINS_9allocatorINS_8functionIFvRKN3HAL3CAN5FrameEEEEEELi1ELb1EEC2B7v180000ENS_18__default_init_tagE  can_device_impl.o
    0x080078a4   0x080078a4   0x0000000a   Code   RO         1264    .text._ZNSt3__222__compressed_pair_elemIPNS_8functionIFvRKN3HAL3CAN5FrameEEEELi0ELb0EE5__getB7v180000Ev  can_device_impl.o
    0x080078ae   0x080078ae   0x00000002   PAD
    0x080078b0   0x080078b0   0x00000010   Code   RO         1246    .text._ZNSt3__222__compressed_pair_elemIPNS_8functionIFvRKN3HAL3CAN5FrameEEEELi0ELb0EEC2B7v180000IDnvEEOT_  can_device_impl.o
    0x080078c0   0x080078c0   0x0000000c   Code   RO         1336    .text._ZNSt3__222__compressed_pair_elemIRNS_9allocatorINS_8functionIFvRKN3HAL3CAN5FrameEEEEEELi1ELb0EE5__getB7v180000Ev  can_device_impl.o
    0x080078cc   0x080078cc   0x00000010   Code   RO         1324    .text._ZNSt3__222__compressed_pair_elemIRNS_9allocatorINS_8functionIFvRKN3HAL3CAN5FrameEEEEEELi1ELb0EEC2B7v180000ISB_vEEOT_  can_device_impl.o
    0x080078dc   0x080078dc   0x0000001e   Code   RO         1475    .text._ZNSt3__222__libcpp_verbose_abortEPKcz  libcpp_w.l(verbose_abort.cpp.o)
    0x080078fa   0x080078fa   0x00000002   PAD
    0x080078fc   0x080078fc   0x00000026   Code   RO         1350    .text._ZNSt3__222__make_exception_guardB7v180000INS_29_AllocatorDestroyRangeReverseINS_9allocatorINS_8functionIFvRKN3HAL3CAN5FrameEEEEEENS_16reverse_iteratorIPSA_EEEEEENS_30__exception_guard_noexceptionsIT_EESH_  can_device_impl.o
    0x08007922   0x08007922   0x00000002   PAD
    0x08007924   0x08007924   0x00000006   Code   RO         1310    .text._ZNSt3__223__libcpp_numeric_limitsIiLb1EE3maxB7v180000Ev  can_device_impl.o
    0x0800792a   0x0800792a   0x00000002   PAD
    0x0800792c   0x0800792c   0x00000010   Code   RO         1232    .text._ZNSt3__224__libcpp_operator_deleteB7v180000IJPvEEEvDpT_  can_device_impl.o
    0x0800793c   0x0800793c   0x0000000c   Code   RO         1025    .text._ZNSt3__225__throw_bad_function_callB7v180000Ev  gimbalinit.o
    0x08007948   0x08007948   0x00000012   Code   RO         1230    .text._ZNSt3__227__do_deallocate_handle_sizeB7v180000IJEEEvPvjDpT_  can_device_impl.o
    0x0800795a   0x0800795a   0x00000002   PAD
    0x0800795c   0x0800795c   0x00000014   Code   RO          829    .text._ZNSt3__228__invoke_void_return_wrapperIvLb1EE6__callB7v180000IJRZ10GimbalInitE3$_0RKN3HAL3CAN5FrameEEEEvDpOT_  gimbalinit.o
    0x08007970   0x08007970   0x00000014   Code   RO          851    .text._ZNSt3__228__invoke_void_return_wrapperIvLb1EE6__callB7v180000IJRZ10GimbalInitE3$_1RKN3HAL3CAN5FrameEEEEvDpOT_  gimbalinit.o
    0x08007984   0x08007984   0x0000001c   Code   RO         1352    .text._ZNSt3__229_AllocatorDestroyRangeReverseINS_9allocatorINS_8functionIFvRKN3HAL3CAN5FrameEEEEEENS_16reverse_iteratorIPS9_EEEC2B7v180000ERSA_RSD_SG_  can_device_impl.o
    0x080079a0   0x080079a0   0x0000000e   Code   RO         1364    .text._ZNSt3__230__exception_guard_noexceptionsINS_29_AllocatorDestroyRangeReverseINS_9allocatorINS_8functionIFvRKN3HAL3CAN5FrameEEEEEENS_16reverse_iteratorIPSA_EEEEE10__completeB7v180000Ev  can_device_impl.o
    0x080079ae   0x080079ae   0x00000002   PAD
    0x080079b0   0x080079b0   0x00000014   Code   RO         1368    .text._ZNSt3__230__exception_guard_noexceptionsINS_29_AllocatorDestroyRangeReverseINS_9allocatorINS_8functionIFvRKN3HAL3CAN5FrameEEEEEENS_16reverse_iteratorIPSA_EEEEEC2B7v180000ESF_  can_device_impl.o
    0x080079c4   0x080079c4   0x0000000a   Code   RO         1366    .text._ZNSt3__230__exception_guard_noexceptionsINS_29_AllocatorDestroyRangeReverseINS_9allocatorINS_8functionIFvRKN3HAL3CAN5FrameEEEEEENS_16reverse_iteratorIPSA_EEEEED2B7v180000Ev  can_device_impl.o
    0x080079ce   0x080079ce   0x00000002   PAD
    0x080079d0   0x080079d0   0x00000014   Code   RO         1290    .text._ZNSt3__23maxB7v180000IjEERKT_S3_S3_  can_device_impl.o
    0x080079e4   0x080079e4   0x0000002a   Code   RO         1314    .text._ZNSt3__23maxB7v180000IjNS_6__lessIvvEEEERKT_S5_S5_T0_  can_device_impl.o
    0x08007a0e   0x08007a0e   0x00000002   PAD
    0x08007a10   0x08007a10   0x00000014   Code   RO         1292    .text._ZNSt3__23minB7v180000IjEERKT_S3_S3_  can_device_impl.o
    0x08007a24   0x08007a24   0x0000002a   Code   RO         1300    .text._ZNSt3__23minB7v180000IjNS_6__lessIvvEEEERKT_S5_S5_T0_  can_device_impl.o
    0x08007a4e   0x08007a4e   0x00000002   PAD
    0x08007a50   0x08007a50   0x000000a2   Code   RO         1340    .text._ZNSt3__242__uninitialized_allocator_move_if_noexceptB7v180000INS_9allocatorINS_8functionIFvRKN3HAL3CAN5FrameEEEEEENS_16reverse_iteratorIPS9_EESD_SD_EET2_RT_T0_T1_SE_  can_device_impl.o
    0x08007af2   0x08007af2   0x00000002   PAD
    0x08007af4   0x08007af4   0x0000001e   Code   RO         1346    .text._ZNSt3__24swapB7v180000IPNS_8functionIFvRKN3HAL3CAN5FrameEEEEEENS_9enable_ifIXaasr21is_move_constructibleIT_EE5valuesr18is_move_assignableISB_EE5valueEvE4typeERSB_SE_  can_device_impl.o
    0x08007b12   0x08007b12   0x00000002   PAD
    0x08007b14   0x08007b14   0x00000016   Code   RO         1392    .text._ZNSt3__26vectorINS_8functionIFvRKN3HAL3CAN5FrameEEEENS_9allocatorIS8_EEE11__make_iterB7v180000EPS8_  can_device_impl.o
    0x08007b2a   0x08007b2a   0x00000002   PAD
    0x08007b2c   0x08007b2c   0x00000010   Code   RO         1198    .text._ZNSt3__26vectorINS_8functionIFvRKN3HAL3CAN5FrameEEEENS_9allocatorIS8_EEE16__destroy_vectorC2B7v180000ERSB_  can_device_impl.o
    0x08007b3c   0x08007b3c   0x0000004a   Code   RO         1200    .text._ZNSt3__26vectorINS_8functionIFvRKN3HAL3CAN5FrameEEEENS_9allocatorIS8_EEE16__destroy_vectorclB7v180000Ev  can_device_impl.o
    0x08007b86   0x08007b86   0x00000002   PAD
    0x08007b88   0x08007b88   0x00000024   Code   RO         1266    .text._ZNSt3__26vectorINS_8functionIFvRKN3HAL3CAN5FrameEEEENS_9allocatorIS8_EEE21_ConstructTransactionC2B7v180000ERSB_j  can_device_impl.o
    0x08007bac   0x08007bac   0x00000010   Code   RO         1270    .text._ZNSt3__26vectorINS_8functionIFvRKN3HAL3CAN5FrameEEEENS_9allocatorIS8_EEE21_ConstructTransactionD2B7v180000Ev  can_device_impl.o
    0x08007bbc   0x08007bbc   0x00000068   Code   RO         1260    .text._ZNSt3__26vectorINS_8functionIFvRKN3HAL3CAN5FrameEEEENS_9allocatorIS8_EEE21__push_back_slow_pathIRKS8_EEvOT_  can_device_impl.o
    0x08007c24   0x08007c24   0x00000042   Code   RO         1212    .text._ZNSt3__26vectorINS_8functionIFvRKN3HAL3CAN5FrameEEEENS_9allocatorIS8_EEE22__base_destruct_at_endB7v180000EPS8_  can_device_impl.o
    0x08007c66   0x08007c66   0x00000002   PAD
    0x08007c68   0x08007c68   0x0000003e   Code   RO         1258    .text._ZNSt3__26vectorINS_8functionIFvRKN3HAL3CAN5FrameEEEENS_9allocatorIS8_EEE22__construct_one_at_endB7v180000IJRKS8_EEEvDpOT_  can_device_impl.o
    0x08007ca6   0x08007ca6   0x00000002   PAD
    0x08007ca8   0x08007ca8   0x000000b4   Code   RO         1282    .text._ZNSt3__26vectorINS_8functionIFvRKN3HAL3CAN5FrameEEEENS_9allocatorIS8_EEE26__swap_out_circular_bufferERNS_14__split_bufferIS8_RSA_EE  can_device_impl.o
    0x08007d5c   0x08007d5c   0x00000016   Code   RO         1174    .text._ZNSt3__26vectorINS_8functionIFvRKN3HAL3CAN5FrameEEEENS_9allocatorIS8_EEE3endB7v180000Ev  can_device_impl.o
    0x08007d72   0x08007d72   0x00000002   PAD
    0x08007d74   0x08007d74   0x00000016   Code   RO         1172    .text._ZNSt3__26vectorINS_8functionIFvRKN3HAL3CAN5FrameEEEENS_9allocatorIS8_EEE5beginB7v180000Ev  can_device_impl.o
    0x08007d8a   0x08007d8a   0x00000002   PAD
    0x08007d8c   0x08007d8c   0x00000012   Code   RO         1208    .text._ZNSt3__26vectorINS_8functionIFvRKN3HAL3CAN5FrameEEEENS_9allocatorIS8_EEE7__allocB7v180000Ev  can_device_impl.o
    0x08007d9e   0x08007d9e   0x00000002   PAD
    0x08007da0   0x08007da0   0x00000012   Code   RO         1202    .text._ZNSt3__26vectorINS_8functionIFvRKN3HAL3CAN5FrameEEEENS_9allocatorIS8_EEE7__clearB7v180000Ev  can_device_impl.o
    0x08007db2   0x08007db2   0x00000002   PAD
    0x08007db4   0x08007db4   0x00000012   Code   RO         1256    .text._ZNSt3__26vectorINS_8functionIFvRKN3HAL3CAN5FrameEEEENS_9allocatorIS8_EEE9__end_capB7v180000Ev  can_device_impl.o
    0x08007dc6   0x08007dc6   0x00000002   PAD
    0x08007dc8   0x08007dc8   0x00000038   Code   RO         1170    .text._ZNSt3__26vectorINS_8functionIFvRKN3HAL3CAN5FrameEEEENS_9allocatorIS8_EEE9push_backB7v180000ERKS8_  can_device_impl.o
    0x08007e00   0x08007e00   0x00000024   Code   RO         1166    .text._ZNSt3__26vectorINS_8functionIFvRKN3HAL3CAN5FrameEEEENS_9allocatorIS8_EEEC2B7v180000Ev  can_device_impl.o
    0x08007e24   0x08007e24   0x0000001e   Code   RO         1196    .text._ZNSt3__26vectorINS_8functionIFvRKN3HAL3CAN5FrameEEEENS_9allocatorIS8_EEED2B7v180000Ev  can_device_impl.o
    0x08007e42   0x08007e42   0x00000002   PAD
    0x08007e44   0x08007e44   0x00000014   Code   RO          831    .text._ZNSt3__28__invokeB7v180000IRZ10GimbalInitE3$_0JRKN3HAL3CAN5FrameEEEEDTclclsr3stdE7declvalIT_EEspclsr3stdE7declvalIT0_EEEEOS8_DpOS9_  gimbalinit.o
    0x08007e58   0x08007e58   0x00000014   Code   RO          853    .text._ZNSt3__28__invokeB7v180000IRZ10GimbalInitE3$_1JRKN3HAL3CAN5FrameEEEEDTclclsr3stdE7declvalIT_EEspclsr3stdE7declvalIT0_EEEEOS8_DpOS9_  gimbalinit.o
    0x08007e6c   0x08007e6c   0x00000018   Code   RO         1372    .text._ZNSt3__28functionIFvRKN3HAL3CAN5FrameEEEC2EOS7_  can_device_impl.o
    0x08007e84   0x08007e84   0x00000018   Code   RO         1274    .text._ZNSt3__28functionIFvRKN3HAL3CAN5FrameEEEC2ERKS7_  can_device_impl.o
    0x08007e9c   0x08007e9c   0x00000018   Code   RO          795    .text._ZNSt3__28functionIFvRKN3HAL3CAN5FrameEEEC2IZ10GimbalInitE3$_0vEET_  gimbalinit.o
    0x08007eb4   0x08007eb4   0x00000018   Code   RO          797    .text._ZNSt3__28functionIFvRKN3HAL3CAN5FrameEEEC2IZ10GimbalInitE3$_1vEET_  gimbalinit.o
    0x08007ecc   0x08007ecc   0x00000014   Code   RO          893    .text._ZNSt3__28functionIFvRKN3HAL3CAN5FrameEEED2Ev  gimbalinit.o
    0x08007ee0   0x08007ee0   0x0000001a   Code   RO         1226    .text._ZNSt3__29allocatorINS_8functionIFvRKN3HAL3CAN5FrameEEEEE10deallocateB7v180000EPS8_j  can_device_impl.o
    0x08007efa   0x08007efa   0x00000002   PAD
    0x08007efc   0x08007efc   0x00000012   Code   RO         1218    .text._ZNSt3__29allocatorINS_8functionIFvRKN3HAL3CAN5FrameEEEEE7destroyB7v180000EPS8_  can_device_impl.o
    0x08007f0e   0x08007f0e   0x00000002   PAD
    0x08007f10   0x08007f10   0x0000002e   Code   RO         1326    .text._ZNSt3__29allocatorINS_8functionIFvRKN3HAL3CAN5FrameEEEEE8allocateB7v180000Ej  can_device_impl.o
    0x08007f3e   0x08007f3e   0x00000002   PAD
    0x08007f40   0x08007f40   0x00000016   Code   RO         1272    .text._ZNSt3__29allocatorINS_8functionIFvRKN3HAL3CAN5FrameEEEEE9constructB7v180000IS8_JRKS8_EEEvPT_DpOT0_  can_device_impl.o
    0x08007f56   0x08007f56   0x00000002   PAD
    0x08007f58   0x08007f58   0x00000016   Code   RO         1370    .text._ZNSt3__29allocatorINS_8functionIFvRKN3HAL3CAN5FrameEEEEE9constructB7v180000IS8_JS8_EEEvPT_DpOT0_  can_device_impl.o
    0x08007f6e   0x08007f6e   0x00000002   PAD
    0x08007f70   0x08007f70   0x00000014   Code   RO         1250    .text._ZNSt3__29allocatorINS_8functionIFvRKN3HAL3CAN5FrameEEEEEC2B7v180000Ev  can_device_impl.o
    0x08007f84   0x08007f84   0x00000026   Code   RO         1192    .text._ZNSt3__2eqB7v180000IPNS_8functionIFvRKN3HAL3CAN5FrameEEEEEEbRKNS_11__wrap_iterIT_EESE_  can_device_impl.o
    0x08007faa   0x08007faa   0x00000002   PAD
    0x08007fac   0x08007fac   0x00000018   Code   RO         1176    .text._ZNSt3__2neB7v180000IPNS_8functionIFvRKN3HAL3CAN5FrameEEEEEEbRKNS_11__wrap_iterIT_EESE_  can_device_impl.o
    0x08007fc4   0x08007fc4   0x00000024   Code   RO         1354    .text._ZNSt3__2neB7v180000IPNS_8functionIFvRKN3HAL3CAN5FrameEEEES9_EEbRKNS_16reverse_iteratorIT_EERKNSA_IT0_EE  can_device_impl.o
    0x08007fe8   0x08007fe8   0x0000000c   Code   RO         1542    .text._ZSt15get_new_handlerv  libcppabi_w.l(cxa_handlers.cpp.o)
    0x08007ff4   0x08007ff4   0x0000000c   Code   RO         1328    .text._ZSt28__throw_bad_array_new_lengthB7v180000v  can_device_impl.o
    0x08008000   0x08008000   0x0000001a   Code   RO          833    .text._ZZ10GimbalInitENK3$_0clERKN3HAL3CAN5FrameE  gimbalinit.o
    0x0800801a   0x0800801a   0x00000002   PAD
    0x0800801c   0x0800801c   0x0000001a   Code   RO          855    .text._ZZ10GimbalInitENK3$_1clERKN3HAL3CAN5FrameE  gimbalinit.o
    0x08008036   0x08008036   0x00000004   Code   RO         1441    .text._ZdlPv        libcpp_w.l(new.cpp.o)
    0x0800803a   0x0800803a   0x00000002   PAD
    0x0800803c   0x0800803c   0x00000026   Code   RO         1433    .text._Znwj         libcpp_w.l(new.cpp.o)
    0x08008062   0x08008062   0x00000002   PAD
    0x08008064   0x08008064   0x00000030   Code   RO          492    .text.__NVIC_EnableIRQ  stm32f4xx_hal_cortex.o
    0x08008094   0x08008094   0x00000010   Code   RO          484    .text.__NVIC_GetPriorityGrouping  stm32f4xx_hal_cortex.o
    0x080080a4   0x080080a4   0x00000042   Code   RO          486    .text.__NVIC_SetPriority  stm32f4xx_hal_cortex.o
    0x080080e6   0x080080e6   0x00000002   PAD
    0x080080e8   0x080080e8   0x0000003c   Code   RO          480    .text.__NVIC_SetPriorityGrouping  stm32f4xx_hal_cortex.o
    0x08008124   0x08008124   0x00000028   Code   RO         1488    .text.__cxa_pure_virtual  libcppabi_w.l(cxa_virtual.cpp.o)
    0x0800814c   0x0800814c   0x00000010   Code   RO          791    .text.__cxx_global_var_init  gimbalinit.o
    0x0800815c   0x0800815c   0x00000010   Code   RO         1075    .text.__cxx_global_var_init  vofa.o
    0x0800816c   0x0800816c   0x00000004   Code   RO         1526    .text.abort_message  libcppabi_w.l(abort_message.cpp.o)
    0x08008170   0x08008170   0x0000003a   Code   RO           11    .text.main          main.o
    0x080081aa   0x080081aa   0x0000002c   Code   RO         1479    .text.unlikely.__cxa_guard_acquire  libcppabi_w.l(cxa_guard.cpp.o)
    0x080081d6   0x080081d6   0x00000008   Code   RO         1481    .text.unlikely.__cxa_guard_release  libcppabi_w.l(cxa_guard.cpp.o)
    0x080081de   0x080081de   0x00000002   PAD
    0x080081e0   0x080081e0   0x00000018   Code   RO         1572    i.__0vfprintf       mc_w.l(printfa.o)
    0x080081f8   0x080081f8   0x000000a0   Code   RO         1608    i.__aligned_malloc  mc_w.l(malloca.o)
    0x08008298   0x08008298   0x00000050   Code   RO         1609    i.__free$memalign   mc_w.l(malloca.o)
    0x080082e8   0x080082e8   0x00000006   Code   RO         1610    i.__malloc$memalign  mc_w.l(malloca.o)
    0x080082ee   0x080082ee   0x0000000e   Code   RO         1684    i.__scatterload_copy  mc_w.l(handlers.o)
    0x080082fc   0x080082fc   0x00000002   Code   RO         1685    i.__scatterload_null  mc_w.l(handlers.o)
    0x080082fe   0x080082fe   0x0000000e   Code   RO         1686    i.__scatterload_zeroinit  mc_w.l(handlers.o)
    0x0800830c   0x0800830c   0x00000184   Code   RO         1576    i._fp_digits        mc_w.l(printfa.o)
    0x08008490   0x08008490   0x000006dc   Code   RO         1577    i._printf_core      mc_w.l(printfa.o)
    0x08008b6c   0x08008b6c   0x00000024   Code   RO         1578    i._printf_post_padding  mc_w.l(printfa.o)
    0x08008b90   0x08008b90   0x0000002e   Code   RO         1579    i._printf_pre_padding  mc_w.l(printfa.o)
    0x08008bbe   0x08008bbe   0x00000012   Code   RO         1650    i.fputc             mc_w.l(fputc.o)
    0x08008bd0   0x08008bd0   0x00000010   Data   RO          782    .rodata.AHBPrescTable  system_stm32f4xx.o
    0x08008be0   0x08008be0   0x00000008   Data   RO          783    .rodata.APBPrescTable  system_stm32f4xx.o
    0x08008be8   0x08008be8   0x00000008   Data   RO          410    .rodata.DMA_CalcBaseAndBitshift.flagBitshiftOffset  stm32f4xx_hal_dma.o
    0x08008bf0   0x08008bf0   0x00000014   Data   RO         1039    .rodata._ZTVN3BSP5MOTOR2DM11DMMotorBaseILh1EEE  gimbalinit.o
    0x08008c04   0x08008c04   0x00000014   Data   RO         1036    .rodata._ZTVN3BSP5MOTOR2DM11DMMotorBaseILh2EEE  gimbalinit.o
    0x08008c18   0x08008c18   0x00000014   Data   RO         1035    .rodata._ZTVN3BSP5MOTOR2DM6DM4310E  gimbalinit.o
    0x08008c2c   0x08008c2c   0x00000014   Data   RO         1038    .rodata._ZTVN3BSP5MOTOR2DM6DM4340E  gimbalinit.o
    0x08008c40   0x08008c40   0x00000014   Data   RO         1040    .rodata._ZTVN3BSP5MOTOR9MotorBaseILh1EEE  gimbalinit.o
    0x08008c54   0x08008c54   0x00000014   Data   RO         1037    .rodata._ZTVN3BSP5MOTOR9MotorBaseILh2EEE  gimbalinit.o
    0x08008c68   0x08008c68   0x0000002c   Data   RO         1398    .rodata._ZTVN3HAL3CAN10ICanDeviceE  can_device_impl.o
    0x08008c94   0x08008c94   0x00000018   Data   RO         1414    .rodata._ZTVN3HAL3CAN6CanBusE  can_bus_impl.o
    0x08008cac   0x08008cac   0x00000018   Data   RO         1431    .rodata._ZTVN3HAL3CAN7ICanBusE  can_bus_impl.o
    0x08008cc4   0x08008cc4   0x0000002c   Data   RO         1156    .rodata._ZTVN3HAL3CAN9CanDeviceE  can_device_impl.o
    0x08008cf0   0x08008cf0   0x00000010   Data   RO         1041    .rodata._ZZNSt3__210__function8__policy14__create_emptyB7v180000EvE8__policy  gimbalinit.o
    0x08008d00   0x08008d00   0x00000010   Data   RO          871    .rodata._ZZNSt3__210__function8__policy15__choose_policyB7v180000INS0_20__default_alloc_funcIZ10GimbalInitE3$_0FvRKN3HAL3CAN5FrameEEEEEEPKS1_NS_17integral_constantIbLb1EEEE8__policy  gimbalinit.o
    0x08008d10   0x08008d10   0x00000010   Data   RO          872    .rodata._ZZNSt3__210__function8__policy15__choose_policyB7v180000INS0_20__default_alloc_funcIZ10GimbalInitE3$_1FvRKN3HAL3CAN5FrameEEEEEEPKS1_NS_17integral_constantIbLb1EEEE8__policy  gimbalinit.o
    0x08008d20   0x08008d20   0x00000035   Data   RO          870    .rodata.str1.1      gimbalinit.o
    0x08008d55   0x08008d55   0x00000081   Data   RO         1157    .rodata.str1.1      can_device_impl.o
    0x08008dd6   0x08008dd6   0x00000093   Data   RO         1485    .rodata.str1.1      libcppabi_w.l(cxa_guard.cpp.o)
    0x08008e69   0x08008e69   0x00000003   PAD
    0x08008e6c   0x08008e6c   0x00000020   Data   RO         1683    Region$$Table       anon$$obj.o
    0x08008e8c   0x08008e8c   0x00000004   Data   RO          874    .init_array         gimbalinit.o
    0x08008e90   0x08008e8c   0x00000004   Data   RO         1088    .init_array         vofa.o
    0x08008e94   0x08008e8c   0x00000000   Data   RO         1505    .init_array         mc_w.l(cpp_init.o)


    Execution Region RW_IRAM1 (Exec base: 0x20000000, Load base: 0x08008e98, Size: 0x00000d10, Max: 0x0001c000, ABSOLUTE, COMPRESSED[0x00000058])

    Exec Addr    Load Addr    Size         Type   Attr      Idx    E Section Name        Object

    0x20000000   COMPRESSED   0x00000004   Data   RW         1559    .data               mc_w.l(stderr.o)
    0x20000004   COMPRESSED   0x00000004   Data   RW         1666    .data               mc_w.l(mvars.o)
    0x20000008   COMPRESSED   0x00000004   Data   RW         1667    .data               mc_w.l(mvars.o)
    0x2000000c   COMPRESSED   0x00000004   Data   RW         1669    .data               mc_w.l(cpp_dtor.o)
    0x20000010   COMPRESSED   0x0000009c   Data   RW         1069    .data.Controller_Data  variable.o
    0x200000ac   COMPRESSED   0x0000009c   Data   RW         1068    .data.Joint_Data    variable.o
    0x20000148   COMPRESSED   0x00000004   Data   RW          781    .data.SystemCoreClock  system_stm32f4xx.o
    0x2000014c   COMPRESSED   0x00000001   Data   RW          610    .data.uwTickFreq    stm32f4xx_hal.o
    0x2000014d   COMPRESSED   0x00000003   PAD
    0x20000150   COMPRESSED   0x00000004   Data   RW          609    .data.uwTickPrio    stm32f4xx_hal.o
    0x20000154   COMPRESSED   0x00000004   PAD
    0x20000158        -       0x00000004   Zero   RW           43    .bss.HAL_RCC_CAN1_CLK_ENABLED  can.o
    0x2000015c        -       0x00000004   Zero   RW          865    .bss._ZGVZ10GimbalInitE6dm4310  gimbalinit.o
    0x20000160        -       0x00000004   Zero   RW          867    .bss._ZGVZ10GimbalInitE6dm4340  gimbalinit.o
    0x20000164        -       0x00000004   Zero   RW         1048    .bss._ZGVZ33HAL_CAN_RxFifo0MsgPendingCallbackE4can1  cancallback.o
    0x20000168        -       0x00000004   Zero   RW         1413    .bss._ZGVZN3HAL3CAN6CanBus8instanceEvE8instance  can_bus_impl.o
    0x2000016c        -       0x0000009c   Zero   RW          869    .bss._ZL13joint_manager  gimbalinit.o
    0x20000208        -       0x000001c8   Zero   RW          863    .bss._ZL17gimbal_controller  gimbalinit.o
    0x200003d0        -       0x0000001d   Zero   RW         1087    .bss._ZN3APP4VofaE  vofa.o
    0x200003ed   COMPRESSED   0x00000003   PAD
    0x200003f0        -       0x00000004   Zero   RW          862    .bss._ZN3BSP5MOTOR2DM11dm4340_foldE  gimbalinit.o
    0x200003f4        -       0x00000004   Zero   RW          861    .bss._ZN3BSP5MOTOR2DM16dm4310_yaw_pitchE  gimbalinit.o
    0x200003f8        -       0x000000a8   Zero   RW          864    .bss._ZZ10GimbalInitE6dm4310  gimbalinit.o
    0x200004a0        -       0x00000070   Zero   RW          866    .bss._ZZ10GimbalInitE6dm4340  gimbalinit.o
    0x20000510        -       0x00000001   Zero   RW          868    .bss._ZZ12GimbalUpdateE12vofa_counter  gimbalinit.o
    0x20000511   COMPRESSED   0x00000003   PAD
    0x20000514        -       0x00000004   Zero   RW         1047    .bss._ZZ33HAL_CAN_RxFifo0MsgPendingCallbackE4can1  cancallback.o
    0x20000518        -       0x00000050   Zero   RW         1412    .bss._ZZN3HAL3CAN6CanBus8instanceEvE8instance  can_bus_impl.o
    0x20000568        -       0x00000004   Zero   RW         1646    .bss.__cxa_new_handler  libcppabi_w.l(cxa_default_handlers.cpp.o)
    0x2000056c        -       0x00000028   Zero   RW           41    .bss.hcan1          can.o
    0x20000594        -       0x00000028   Zero   RW           42    .bss.hcan2          can.o
    0x200005bc        -       0x00000060   Zero   RW           69    .bss.hdma_usart6_rx  usart.o
    0x2000061c        -       0x00000060   Zero   RW           70    .bss.hdma_usart6_tx  usart.o
    0x2000067c        -       0x00000048   Zero   RW           67    .bss.huart3         usart.o
    0x200006c4        -       0x00000048   Zero   RW           68    .bss.huart6         usart.o
    0x2000070c        -       0x00000004   Zero   RW          611    .bss.uwTick         stm32f4xx_hal.o
    0x20000710        -       0x00000200   Zero   RW            2    HEAP                startup_stm32f407xx.o
    0x20000910        -       0x00000400   Zero   RW            1    STACK               startup_stm32f407xx.o


    Execution Region RW_IRAM2 (Exec base: 0x2001c000, Load base: 0x08008ef0, Size: 0x00000000, Max: 0x00004000, ABSOLUTE)

    **** No section assigned to this execution region ****


==============================================================================

Image component sizes


      Code (inc. data)   RO Data    RW Data    ZI Data      Debug   Object Name

       580          0          0          0         84       6433   can.o
         8          0          0          0          0      25744   can_bus.o
       660          0         48          0         84      39654   can_bus_impl.o
      4124          0        217          0          0      90729   can_device_impl.o
       166          0          0          0          8      27580   cancallback.o
        80          0          0          0          0       3284   dma.o
      9082         76        225          0        909      66171   gimbalinit.o
       210          0          0          0          0       1577   gpio.o
       252          0          0          0          0       2782   main.o
       740          8          0          0          0      15151   pid.o
        36          8        392          0       1536        836   startup_stm32f407xx.o
       108          0          0          0          0       2436   state_watch.o
       270          0          0          5          4       7104   stm32f4xx_hal.o
      3422          0          0          0          0      11544   stm32f4xx_hal_can.o
       482          0          0          0          0       9715   stm32f4xx_hal_cortex.o
      2080          8          8          0          0       8493   stm32f4xx_hal_dma.o
       950          0          0          0          0       5089   stm32f4xx_hal_gpio.o
        74          0          0          0          0       1470   stm32f4xx_hal_msp.o
      2646          0          0          0          0       7593   stm32f4xx_hal_rcc.o
      3098          0          0          0          0      20424   stm32f4xx_hal_uart.o
       162          0          0          0          0       1784   stm32f4xx_it.o
        18          0         24          4          0       2500   system_stm32f4xx.o
       178          0          0          0          0       3565   uartcallback.o
       620          0          0          0        336       7220   usart.o
         0          0          0        312          0       2464   variable.o
       196          0          4          0         29       5716   vofa.o

    ----------------------------------------------------------------------
     30584        100        950        324       3000     377058   Object Totals
         0          0         32          0          0          0   (incl. Generated)
       342          0          0          3         10          0   (incl. Padding)

    ----------------------------------------------------------------------

      Code (inc. data)   RO Data    RW Data    ZI Data      Debug   Library Member Name

        42          0          0          0          0        364   new.cpp.o
        30          0          0          0          0         40   verbose_abort.cpp.o
         4          0          0          0          0         36   abort_message.cpp.o
         0          0          0          0          4          0   cxa_default_handlers.cpp.o
        52          0        147          0          0         76   cxa_guard.cpp.o
        12          0          0          0          0        132   cxa_handlers.cpp.o
        40         32          0          0          0         52   cxa_virtual.cpp.o
        86          0          0          0          0          0   __dczerorl2.o
        46          0          0          0          0         84   aeabi_atexit.o
         8          4          0          4          0         68   cpp_dtor.o
         2          0          0          0          0         68   cpp_final.o
        40          8          0          0          0         80   cpp_init.o
        10          0          0          0          0         68   cxa_atexit.o
        66          0          0          0          0         84   cxa_finalize.o
         0          0          0          0          0          0   entry.o
         0          0          0          0          0          0   entry10a.o
         4          0          0          0          0          0   entry10b.o
         0          0          0          0          0          0   entry11a.o
         8          4          0          0          0          0   entry2.o
         4          0          0          0          0          0   entry5.o
         0          0          0          0          0          0   entry7b.o
         4          0          0          0          0          0   entry8a.o
         0          0          0          0          0          0   entry8b.o
         8          4          0          0          0          0   entry9a.o
        18          0          0          0          0         80   fputc.o
        30          0          0          0          0          0   handlers.o
        48         10          0          0          0         68   init.o
         0          0          0          0          0          0   iusefp.o
         0          0          0          0          0          0   iusesemip.o
        30          0          0          0          0         68   llshl.o
        36          0          0          0          0         68   llsshr.o
        32          0          0          0          0         68   llushr.o
       246         22          0          0          0        232   malloca.o
        36          0          0          0          0         68   memcpya.o
        36          0          0          0          0        108   memseta.o
         0          0          0          8          0          0   mvars.o
      2250         84          0          0          0        448   printfa.o
         0          0          0          0          0          0   semi.o
         0          0          0          4          0          0   stderr.o
        44          0          0          0          0         80   uidiv.o
        98          0          0          0          0         92   uldiv.o
        48          0          0          0          0         68   cdrcmple.o
        56          0          0          0          0         88   d2f.o
       334          0          0          0          0        148   dadd.o
        56          0          0          0          0         80   dcmpeq.o
        54          0          0          0          0         80   dcmpge.o
        54          0          0          0          0         80   dcmple.o
       222          0          0          0          0        100   ddiv.o
       186          0          0          0          0        176   depilogue.o
        48          0          0          0          0         68   dfixul.o
       228          0          0          0          0         96   dmul.o
        38          0          0          0          0         68   f2d.o
       110          0          0          0          0        168   fepilogue.o

    ----------------------------------------------------------------------
      4816        168        150         16          4       3752   Library Totals
        12          0          3          0          0          0   (incl. Padding)

    ----------------------------------------------------------------------

      Code (inc. data)   RO Data    RW Data    ZI Data      Debug   Library Name

        72          0          0          0          0        404   libcpp_w.l
       108         32        147          0          4        296   libcppabi_w.l
      3190        136          0         16          0       1832   mc_w.l
      1434          0          0          0          0       1220   mf_w.l

    ----------------------------------------------------------------------
      4816        168        150         16          4       3752   Library Totals

    ----------------------------------------------------------------------

==============================================================================


      Code (inc. data)   RO Data    RW Data    ZI Data      Debug   

     35400        268       1100        340       3004     378954   Grand Totals
     35400        268       1100         88       3004     378954   ELF Image Totals (compressed)
     35400        268       1100         88          0          0   ROM Totals

==============================================================================

    Total RO  Size (Code + RO Data)                36500 (  35.64kB)
    Total RW  Size (RW Data + ZI Data)              3344 (   3.27kB)
    Total ROM Size (Code + RO Data + RW Data)      36588 (  35.73kB)

==============================================================================

