*** Using Compiler 'V6.21', folder: 'C:\Keil_v5\ARM\ARMCLANG\Bin'
*** Warning: You are compiling one or more files of source type C++ and have selected 'use MicroLIB'. MicroLIB does not support C++!
  
Build target 'Transforming_Swerve_King_Gimbal'
compiling gpio.c...
compiling stm32f4xx_hal_rcc_ex.c...
compiling stm32f4xx_hal_msp.c...
compiling dma.c...
compiling usart.c...
compiling can.c...
compiling stm32f4xx_it.c...
compiling stm32f4xx_hal_rcc.c...
compiling main.c...
compiling stm32f4xx_hal_flash.c...
compiling stm32f4xx_hal_flash_ramfunc.c...
compiling stm32f4xx_hal_timebase_tim.c...
compiling stm32f4xx_hal_flash_ex.c...
compiling stm32f4xx_hal_can.c...
compiling freertos.c...
compiling stm32f4xx_hal_gpio.c...
compiling stm32f4xx_hal_dma_ex.c...
compiling stm32f4xx_hal_dma.c...
compiling stm32f4xx_hal_pwr.c...
compiling stm32f4xx_hal_pwr_ex.c...
compiling stm32f4xx_hal_cortex.c...
compiling stm32f4xx_hal.c...
compiling stm32f4xx_hal_exti.c...
compiling system_stm32f4xx.c...
compiling stm32f4xx_hal_pcd_ex.c...
compiling stm32f4xx_hal_pcd.c...
compiling stm32f4xx_hal_tim_ex.c...
compiling stm32f4xx_ll_usb.c...
compiling stm32f4xx_hal_uart.c...
compiling stm32f4xx_hal_tim.c...
compiling Variable.cpp...
compiling Vofa.cpp...
compiling state_watch.cpp...
compiling ChassisModeManager.cpp...
compiling usbd_desc.c...
compiling usbd_cdc_if.c...
compiling usb_device.c...
compiling usbd_conf.c...
compiling DR16.cpp...
compiling VisionComm.cpp...
compiling UartCallback.cpp...
compiling croutine.c...
compiling list.c...
compiling event_groups.c...
compiling queue.c...
compiling stream_buffer.c...
compiling HI12H3_IMU.cpp...
compiling timers.c...
compiling PID.cpp...
compiling tasks.c...
compiling heap_4.c...
compiling port.c...
compiling cmsis_os2.c...
compiling usbd_core.c...
compiling usbd_ioreq.c...
compiling usbd_ctlreq.c...
compiling usbd_cdc.c...
